#
# There is insufficient memory for the Java Runtime Environment to continue.
# Native memory allocation (malloc) failed to allocate 171616 bytes for Chunk::new
# Possible reasons:
#   The system is out of physical RAM or swap space
#   The process is running with CompressedOops enabled, and the Java Heap may be blocking the growth of the native heap
# Possible solutions:
#   Reduce memory load on the system
#   Increase physical memory or swap space
#   Check if swap backing store is full
#   Decrease Java heap size (-Xmx/-Xms)
#   Decrease number of Java threads
#   Decrease Java thread stack sizes (-Xss)
#   Set larger code cache with -XX:ReservedCodeCacheSize=
#   JVM is running with Unscaled Compressed Oops mode in which the Java heap is
#     placed in the first 4GB address space. The Java Heap base address is the
#     maximum limit for the native heap growth. Please use -XX:HeapBaseMinAddress
#     to set the Java Heap base and to place the Java Heap above 4GB virtual address.
# This output file may be truncated or incomplete.
#
#  Out of Memory Error (arena.cpp:191), pid=18132, tid=1424
#
# JRE version: OpenJDK Runtime Environment JBR-17.0.9+7-1087.9-jcef (17.0.9+7) (build 17.0.9+7-b1087.9)
# Java VM: OpenJDK 64-Bit Server VM JBR-17.0.9+7-1087.9-jcef (17.0.9+7-b1087.9, mixed mode, tiered, compressed oops, compressed class ptrs, g1 gc, windows-amd64)
# No core dump will be written. Minidumps are not enabled by default on client versions of Windows
#

---------------  S U M M A R Y ------------

Command Line: -Djava.rmi.server.hostname=127.0.0.1 -Duser.timezone=UTC -Xmx1024m -Xms128m -Djdbc.classpath=D:\atest\IntelliJ IDEA 2023.3.2\plugins\DatabaseTools\lib\jdbc-console.jar;C:\Users\mihai\AppData\Roaming\JetBrains\IntelliJIdea2023.3\jdbc-drivers\MongoDB\1.18\mongo-jdbc-standalone-1.18.jar --add-exports=java.desktop/sun.awt=ALL-UNNAMED --add-exports=java.desktop/java.awt.peer=ALL-UNNAMED --add-opens=java.desktop/java.awt=ALL-UNNAMED --add-opens=jdk.unsupported/sun.misc=ALL-UNNAMED --add-opens=java.base/java.nio=ALL-UNNAMED --add-opens=java.base/java.util=ALL-UNNAMED -Dfile.encoding=UTF-8 com.intellij.database.remote.RemoteJdbcServer com.dbschema.MongoJdbcDriver

Host: AMD Ryzen 7 3700U with Radeon Vega Mobile Gfx  , 8 cores, 14G,  Windows 11 , 64 bit Build 22621 (10.0.22621.3374)
Time: Sun Apr 14 16:34:17 2024 RTZ 2 (s 11 , 64 bit Build 22621 (10.0.22621.3374) elapsed time: 3.175062 seconds (0d 0h 0m 3s)

---------------  T H R E A D  ---------------

Current thread (0x000001828603ad40):  JavaThread "C2 CompilerThread0" daemon [_thread_in_native, id=1424, stack(0x000000316c300000,0x000000316c400000)]


Current CompileTask:
C2:   3175 2088       4       sun.security.provider.SHA2::implCompress0 (490 bytes)

Stack: [0x000000316c300000,0x000000316c400000]
Native frames: (J=compiled Java code, j=interpreted, Vv=VM code, C=native code)
V  [jvm.dll+0x688349]
V  [jvm.dll+0x841bfa]
V  [jvm.dll+0x84383e]
V  [jvm.dll+0x843ea3]
V  [jvm.dll+0x24bdef]
V  [jvm.dll+0xac44c]
V  [jvm.dll+0xaca9c]
V  [jvm.dll+0x36be77]
V  [jvm.dll+0x33619a]
V  [jvm.dll+0x33563a]
V  [jvm.dll+0x21da61]
V  [jvm.dll+0x21ce81]
V  [jvm.dll+0x1a66dd]
V  [jvm.dll+0x22cd28]
V  [jvm.dll+0x22ae60]
V  [jvm.dll+0x7f6087]
V  [jvm.dll+0x7f043a]
V  [jvm.dll+0x6871c5]
C  [ucrtbase.dll+0x29333]
C  [KERNEL32.DLL+0x1257d]
C  [ntdll.dll+0x5aa48]


---------------  P R O C E S S  ---------------

Threads class SMR info:
_java_thread_list=0x0000018287631660, length=31, elements={
0x00000182ea16dce0, 0x00000182ffc464c0, 0x00000182860104a0, 0x00000182ffc6bf60,
0x00000182ffc8cff0, 0x00000182ffc8e060, 0x000001828601c700, 0x000001828603ad40,
0x000001828603cd70, 0x00000182860416a0, 0x00000182861d58d0, 0x00000182861d4eb0,
0x00000182861d53c0, 0x00000182861d4490, 0x00000182867db650, 0x00000182861d5de0,
0x00000182861d6d10, 0x00000182861d62f0, 0x00000182861d6800, 0x00000182861d7220,
0x00000182861d7730, 0x00000182861d3f80, 0x00000182861d49a0, 0x0000018286b78e70,
0x0000018286b7e480, 0x0000018286b7c620, 0x0000018286b7d550, 0x0000018286b79380,
0x0000018286b7e990, 0x0000018286b79da0, 0x000001828727ba20
}

Java Threads: ( => current thread )
  0x00000182ea16dce0 JavaThread "main" [_thread_blocked, id=21144, stack(0x000000316b600000,0x000000316b700000)]
  0x00000182ffc464c0 JavaThread "Reference Handler" daemon [_thread_blocked, id=18904, stack(0x000000316bd00000,0x000000316be00000)]
  0x00000182860104a0 JavaThread "Finalizer" daemon [_thread_blocked, id=20752, stack(0x000000316be00000,0x000000316bf00000)]
  0x00000182ffc6bf60 JavaThread "Signal Dispatcher" daemon [_thread_blocked, id=21252, stack(0x000000316bf00000,0x000000316c000000)]
  0x00000182ffc8cff0 JavaThread "Attach Listener" daemon [_thread_blocked, id=6456, stack(0x000000316c000000,0x000000316c100000)]
  0x00000182ffc8e060 JavaThread "Service Thread" daemon [_thread_blocked, id=6960, stack(0x000000316c100000,0x000000316c200000)]
  0x000001828601c700 JavaThread "Monitor Deflation Thread" daemon [_thread_blocked, id=12940, stack(0x000000316c200000,0x000000316c300000)]
=>0x000001828603ad40 JavaThread "C2 CompilerThread0" daemon [_thread_in_native, id=1424, stack(0x000000316c300000,0x000000316c400000)]
  0x000001828603cd70 JavaThread "C1 CompilerThread0" daemon [_thread_blocked, id=21736, stack(0x000000316c400000,0x000000316c500000)]
  0x00000182860416a0 JavaThread "Sweeper thread" daemon [_thread_blocked, id=1744, stack(0x000000316c500000,0x000000316c600000)]
  0x00000182861d58d0 JavaThread "Common-Cleaner" daemon [_thread_blocked, id=23208, stack(0x000000316c600000,0x000000316c700000)]
  0x00000182861d4eb0 JavaThread "Notification Thread" daemon [_thread_blocked, id=16292, stack(0x000000316c700000,0x000000316c800000)]
  0x00000182861d53c0 JavaThread "MongoShell ExecutorService" daemon [_thread_blocked, id=6840, stack(0x000000316c900000,0x000000316ca00000)]
  0x00000182861d4490 JavaThread "MongoShell ExecutorService" daemon [_thread_blocked, id=22284, stack(0x000000316ca00000,0x000000316cb00000)]
  0x00000182867db650 JavaThread "C2 CompilerThread1" daemon [_thread_in_native, id=7760, stack(0x000000316d100000,0x000000316d200000)]
  0x00000182861d5de0 JavaThread "RMI TCP Accept-23897" daemon [_thread_in_native, id=21400, stack(0x000000316d200000,0x000000316d300000)]
  0x00000182861d6d10 JavaThread "RMI TCP Accept-0" daemon [_thread_in_native, id=10952, stack(0x000000316d300000,0x000000316d400000)]
  0x00000182861d62f0 JavaThread "RMI Reaper" [_thread_blocked, id=19944, stack(0x000000316d400000,0x000000316d500000)]
  0x00000182861d6800 JavaThread "RMI GC Daemon" daemon [_thread_blocked, id=12812, stack(0x000000316d500000,0x000000316d600000)]
  0x00000182861d7220 JavaThread "RMI TCP Connection(1)-127.0.0.1" daemon [_thread_in_native, id=22660, stack(0x000000316d600000,0x000000316d700000)]
  0x00000182861d7730 JavaThread "RMI TCP Connection(2)-127.0.0.1" daemon [_thread_in_native, id=15004, stack(0x000000316d700000,0x000000316d800000)]
  0x00000182861d3f80 JavaThread "RMI Scheduler(0)" daemon [_thread_blocked, id=17432, stack(0x000000316d800000,0x000000316d900000)]
  0x00000182861d49a0 JavaThread "RMI TCP Connection(3)-127.0.0.1" daemon [_thread_in_native, id=16148, stack(0x000000316d900000,0x000000316da00000)]
  0x0000018286b78e70 JavaThread "RMI TCP Connection(4)-127.0.0.1" daemon [_thread_in_vm, id=7764, stack(0x000000316da00000,0x000000316db00000)]
  0x0000018286b7e480 JavaThread "RMI RenewClean-[127.0.0.1:49984]" daemon [_thread_blocked, id=10500, stack(0x000000316db00000,0x000000316dc00000)]
  0x0000018286b7c620 JavaThread "MongoShell ExecutorService" daemon [_thread_in_vm, id=10492, stack(0x000000316de00000,0x000000316df00000)]
  0x0000018286b7d550 JavaThread "BufferPoolPruner-1-thread-1" daemon [_thread_blocked, id=20360, stack(0x000000316df00000,0x000000316e000000)]
  0x0000018286b79380 JavaThread "cluster-ClusterId{value='661bdb58df93fb3ed2b092bb', description='DataGrip'}-localhost:27019" daemon [_thread_in_native, id=5252, stack(0x000000316e000000,0x000000316e100000)]
  0x0000018286b7e990 JavaThread "cluster-rtt-ClusterId{value='661bdb58df93fb3ed2b092bb', description='DataGrip'}-localhost:27019" daemon [_thread_blocked, id=15616, stack(0x000000316e100000,0x000000316e200000)]
  0x0000018286b79da0 JavaThread "MaintenanceTimer-2-thread-1" daemon [_thread_blocked, id=10332, stack(0x000000316e300000,0x000000316e400000)]
  0x000001828727ba20 JavaThread "C2 CompilerThread2" daemon [_thread_in_native, id=9392, stack(0x000000316e400000,0x000000316e500000)]

Other Threads:
  0x00000182ffc437d0 VMThread "VM Thread" [stack: 0x000000316bc00000,0x000000316bd00000] [id=21492]
  0x00000182861cba80 WatcherThread [stack: 0x000000316c800000,0x000000316c900000] [id=23540]
  0x00000182ea1aa7f0 GCTaskThread "GC Thread#0" [stack: 0x000000316b700000,0x000000316b800000] [id=16160]
  0x000001828676eb40 GCTaskThread "GC Thread#1" [stack: 0x000000316cb00000,0x000000316cc00000] [id=13380]
  0x000001828678d7a0 GCTaskThread "GC Thread#2" [stack: 0x000000316cc00000,0x000000316cd00000] [id=18928]
  0x00000182867f4860 GCTaskThread "GC Thread#3" [stack: 0x000000316cd00000,0x000000316ce00000] [id=10788]
  0x00000182867f5330 GCTaskThread "GC Thread#4" [stack: 0x000000316ce00000,0x000000316cf00000] [id=22692]
  0x000001828680ff70 GCTaskThread "GC Thread#5" [stack: 0x000000316cf00000,0x000000316d000000] [id=17260]
  0x0000018286812240 GCTaskThread "GC Thread#6" [stack: 0x000000316d000000,0x000000316d100000] [id=22672]
  0x00000182871a7de0 GCTaskThread "GC Thread#7" [stack: 0x000000316dc00000,0x000000316dd00000] [id=4984]
  0x00000182ea1b3650 ConcurrentGCThread "G1 Main Marker" [stack: 0x000000316b800000,0x000000316b900000] [id=22252]
  0x00000182ea1b4720 ConcurrentGCThread "G1 Conc#0" [stack: 0x000000316b900000,0x000000316ba00000] [id=17440]
  0x0000018286bbca70 ConcurrentGCThread "G1 Conc#1" [stack: 0x000000316dd00000,0x000000316de00000] [id=18116]
  0x00000182ea21e470 ConcurrentGCThread "G1 Refine#0" [stack: 0x000000316ba00000,0x000000316bb00000] [id=12772]
  0x00000182ffab40c0 ConcurrentGCThread "G1 Service" [stack: 0x000000316bb00000,0x000000316bc00000] [id=8128]

Threads with active compile tasks:
C2 CompilerThread0     3215 2088       4       sun.security.provider.SHA2::implCompress0 (490 bytes)
C2 CompilerThread1     3215 2149       4       java.security.MessageDigest::digest (49 bytes)
C2 CompilerThread2     3215 2146   !   4       sun.security.provider.DigestBase::engineDigest (39 bytes)

VM state: not at safepoint (normal execution)

VM Mutex/Monitor currently owned by a thread:  ([mutex/lock_event])
[0x00000182ea168e80] Metaspace_lock - owner thread: 0x0000018286b7c620
[0x00000182ea169ae0] MultiArray_lock - owner thread: 0x0000018286b7c620
[0x00000182ea169b70] Compile_lock - owner thread: 0x000001828727ba20
[0x00000182ea16a3e0] MethodCompileQueue_lock - owner thread: 0x000001828727ba20

Heap address: 0x00000000c0000000, size: 1024 MB, Compressed Oops mode: 32-bit

CDS archive(s) not mapped
Compressed class space mapped at: 0x0000000100000000-0x0000000140000000, reserved size: 1073741824
Narrow klass base: 0x0000000000000000, Narrow klass shift: 3, Narrow klass range: 0x140000000

GC Precious Log:
 CPUs: 8 total, 8 available
 Memory: 15295M
 Large Page Support: Disabled
 NUMA Support: Disabled
 Compressed Oops: Enabled (32-bit)
 Heap Region Size: 1M
 Heap Min Capacity: 128M
 Heap Initial Capacity: 128M
 Heap Max Capacity: 1G
 Pre-touch: Disabled
 Parallel Workers: 8
 Concurrent Workers: 2
 Concurrent Refinement Workers: 8
 Periodic GC: Disabled

Heap:
 garbage-first heap   total 131072K, used 43954K [0x00000000c0000000, 0x0000000100000000)
  region size 1024K, 36 young (36864K), 2 survivors (2048K)
 Metaspace       used 32034K, committed 32320K, reserved 1114112K
  class space    used 3477K, committed 3584K, reserved 1048576K

Heap Regions: E=young(eden), S=young(survivor), O=old, HS=humongous(starts), HC=humongous(continues), CS=collection set, F=free, OA=open archive, CA=closed archive, TAMS=top-at-mark-start (previous, next)
|   0|0x00000000c0000000, 0x00000000c0100000, 0x00000000c0100000|100%|HS|  |TAMS 0x00000000c0100000, 0x00000000c0000000| Complete 
|   1|0x00000000c0100000, 0x00000000c0200000, 0x00000000c0200000|100%|HC|  |TAMS 0x00000000c0200000, 0x00000000c0100000| Complete 
|   2|0x00000000c0200000, 0x00000000c0300000, 0x00000000c0300000|100%|HC|  |TAMS 0x00000000c0300000, 0x00000000c0200000| Complete 
|   3|0x00000000c0300000, 0x00000000c0400000, 0x00000000c0400000|100%|HS|  |TAMS 0x00000000c0400000, 0x00000000c0300000| Complete 
|   4|0x00000000c0400000, 0x00000000c0500000, 0x00000000c0500000|100%|HC|  |TAMS 0x00000000c0500000, 0x00000000c0400000| Complete 
|   5|0x00000000c0500000, 0x00000000c0600000, 0x00000000c0600000|100%| O|  |TAMS 0x00000000c05a7200, 0x00000000c0500000| Untracked 
|   6|0x00000000c0600000, 0x00000000c0700000, 0x00000000c0700000|100%| O|  |TAMS 0x00000000c0600000, 0x00000000c0600000| Untracked 
|   7|0x00000000c0700000, 0x00000000c0800000, 0x00000000c0800000|100%| O|  |TAMS 0x00000000c0700000, 0x00000000c0700000| Untracked 
|   8|0x00000000c0800000, 0x00000000c08ad800, 0x00000000c0900000| 67%| O|  |TAMS 0x00000000c0800000, 0x00000000c0800000| Untracked 
|   9|0x00000000c0900000, 0x00000000c0900000, 0x00000000c0a00000|  0%| F|  |TAMS 0x00000000c0900000, 0x00000000c0900000| Untracked 
|  10|0x00000000c0a00000, 0x00000000c0a00000, 0x00000000c0b00000|  0%| F|  |TAMS 0x00000000c0a00000, 0x00000000c0a00000| Untracked 
|  11|0x00000000c0b00000, 0x00000000c0b00000, 0x00000000c0c00000|  0%| F|  |TAMS 0x00000000c0b00000, 0x00000000c0b00000| Untracked 
|  12|0x00000000c0c00000, 0x00000000c0c00000, 0x00000000c0d00000|  0%| F|  |TAMS 0x00000000c0c00000, 0x00000000c0c00000| Untracked 
|  13|0x00000000c0d00000, 0x00000000c0d00000, 0x00000000c0e00000|  0%| F|  |TAMS 0x00000000c0d00000, 0x00000000c0d00000| Untracked 
|  14|0x00000000c0e00000, 0x00000000c0e00000, 0x00000000c0f00000|  0%| F|  |TAMS 0x00000000c0e00000, 0x00000000c0e00000| Untracked 
|  15|0x00000000c0f00000, 0x00000000c0f00000, 0x00000000c1000000|  0%| F|  |TAMS 0x00000000c0f00000, 0x00000000c0f00000| Untracked 
|  16|0x00000000c1000000, 0x00000000c1000000, 0x00000000c1100000|  0%| F|  |TAMS 0x00000000c1000000, 0x00000000c1000000| Untracked 
|  17|0x00000000c1100000, 0x00000000c1100000, 0x00000000c1200000|  0%| F|  |TAMS 0x00000000c1100000, 0x00000000c1100000| Untracked 
|  18|0x00000000c1200000, 0x00000000c1200000, 0x00000000c1300000|  0%| F|  |TAMS 0x00000000c1200000, 0x00000000c1200000| Untracked 
|  19|0x00000000c1300000, 0x00000000c1300000, 0x00000000c1400000|  0%| F|  |TAMS 0x00000000c1300000, 0x00000000c1300000| Untracked 
|  20|0x00000000c1400000, 0x00000000c1400000, 0x00000000c1500000|  0%| F|  |TAMS 0x00000000c1400000, 0x00000000c1400000| Untracked 
|  21|0x00000000c1500000, 0x00000000c1500000, 0x00000000c1600000|  0%| F|  |TAMS 0x00000000c1500000, 0x00000000c1500000| Untracked 
|  22|0x00000000c1600000, 0x00000000c1600000, 0x00000000c1700000|  0%| F|  |TAMS 0x00000000c1600000, 0x00000000c1600000| Untracked 
|  23|0x00000000c1700000, 0x00000000c1700000, 0x00000000c1800000|  0%| F|  |TAMS 0x00000000c1700000, 0x00000000c1700000| Untracked 
|  24|0x00000000c1800000, 0x00000000c1800000, 0x00000000c1900000|  0%| F|  |TAMS 0x00000000c1800000, 0x00000000c1800000| Untracked 
|  25|0x00000000c1900000, 0x00000000c1900000, 0x00000000c1a00000|  0%| F|  |TAMS 0x00000000c1900000, 0x00000000c1900000| Untracked 
|  26|0x00000000c1a00000, 0x00000000c1a00000, 0x00000000c1b00000|  0%| F|  |TAMS 0x00000000c1a00000, 0x00000000c1a00000| Untracked 
|  27|0x00000000c1b00000, 0x00000000c1b00000, 0x00000000c1c00000|  0%| F|  |TAMS 0x00000000c1b00000, 0x00000000c1b00000| Untracked 
|  28|0x00000000c1c00000, 0x00000000c1c00000, 0x00000000c1d00000|  0%| F|  |TAMS 0x00000000c1c00000, 0x00000000c1c00000| Untracked 
|  29|0x00000000c1d00000, 0x00000000c1d00000, 0x00000000c1e00000|  0%| F|  |TAMS 0x00000000c1d00000, 0x00000000c1d00000| Untracked 
|  30|0x00000000c1e00000, 0x00000000c1e00000, 0x00000000c1f00000|  0%| F|  |TAMS 0x00000000c1e00000, 0x00000000c1e00000| Untracked 
|  31|0x00000000c1f00000, 0x00000000c1f00000, 0x00000000c2000000|  0%| F|  |TAMS 0x00000000c1f00000, 0x00000000c1f00000| Untracked 
|  32|0x00000000c2000000, 0x00000000c2000000, 0x00000000c2100000|  0%| F|  |TAMS 0x00000000c2000000, 0x00000000c2000000| Untracked 
|  33|0x00000000c2100000, 0x00000000c2100000, 0x00000000c2200000|  0%| F|  |TAMS 0x00000000c2100000, 0x00000000c2100000| Untracked 
|  34|0x00000000c2200000, 0x00000000c2200000, 0x00000000c2300000|  0%| F|  |TAMS 0x00000000c2200000, 0x00000000c2200000| Untracked 
|  35|0x00000000c2300000, 0x00000000c2300000, 0x00000000c2400000|  0%| F|  |TAMS 0x00000000c2300000, 0x00000000c2300000| Untracked 
|  36|0x00000000c2400000, 0x00000000c2400000, 0x00000000c2500000|  0%| F|  |TAMS 0x00000000c2400000, 0x00000000c2400000| Untracked 
|  37|0x00000000c2500000, 0x00000000c2500000, 0x00000000c2600000|  0%| F|  |TAMS 0x00000000c2500000, 0x00000000c2500000| Untracked 
|  38|0x00000000c2600000, 0x00000000c2600000, 0x00000000c2700000|  0%| F|  |TAMS 0x00000000c2600000, 0x00000000c2600000| Untracked 
|  39|0x00000000c2700000, 0x00000000c2700000, 0x00000000c2800000|  0%| F|  |TAMS 0x00000000c2700000, 0x00000000c2700000| Untracked 
|  40|0x00000000c2800000, 0x00000000c2800000, 0x00000000c2900000|  0%| F|  |TAMS 0x00000000c2800000, 0x00000000c2800000| Untracked 
|  41|0x00000000c2900000, 0x00000000c2900000, 0x00000000c2a00000|  0%| F|  |TAMS 0x00000000c2900000, 0x00000000c2900000| Untracked 
|  42|0x00000000c2a00000, 0x00000000c2a00000, 0x00000000c2b00000|  0%| F|  |TAMS 0x00000000c2a00000, 0x00000000c2a00000| Untracked 
|  43|0x00000000c2b00000, 0x00000000c2b00000, 0x00000000c2c00000|  0%| F|  |TAMS 0x00000000c2b00000, 0x00000000c2b00000| Untracked 
|  44|0x00000000c2c00000, 0x00000000c2c00000, 0x00000000c2d00000|  0%| F|  |TAMS 0x00000000c2c00000, 0x00000000c2c00000| Untracked 
|  45|0x00000000c2d00000, 0x00000000c2d00000, 0x00000000c2e00000|  0%| F|  |TAMS 0x00000000c2d00000, 0x00000000c2d00000| Untracked 
|  46|0x00000000c2e00000, 0x00000000c2e00000, 0x00000000c2f00000|  0%| F|  |TAMS 0x00000000c2e00000, 0x00000000c2e00000| Untracked 
|  47|0x00000000c2f00000, 0x00000000c2f00000, 0x00000000c3000000|  0%| F|  |TAMS 0x00000000c2f00000, 0x00000000c2f00000| Untracked 
|  48|0x00000000c3000000, 0x00000000c3000000, 0x00000000c3100000|  0%| F|  |TAMS 0x00000000c3000000, 0x00000000c3000000| Untracked 
|  49|0x00000000c3100000, 0x00000000c3100000, 0x00000000c3200000|  0%| F|  |TAMS 0x00000000c3100000, 0x00000000c3100000| Untracked 
|  50|0x00000000c3200000, 0x00000000c3200000, 0x00000000c3300000|  0%| F|  |TAMS 0x00000000c3200000, 0x00000000c3200000| Untracked 
|  51|0x00000000c3300000, 0x00000000c3300000, 0x00000000c3400000|  0%| F|  |TAMS 0x00000000c3300000, 0x00000000c3300000| Untracked 
|  52|0x00000000c3400000, 0x00000000c3400000, 0x00000000c3500000|  0%| F|  |TAMS 0x00000000c3400000, 0x00000000c3400000| Untracked 
|  53|0x00000000c3500000, 0x00000000c3500000, 0x00000000c3600000|  0%| F|  |TAMS 0x00000000c3500000, 0x00000000c3500000| Untracked 
|  54|0x00000000c3600000, 0x00000000c3600000, 0x00000000c3700000|  0%| F|  |TAMS 0x00000000c3600000, 0x00000000c3600000| Untracked 
|  55|0x00000000c3700000, 0x00000000c3700000, 0x00000000c3800000|  0%| F|  |TAMS 0x00000000c3700000, 0x00000000c3700000| Untracked 
|  56|0x00000000c3800000, 0x00000000c3800000, 0x00000000c3900000|  0%| F|  |TAMS 0x00000000c3800000, 0x00000000c3800000| Untracked 
|  57|0x00000000c3900000, 0x00000000c3900000, 0x00000000c3a00000|  0%| F|  |TAMS 0x00000000c3900000, 0x00000000c3900000| Untracked 
|  58|0x00000000c3a00000, 0x00000000c3a00000, 0x00000000c3b00000|  0%| F|  |TAMS 0x00000000c3a00000, 0x00000000c3a00000| Untracked 
|  59|0x00000000c3b00000, 0x00000000c3b00000, 0x00000000c3c00000|  0%| F|  |TAMS 0x00000000c3b00000, 0x00000000c3b00000| Untracked 
|  60|0x00000000c3c00000, 0x00000000c3c00000, 0x00000000c3d00000|  0%| F|  |TAMS 0x00000000c3c00000, 0x00000000c3c00000| Untracked 
|  61|0x00000000c3d00000, 0x00000000c3d00000, 0x00000000c3e00000|  0%| F|  |TAMS 0x00000000c3d00000, 0x00000000c3d00000| Untracked 
|  62|0x00000000c3e00000, 0x00000000c3e00000, 0x00000000c3f00000|  0%| F|  |TAMS 0x00000000c3e00000, 0x00000000c3e00000| Untracked 
|  63|0x00000000c3f00000, 0x00000000c3f00000, 0x00000000c4000000|  0%| F|  |TAMS 0x00000000c3f00000, 0x00000000c3f00000| Untracked 
|  64|0x00000000c4000000, 0x00000000c4000000, 0x00000000c4100000|  0%| F|  |TAMS 0x00000000c4000000, 0x00000000c4000000| Untracked 
|  65|0x00000000c4100000, 0x00000000c4100000, 0x00000000c4200000|  0%| F|  |TAMS 0x00000000c4100000, 0x00000000c4100000| Untracked 
|  66|0x00000000c4200000, 0x00000000c4200000, 0x00000000c4300000|  0%| F|  |TAMS 0x00000000c4200000, 0x00000000c4200000| Untracked 
|  67|0x00000000c4300000, 0x00000000c4300000, 0x00000000c4400000|  0%| F|  |TAMS 0x00000000c4300000, 0x00000000c4300000| Untracked 
|  68|0x00000000c4400000, 0x00000000c4400000, 0x00000000c4500000|  0%| F|  |TAMS 0x00000000c4400000, 0x00000000c4400000| Untracked 
|  69|0x00000000c4500000, 0x00000000c4500000, 0x00000000c4600000|  0%| F|  |TAMS 0x00000000c4500000, 0x00000000c4500000| Untracked 
|  70|0x00000000c4600000, 0x00000000c4600000, 0x00000000c4700000|  0%| F|  |TAMS 0x00000000c4600000, 0x00000000c4600000| Untracked 
|  71|0x00000000c4700000, 0x00000000c4700000, 0x00000000c4800000|  0%| F|  |TAMS 0x00000000c4700000, 0x00000000c4700000| Untracked 
|  72|0x00000000c4800000, 0x00000000c4800000, 0x00000000c4900000|  0%| F|  |TAMS 0x00000000c4800000, 0x00000000c4800000| Untracked 
|  73|0x00000000c4900000, 0x00000000c4900000, 0x00000000c4a00000|  0%| F|  |TAMS 0x00000000c4900000, 0x00000000c4900000| Untracked 
|  74|0x00000000c4a00000, 0x00000000c4a00000, 0x00000000c4b00000|  0%| F|  |TAMS 0x00000000c4a00000, 0x00000000c4a00000| Untracked 
|  75|0x00000000c4b00000, 0x00000000c4b00000, 0x00000000c4c00000|  0%| F|  |TAMS 0x00000000c4b00000, 0x00000000c4b00000| Untracked 
|  76|0x00000000c4c00000, 0x00000000c4c00000, 0x00000000c4d00000|  0%| F|  |TAMS 0x00000000c4c00000, 0x00000000c4c00000| Untracked 
|  77|0x00000000c4d00000, 0x00000000c4d00000, 0x00000000c4e00000|  0%| F|  |TAMS 0x00000000c4d00000, 0x00000000c4d00000| Untracked 
|  78|0x00000000c4e00000, 0x00000000c4e00000, 0x00000000c4f00000|  0%| F|  |TAMS 0x00000000c4e00000, 0x00000000c4e00000| Untracked 
|  79|0x00000000c4f00000, 0x00000000c4f00000, 0x00000000c5000000|  0%| F|  |TAMS 0x00000000c4f00000, 0x00000000c4f00000| Untracked 
|  80|0x00000000c5000000, 0x00000000c5000000, 0x00000000c5100000|  0%| F|  |TAMS 0x00000000c5000000, 0x00000000c5000000| Untracked 
|  81|0x00000000c5100000, 0x00000000c5100000, 0x00000000c5200000|  0%| F|  |TAMS 0x00000000c5100000, 0x00000000c5100000| Untracked 
|  82|0x00000000c5200000, 0x00000000c5200000, 0x00000000c5300000|  0%| F|  |TAMS 0x00000000c5200000, 0x00000000c5200000| Untracked 
|  83|0x00000000c5300000, 0x00000000c5300000, 0x00000000c5400000|  0%| F|  |TAMS 0x00000000c5300000, 0x00000000c5300000| Untracked 
|  84|0x00000000c5400000, 0x00000000c5400000, 0x00000000c5500000|  0%| F|  |TAMS 0x00000000c5400000, 0x00000000c5400000| Untracked 
|  85|0x00000000c5500000, 0x00000000c5500000, 0x00000000c5600000|  0%| F|  |TAMS 0x00000000c5500000, 0x00000000c5500000| Untracked 
|  86|0x00000000c5600000, 0x00000000c5600000, 0x00000000c5700000|  0%| F|  |TAMS 0x00000000c5600000, 0x00000000c5600000| Untracked 
|  87|0x00000000c5700000, 0x00000000c5700000, 0x00000000c5800000|  0%| F|  |TAMS 0x00000000c5700000, 0x00000000c5700000| Untracked 
|  88|0x00000000c5800000, 0x00000000c5800000, 0x00000000c5900000|  0%| F|  |TAMS 0x00000000c5800000, 0x00000000c5800000| Untracked 
|  89|0x00000000c5900000, 0x00000000c5900000, 0x00000000c5a00000|  0%| F|  |TAMS 0x00000000c5900000, 0x00000000c5900000| Untracked 
|  90|0x00000000c5a00000, 0x00000000c5a00000, 0x00000000c5b00000|  0%| F|  |TAMS 0x00000000c5a00000, 0x00000000c5a00000| Untracked 
|  91|0x00000000c5b00000, 0x00000000c5b00000, 0x00000000c5c00000|  0%| F|  |TAMS 0x00000000c5b00000, 0x00000000c5b00000| Untracked 
|  92|0x00000000c5c00000, 0x00000000c5c9f040, 0x00000000c5d00000| 62%| E|  |TAMS 0x00000000c5c00000, 0x00000000c5c00000| Complete 
|  93|0x00000000c5d00000, 0x00000000c5e00000, 0x00000000c5e00000|100%| E|CS|TAMS 0x00000000c5d00000, 0x00000000c5d00000| Complete 
|  94|0x00000000c5e00000, 0x00000000c5f00000, 0x00000000c5f00000|100%| E|CS|TAMS 0x00000000c5e00000, 0x00000000c5e00000| Complete 
|  95|0x00000000c5f00000, 0x00000000c6000000, 0x00000000c6000000|100%| E|CS|TAMS 0x00000000c5f00000, 0x00000000c5f00000| Complete 
|  96|0x00000000c6000000, 0x00000000c6100000, 0x00000000c6100000|100%| E|CS|TAMS 0x00000000c6000000, 0x00000000c6000000| Complete 
|  97|0x00000000c6100000, 0x00000000c6200000, 0x00000000c6200000|100%| E|CS|TAMS 0x00000000c6100000, 0x00000000c6100000| Complete 
|  98|0x00000000c6200000, 0x00000000c6300000, 0x00000000c6300000|100%| E|CS|TAMS 0x00000000c6200000, 0x00000000c6200000| Complete 
|  99|0x00000000c6300000, 0x00000000c6400000, 0x00000000c6400000|100%| E|CS|TAMS 0x00000000c6300000, 0x00000000c6300000| Complete 
| 100|0x00000000c6400000, 0x00000000c6500000, 0x00000000c6500000|100%| E|CS|TAMS 0x00000000c6400000, 0x00000000c6400000| Complete 
| 101|0x00000000c6500000, 0x00000000c6600000, 0x00000000c6600000|100%| E|CS|TAMS 0x00000000c6500000, 0x00000000c6500000| Complete 
| 102|0x00000000c6600000, 0x00000000c6700000, 0x00000000c6700000|100%| E|CS|TAMS 0x00000000c6600000, 0x00000000c6600000| Complete 
| 103|0x00000000c6700000, 0x00000000c6800000, 0x00000000c6800000|100%| E|CS|TAMS 0x00000000c6700000, 0x00000000c6700000| Complete 
| 104|0x00000000c6800000, 0x00000000c6900000, 0x00000000c6900000|100%| E|CS|TAMS 0x00000000c6800000, 0x00000000c6800000| Complete 
| 105|0x00000000c6900000, 0x00000000c6a00000, 0x00000000c6a00000|100%| E|CS|TAMS 0x00000000c6900000, 0x00000000c6900000| Complete 
| 106|0x00000000c6a00000, 0x00000000c6b00000, 0x00000000c6b00000|100%| E|CS|TAMS 0x00000000c6a00000, 0x00000000c6a00000| Complete 
| 107|0x00000000c6b00000, 0x00000000c6c00000, 0x00000000c6c00000|100%| E|CS|TAMS 0x00000000c6b00000, 0x00000000c6b00000| Complete 
| 108|0x00000000c6c00000, 0x00000000c6d00000, 0x00000000c6d00000|100%| E|CS|TAMS 0x00000000c6c00000, 0x00000000c6c00000| Complete 
| 109|0x00000000c6d00000, 0x00000000c6e00000, 0x00000000c6e00000|100%| E|CS|TAMS 0x00000000c6d00000, 0x00000000c6d00000| Complete 
| 110|0x00000000c6e00000, 0x00000000c6f00000, 0x00000000c6f00000|100%| E|CS|TAMS 0x00000000c6e00000, 0x00000000c6e00000| Complete 
| 111|0x00000000c6f00000, 0x00000000c7000000, 0x00000000c7000000|100%| E|CS|TAMS 0x00000000c6f00000, 0x00000000c6f00000| Complete 
| 112|0x00000000c7000000, 0x00000000c7100000, 0x00000000c7100000|100%| E|CS|TAMS 0x00000000c7000000, 0x00000000c7000000| Complete 
| 113|0x00000000c7100000, 0x00000000c7200000, 0x00000000c7200000|100%| E|CS|TAMS 0x00000000c7100000, 0x00000000c7100000| Complete 
| 114|0x00000000c7200000, 0x00000000c7300000, 0x00000000c7300000|100%| E|CS|TAMS 0x00000000c7200000, 0x00000000c7200000| Complete 
| 115|0x00000000c7300000, 0x00000000c733f198, 0x00000000c7400000| 24%| S|CS|TAMS 0x00000000c7300000, 0x00000000c7300000| Complete 
| 116|0x00000000c7400000, 0x00000000c7500000, 0x00000000c7500000|100%| S|CS|TAMS 0x00000000c7400000, 0x00000000c7400000| Complete 
| 117|0x00000000c7500000, 0x00000000c7600000, 0x00000000c7600000|100%| E|CS|TAMS 0x00000000c7500000, 0x00000000c7500000| Complete 
| 118|0x00000000c7600000, 0x00000000c7700000, 0x00000000c7700000|100%| E|CS|TAMS 0x00000000c7600000, 0x00000000c7600000| Complete 
| 119|0x00000000c7700000, 0x00000000c7800000, 0x00000000c7800000|100%| E|CS|TAMS 0x00000000c7700000, 0x00000000c7700000| Complete 
| 120|0x00000000c7800000, 0x00000000c7900000, 0x00000000c7900000|100%| E|CS|TAMS 0x00000000c7800000, 0x00000000c7800000| Complete 
| 121|0x00000000c7900000, 0x00000000c7a00000, 0x00000000c7a00000|100%| E|CS|TAMS 0x00000000c7900000, 0x00000000c7900000| Complete 
| 122|0x00000000c7a00000, 0x00000000c7b00000, 0x00000000c7b00000|100%| E|CS|TAMS 0x00000000c7a00000, 0x00000000c7a00000| Complete 
| 123|0x00000000c7b00000, 0x00000000c7c00000, 0x00000000c7c00000|100%| E|CS|TAMS 0x00000000c7b00000, 0x00000000c7b00000| Complete 
| 124|0x00000000c7c00000, 0x00000000c7d00000, 0x00000000c7d00000|100%| E|CS|TAMS 0x00000000c7c00000, 0x00000000c7c00000| Complete 
| 125|0x00000000c7d00000, 0x00000000c7e00000, 0x00000000c7e00000|100%| E|CS|TAMS 0x00000000c7d00000, 0x00000000c7d00000| Complete 
| 126|0x00000000c7e00000, 0x00000000c7f00000, 0x00000000c7f00000|100%| E|CS|TAMS 0x00000000c7e00000, 0x00000000c7e00000| Complete 
| 127|0x00000000c7f00000, 0x00000000c8000000, 0x00000000c8000000|100%| E|CS|TAMS 0x00000000c7f00000, 0x00000000c7f00000| Complete 

Card table byte_map: [0x00000182fce10000,0x00000182fd010000] _byte_map_base: 0x00000182fc810000

Marking Bits (Prev, Next): (CMBitMap*) 0x00000182ea1aad60, (CMBitMap*) 0x00000182ea1aad20
 Prev Bits: [0x00000182fe210000, 0x00000182ff210000)
 Next Bits: [0x00000182fd210000, 0x00000182fe210000)

Polling page: 0x00000182e80c0000

Metaspace:

Usage:
  Non-class:     27.89 MB used.
      Class:      3.40 MB used.
       Both:     31.28 MB used.

Virtual space:
  Non-class space:       64.00 MB reserved,      28.06 MB ( 44%) committed,  1 nodes.
      Class space:        1.00 GB reserved,       3.50 MB ( <1%) committed,  1 nodes.
             Both:        1.06 GB reserved,      31.56 MB (  3%) committed. 

Chunk freelists:
   Non-Class:  3.30 MB
       Class:  12.48 MB
        Both:  15.78 MB

MaxMetaspaceSize: unlimited
CompressedClassSpaceSize: 1.00 GB
Initial GC threshold: 21.00 MB
Current GC threshold: 35.31 MB
CDS: off
MetaspaceReclaimPolicy: balanced
 - commit_granule_bytes: 65536.
 - commit_granule_words: 8192.
 - virtual_space_node_default_size: 8388608.
 - enlarge_chunks_in_place: 1.
 - new_chunks_are_fully_committed: 0.
 - uncommit_free_chunks: 1.
 - use_allocation_guard: 0.
 - handle_deallocations: 1.


Internal statistics:

num_allocs_failed_limit: 3.
num_arena_births: 328.
num_arena_deaths: 0.
num_vsnodes_births: 2.
num_vsnodes_deaths: 0.
num_space_committed: 505.
num_space_uncommitted: 0.
num_chunks_returned_to_freelist: 3.
num_chunks_taken_from_freelist: 1204.
num_chunk_merges: 0.
num_chunk_splits: 768.
num_chunks_enlarged: 496.
num_inconsistent_stats: 0.

CodeHeap 'non-profiled nmethods': size=120000Kb used=715Kb max_used=715Kb free=119284Kb
 bounds [0x00000182f53b0000, 0x00000182f5620000, 0x00000182fc8e0000]
CodeHeap 'profiled nmethods': size=120000Kb used=3588Kb max_used=3588Kb free=116411Kb
 bounds [0x00000182ed8e0000, 0x00000182edc70000, 0x00000182f4e10000]
CodeHeap 'non-nmethods': size=5760Kb used=1307Kb max_used=1331Kb free=4452Kb
 bounds [0x00000182f4e10000, 0x00000182f5080000, 0x00000182f53b0000]
 total_blobs=2778 nmethods=2144 adapters=546
 compilation: enabled
              stopped_count=0, restarted_count=0
 full_count=0

Compilation events (20 events):
Event: 3.162 Thread 0x000001828603cd70 nmethod 2131 0x00000182edc52810 code [0x00000182edc52ce0, 0x00000182edc55728]
Event: 3.162 Thread 0x000001828603cd70 2125       3       com.oracle.truffle.js.nodes.function.JSBuiltin::detectAccessor (28 bytes)
Event: 3.163 Thread 0x000001828603cd70 nmethod 2125 0x00000182edc56490 code [0x00000182edc566a0, 0x00000182edc56c18]
Event: 3.163 Thread 0x000001828603cd70 2126       3       com.oracle.truffle.js.builtins.JSBuiltinsContainer::register (207 bytes)
Event: 3.165 Thread 0x000001828603cd70 nmethod 2126 0x00000182edc56e10 code [0x00000182edc57200, 0x00000182edc59388]
Event: 3.165 Thread 0x000001828603cd70 2133       3       com.oracle.truffle.js.runtime.builtins.JSFunctionData::create (31 bytes)
Event: 3.166 Thread 0x000001828603cd70 nmethod 2133 0x00000182edc59d10 code [0x00000182edc59ee0, 0x00000182edc5a248]
Event: 3.166 Thread 0x000001828603cd70 2134       3       com.oracle.truffle.js.runtime.builtins.JSFunctionData::setLazyInit (41 bytes)
Event: 3.166 Thread 0x000001828603cd70 nmethod 2134 0x00000182edc5a410 code [0x00000182edc5a5a0, 0x00000182edc5a718]
Event: 3.166 Thread 0x000001828603cd70 2127       3       com.oracle.truffle.js.builtins.JSBuiltinsContainer$SwitchEnum::loadBuiltin (112 bytes)
Event: 3.167 Thread 0x000001828603cd70 nmethod 2127 0x00000182edc5a790 code [0x00000182edc5a9e0, 0x00000182edc5b558]
Event: 3.167 Thread 0x000001828603cd70 2136       3       com.oracle.truffle.object.TransitionMap::getValue (13 bytes)
Event: 3.167 Thread 0x000001828603cd70 nmethod 2136 0x00000182edc5b890 code [0x00000182edc5ba40, 0x00000182edc5bc78]
Event: 3.167 Thread 0x000001828603cd70 2128       3       com.oracle.truffle.js.builtins.JSBuiltinsContainer$SwitchEnum::createBuiltin (129 bytes)
Event: 3.168 Thread 0x000001828603cd70 nmethod 2128 0x00000182edc5bd10 code [0x00000182edc5bfc0, 0x00000182edc5d228]
Event: 3.168 Thread 0x000001828603cd70 2129       3       com.oracle.truffle.js.runtime.builtins.BuiltinEnum::getName (22 bytes)
Event: 3.169 Thread 0x000001828603cd70 nmethod 2129 0x00000182edc5d690 code [0x00000182edc5d960, 0x00000182edc5e6d8]
Event: 3.171 Thread 0x000001828603cd70 2137       3       com.oracle.truffle.api.strings.TStringInternalNodes$CalcStringAttributesNode::getUncached (4 bytes)
Event: 3.172 Thread 0x000001828603cd70 nmethod 2137 0x00000182edc5ec10 code [0x00000182edc5eda0, 0x00000182edc5eef8]
Event: 3.172 Thread 0x000001828603cd70 2140       3       com.oracle.truffle.object.CoreLocations$DynamicObjectFieldLocation::set (17 bytes)

GC Heap History (4 events):
Event: 1.727 GC heap before
{Heap before GC invocations=0 (full 0):
 garbage-first heap   total 131072K, used 27648K [0x00000000c0000000, 0x0000000100000000)
  region size 1024K, 23 young (23552K), 0 survivors (0K)
 Metaspace       used 16905K, committed 17152K, reserved 1114112K
  class space    used 1600K, committed 1728K, reserved 1048576K
}
Event: 1.736 GC heap after
{Heap after GC invocations=1 (full 0):
 garbage-first heap   total 131072K, used 8860K [0x00000000c0000000, 0x0000000100000000)
  region size 1024K, 3 young (3072K), 3 survivors (3072K)
 Metaspace       used 16905K, committed 17152K, reserved 1114112K
  class space    used 1600K, committed 1728K, reserved 1048576K
}
Event: 2.035 GC heap before
{Heap before GC invocations=1 (full 0):
 garbage-first heap   total 131072K, used 19100K [0x00000000c0000000, 0x0000000100000000)
  region size 1024K, 14 young (14336K), 3 survivors (3072K)
 Metaspace       used 21306K, committed 21504K, reserved 1114112K
  class space    used 2071K, committed 2176K, reserved 1048576K
}
Event: 2.042 GC heap after
{Heap after GC invocations=2 (full 0):
 garbage-first heap   total 131072K, used 10162K [0x00000000c0000000, 0x0000000100000000)
  region size 1024K, 2 young (2048K), 2 survivors (2048K)
 Metaspace       used 21306K, committed 21504K, reserved 1114112K
  class space    used 2071K, committed 2176K, reserved 1048576K
}

Dll operation events (1 events):
Event: 0.017 Loaded shared library D:\atest\IntelliJ IDEA 2023.3.2\jbr\bin\java.dll

Deoptimization events (20 events):
Event: 3.165 Thread 0x0000018286b78e70 DEOPT PACKING pc=0x00000182edb9a696 sp=0x000000316dafca40
Event: 3.165 Thread 0x0000018286b78e70 DEOPT UNPACKING pc=0x00000182f4e67143 sp=0x000000316dafbe98 mode 0
Event: 3.166 Thread 0x0000018286b78e70 DEOPT PACKING pc=0x00000182edb9a696 sp=0x000000316dafcbf0
Event: 3.166 Thread 0x0000018286b78e70 DEOPT UNPACKING pc=0x00000182f4e67143 sp=0x000000316dafc048 mode 0
Event: 3.166 Thread 0x0000018286b78e70 DEOPT PACKING pc=0x00000182edb9a696 sp=0x000000316dafca60
Event: 3.166 Thread 0x0000018286b78e70 DEOPT UNPACKING pc=0x00000182f4e67143 sp=0x000000316dafbeb8 mode 0
Event: 3.167 Thread 0x0000018286b78e70 DEOPT PACKING pc=0x00000182edb9a696 sp=0x000000316dafca40
Event: 3.167 Thread 0x0000018286b78e70 DEOPT UNPACKING pc=0x00000182f4e67143 sp=0x000000316dafbe98 mode 0
Event: 3.168 Thread 0x0000018286b78e70 DEOPT PACKING pc=0x00000182edb9a696 sp=0x000000316dafcbf0
Event: 3.168 Thread 0x0000018286b78e70 DEOPT UNPACKING pc=0x00000182f4e67143 sp=0x000000316dafc048 mode 0
Event: 3.169 Thread 0x0000018286b78e70 DEOPT PACKING pc=0x00000182edb9a696 sp=0x000000316dafca60
Event: 3.169 Thread 0x0000018286b78e70 DEOPT UNPACKING pc=0x00000182f4e67143 sp=0x000000316dafbeb8 mode 0
Event: 3.170 Thread 0x0000018286b78e70 DEOPT PACKING pc=0x00000182edb9a696 sp=0x000000316dafca40
Event: 3.170 Thread 0x0000018286b78e70 DEOPT UNPACKING pc=0x00000182f4e67143 sp=0x000000316dafbe98 mode 0
Event: 3.170 Thread 0x0000018286b78e70 DEOPT PACKING pc=0x00000182edb9a696 sp=0x000000316dafcbf0
Event: 3.170 Thread 0x0000018286b78e70 DEOPT UNPACKING pc=0x00000182f4e67143 sp=0x000000316dafc048 mode 0
Event: 3.170 Thread 0x0000018286b78e70 DEOPT PACKING pc=0x00000182edb9a696 sp=0x000000316dafca60
Event: 3.170 Thread 0x0000018286b78e70 DEOPT UNPACKING pc=0x00000182f4e67143 sp=0x000000316dafbeb8 mode 0
Event: 3.172 Thread 0x0000018286b78e70 DEOPT PACKING pc=0x00000182edb9a696 sp=0x000000316dafca40
Event: 3.172 Thread 0x0000018286b78e70 DEOPT UNPACKING pc=0x00000182f4e67143 sp=0x000000316dafbe98 mode 0

Classes unloaded (0 events):
No events

Classes redefined (0 events):
No events

Internal exceptions (20 events):
Event: 2.176 Thread 0x0000018286b78e70 Exception <a 'java/lang/NoSuchMethodError'{0x00000000c7a2cb90}: 'java.lang.Object java.lang.invoke.DirectMethodHandle$Holder.invokeInterface(java.lang.Object, java.lang.Object)'> (0x00000000c7a2cb90) 
thrown [s\src\hotspot\share\interpreter\linkResolver.cpp, line 771]
Event: 2.231 Thread 0x00000182861d53c0 Exception <a 'java/lang/NoSuchMethodError'{0x00000000c7afb9c8}: 'java.lang.Object java.lang.invoke.DirectMethodHandle$Holder.invokeStaticInit(java.lang.Object, java.lang.Object, java.lang.Object)'> (0x00000000c7afb9c8) 
thrown [s\src\hotspot\share\interpreter\linkResolver.cpp, line 771]
Event: 2.238 Thread 0x0000018286b78e70 Exception <a 'java/lang/ClassNotFoundException'{0x00000000c79b0750}: sun/util/logging/resources/spi/loggingProvider> (0x00000000c79b0750) 
thrown [s\src\hotspot\share\classfile\systemDictionary.cpp, line 256]
Event: 2.463 Thread 0x0000018286b78e70 Exception <a 'java/lang/NoSuchMethodError'{0x00000000c700d100}: 'void java.lang.invoke.DirectMethodHandle$Holder.invokeStatic(java.lang.Object, int, java.lang.Object)'> (0x00000000c700d100) 
thrown [s\src\hotspot\share\interpreter\linkResolver.cpp, line 771]
Event: 2.636 Thread 0x0000018286b78e70 Exception <a 'java/lang/NoSuchMethodError'{0x00000000c6b28050}: 'java.lang.Object java.lang.invoke.DirectMethodHandle$Holder.invokeVirtual(java.lang.Object, java.lang.Object, java.lang.Object)'> (0x00000000c6b28050) 
thrown [s\src\hotspot\share\interpreter\linkResolver.cpp, line 771]
Event: 2.666 Thread 0x0000018286b78e70 Exception <a 'java/lang/NoSuchMethodError'{0x00000000c6a46160}: 'long java.lang.invoke.DirectMethodHandle$Holder.invokeStatic(java.lang.Object)'> (0x00000000c6a46160) 
thrown [s\src\hotspot\share\interpreter\linkResolver.cpp, line 771]
Event: 2.716 Thread 0x0000018286b7e990 Exception <a 'java/lang/reflect/InvocationTargetException'{0x00000000c6a205c0}> (0x00000000c6a205c0) 
thrown [s\src\hotspot\share\runtime\reflection.cpp, line 1127]
Event: 2.716 Thread 0x0000018286b79380 Exception <a 'java/lang/reflect/InvocationTargetException'{0x00000000c6b78a98}> (0x00000000c6b78a98) 
thrown [s\src\hotspot\share\runtime\reflection.cpp, line 1127]
Event: 2.744 Thread 0x0000018286b78e70 Implicit null exception at 0x00000182f5438074 to 0x00000182f5438784
Event: 2.804 Thread 0x0000018286b79380 Exception <a 'java/lang/NoSuchMethodError'{0x00000000c67d2d80}: 'void java.lang.invoke.DirectMethodHandle$Holder.invokeVirtual(java.lang.Object, java.lang.Object)'> (0x00000000c67d2d80) 
thrown [s\src\hotspot\share\interpreter\linkResolver.cpp, line 771]
Event: 2.828 Thread 0x0000018286b78e70 Exception <a 'java/lang/NoSuchMethodError'{0x00000000c665bf48}: 'java.lang.Object java.lang.invoke.DirectMethodHandle$Holder.newInvokeSpecial(java.lang.Object, java.lang.Object, java.lang.Object, java.lang.Object, java.lang.Object, java.lang.Object, java.lang.Object, java.lang.Object)'> (0x00000000c665bf48) 
thrown [s\src\hotspot\share\interpreter\linkResolver.cpp, line 771]
Event: 2.828 Thread 0x0000018286b78e70 Exception <a 'java/lang/NoSuchMethodError'{0x00000000c66612b8}: 'java.lang.Object java.lang.invoke.DirectMethodHandle$Holder.invokeSpecial(java.lang.Object, java.lang.Object, java.lang.Object, java.lang.Object, java.lang.Object, java.lang.Object, java.lang.Object, java.lang.Object, java.lang.Object)'> (0x00000000c66612b8) 
thrown [s\src\hotspot\share\interpreter\linkResolver.cpp, line 771]
Event: 2.829 Thread 0x0000018286b78e70 Exception <a 'java/lang/NoSuchMethodError'{0x00000000c6665f40}: 'java.lang.Object java.lang.invoke.Invokers$Holder.linkToTargetMethod(java.lang.Object, java.lang.Object, java.lang.Object, java.lang.Object, java.lang.Object, java.lang.Object, java.lang.Object, java.lang.Object)'> (0x00000000c6665f40) 
thrown [s\src\hotspot\share\interpreter\linkResolver.cpp, line 771]
Event: 2.840 Thread 0x0000018286b78e70 Exception <a 'java/lang/NoSuchMethodError'{0x00000000c66f4380}: 'java.lang.Object java.lang.invoke.DirectMethodHandle$Holder.newInvokeSpecial(java.lang.Object, java.lang.Object, java.lang.Object, java.lang.Object, java.lang.Object, java.lang.Object, java.lang.Object)'> (0x00000000c66f4380) 
thrown [s\src\hotspot\share\interpreter\linkResolver.cpp, line 771]
Event: 2.840 Thread 0x0000018286b78e70 Exception <a 'java/lang/NoSuchMethodError'{0x00000000c66f8c90}: 'java.lang.Object java.lang.invoke.Invokers$Holder.linkToTargetMethod(java.lang.Object, java.lang.Object, java.lang.Object, java.lang.Object, java.lang.Object, java.lang.Object, java.lang.Object)'> (0x00000000c66f8c90) 
thrown [s\src\hotspot\share\interpreter\linkResolver.cpp, line 771]
Event: 2.841 Thread 0x0000018286b78e70 Exception <a 'java/lang/NoSuchMethodError'{0x00000000c66fcd10}: 'java.lang.Object java.lang.invoke.DirectMethodHandle$Holder.invokeStatic(java.lang.Object, int, java.lang.Object, java.lang.Object)'> (0x00000000c66fcd10) 
thrown [s\src\hotspot\share\interpreter\linkResolver.cpp, line 771]
Event: 2.842 Thread 0x0000018286b78e70 Exception <a 'java/lang/NoSuchMethodError'{0x00000000c6504320}: 'java.lang.Object java.lang.invoke.DirectMethodHandle$Holder.newInvokeSpecial(java.lang.Object, int, java.lang.Object)'> (0x00000000c6504320) 
thrown [s\src\hotspot\share\interpreter\linkResolver.cpp, line 771]
Event: 2.848 Thread 0x0000018286b78e70 Exception <a 'java/lang/NoSuchMethodError'{0x00000000c651b708}: 'java.lang.Object java.lang.invoke.DirectMethodHandle$Holder.invokeInterface(java.lang.Object, java.lang.Object, java.lang.Object)'> (0x00000000c651b708) 
thrown [s\src\hotspot\share\interpreter\linkResolver.cpp, line 771]
Event: 2.870 Thread 0x0000018286b78e70 Exception <a 'java/lang/reflect/InvocationTargetException'{0x00000000c6490348}> (0x00000000c6490348) 
thrown [s\src\hotspot\share\runtime\reflection.cpp, line 1127]
Event: 3.076 Thread 0x0000018286b78e70 Exception <a 'sun/nio/fs/WindowsException'{0x00000000c5fd6aa8}> (0x00000000c5fd6aa8) 
thrown [s\src\hotspot\share\prims\jni.cpp, line 517]

VM Operations (20 events):
Event: 1.727 Executing VM operation: G1CollectForAllocation
Event: 1.736 Executing VM operation: G1CollectForAllocation done
Event: 2.035 Executing VM operation: CollectForMetadataAllocation
Event: 2.042 Executing VM operation: CollectForMetadataAllocation done
Event: 2.048 Executing VM operation: G1PauseRemark
Event: 2.051 Executing VM operation: G1PauseRemark done
Event: 2.054 Executing VM operation: G1PauseCleanup
Event: 2.055 Executing VM operation: G1PauseCleanup done
Event: 2.068 Executing VM operation: HandshakeAllThreads
Event: 2.068 Executing VM operation: HandshakeAllThreads done
Event: 2.744 Executing VM operation: HandshakeAllThreads
Event: 2.744 Executing VM operation: HandshakeAllThreads done
Event: 3.042 Executing VM operation: HandshakeAllThreads
Event: 3.043 Executing VM operation: HandshakeAllThreads done
Event: 3.079 Executing VM operation: HandshakeAllThreads
Event: 3.079 Executing VM operation: HandshakeAllThreads done
Event: 3.079 Executing VM operation: Cleanup
Event: 3.079 Executing VM operation: Cleanup done
Event: 3.087 Executing VM operation: HandshakeAllThreads
Event: 3.087 Executing VM operation: HandshakeAllThreads done

Events (20 events):
Event: 3.086 loading class java/net/URL$1 done
Event: 3.086 loading class java/net/spi/URLStreamHandlerProvider
Event: 3.086 loading class java/net/spi/URLStreamHandlerProvider done
Event: 3.087 loading class sun/net/www/protocol/http/Handler
Event: 3.087 loading class sun/net/www/protocol/http/Handler done
Event: 3.088 loading class javax/crypto/JceSecurity$IdentityWrapper
Event: 3.088 loading class javax/crypto/JceSecurity$IdentityWrapper done
Event: 3.088 loading class javax/crypto/JceSecurity$2
Event: 3.088 loading class javax/crypto/JceSecurity$2 done
Event: 3.088 loading class java/security/AllPermissionCollection
Event: 3.088 loading class java/security/AllPermissionCollection done
Event: 3.088 loading class javax/crypto/ProviderVerifier
Event: 3.088 loading class javax/crypto/ProviderVerifier done
Event: 3.089 loading class com/sun/crypto/provider/HmacCore$HmacSHA256
Event: 3.089 loading class com/sun/crypto/provider/HmacCore
Event: 3.089 loading class javax/crypto/MacSpi
Event: 3.089 loading class javax/crypto/MacSpi done
Event: 3.089 loading class com/sun/crypto/provider/HmacCore done
Event: 3.089 loading class com/sun/crypto/provider/HmacCore$HmacSHA256 done
Event: 3.140 Thread 0x000001828727ba20 Thread added: 0x000001828727ba20


Dynamic libraries:
0x00007ff6e5f20000 - 0x00007ff6e5f2a000 	D:\atest\IntelliJ IDEA 2023.3.2\jbr\bin\java.exe
0x00007ffc68290000 - 0x00007ffc684a6000 	C:\Windows\SYSTEM32\ntdll.dll
0x00007ffc670b0000 - 0x00007ffc67174000 	C:\Windows\System32\KERNEL32.DLL
0x00007ffc65780000 - 0x00007ffc65b27000 	C:\Windows\System32\KERNELBASE.dll
0x00007ffc65c80000 - 0x00007ffc65d91000 	C:\Windows\System32\ucrtbase.dll
0x00007ffbe9ba0000 - 0x00007ffbe9bb7000 	D:\atest\IntelliJ IDEA 2023.3.2\jbr\bin\jli.dll
0x00007ffc52d00000 - 0x00007ffc52d1b000 	D:\atest\IntelliJ IDEA 2023.3.2\jbr\bin\VCRUNTIME140.dll
0x00007ffc67180000 - 0x00007ffc6732e000 	C:\Windows\System32\USER32.dll
0x00007ffc65b30000 - 0x00007ffc65b56000 	C:\Windows\System32\win32u.dll
0x00007ffc51f60000 - 0x00007ffc521f3000 	C:\Windows\WinSxS\amd64_microsoft.windows.common-controls_6595b64144ccf1df_6.0.22621.3235_none_270f74e173860f98\COMCTL32.dll
0x00007ffc66490000 - 0x00007ffc664b9000 	C:\Windows\System32\GDI32.dll
0x00007ffc66e00000 - 0x00007ffc66ea7000 	C:\Windows\System32\msvcrt.dll
0x00007ffc65b60000 - 0x00007ffc65c79000 	C:\Windows\System32\gdi32full.dll
0x00007ffc656e0000 - 0x00007ffc6577a000 	C:\Windows\System32\msvcp_win.dll
0x00007ffc66ec0000 - 0x00007ffc66ef1000 	C:\Windows\System32\IMM32.DLL
0x00007ffc5d500000 - 0x00007ffc5d50c000 	D:\atest\IntelliJ IDEA 2023.3.2\jbr\bin\vcruntime140_1.dll
0x00007ffc4ade0000 - 0x00007ffc4ae6d000 	D:\atest\IntelliJ IDEA 2023.3.2\jbr\bin\msvcp140.dll
0x00007ffbe9bc0000 - 0x00007ffbea842000 	D:\atest\IntelliJ IDEA 2023.3.2\jbr\bin\server\jvm.dll
0x00007ffc66d20000 - 0x00007ffc66dd2000 	C:\Windows\System32\ADVAPI32.dll
0x00007ffc66fe0000 - 0x00007ffc67088000 	C:\Windows\System32\sechost.dll
0x00007ffc65f10000 - 0x00007ffc65f38000 	C:\Windows\System32\bcrypt.dll
0x00007ffc67600000 - 0x00007ffc67715000 	C:\Windows\System32\RPCRT4.dll
0x00007ffc65480000 - 0x00007ffc654cd000 	C:\Windows\SYSTEM32\POWRPROF.dll
0x00007ffc39fa0000 - 0x00007ffc39fa9000 	C:\Windows\SYSTEM32\WSOCK32.dll
0x00007ffc67850000 - 0x00007ffc678c1000 	C:\Windows\System32\WS2_32.dll
0x00007ffc5c000000 - 0x00007ffc5c034000 	C:\Windows\SYSTEM32\WINMM.dll
0x00007ffc59970000 - 0x00007ffc5997a000 	C:\Windows\SYSTEM32\VERSION.dll
0x00007ffc65460000 - 0x00007ffc65473000 	C:\Windows\SYSTEM32\UMPDC.dll
0x00007ffc645c0000 - 0x00007ffc645d8000 	C:\Windows\SYSTEM32\kernel.appcore.dll
0x00007ffc54e80000 - 0x00007ffc54e8a000 	D:\atest\IntelliJ IDEA 2023.3.2\jbr\bin\jimage.dll
0x00007ffc627e0000 - 0x00007ffc62a13000 	C:\Windows\SYSTEM32\DBGHELP.DLL
0x00007ffc678d0000 - 0x00007ffc67c58000 	C:\Windows\System32\combase.dll
0x00007ffc68170000 - 0x00007ffc68247000 	C:\Windows\System32\OLEAUT32.dll
0x00007ffc4a240000 - 0x00007ffc4a272000 	C:\Windows\SYSTEM32\dbgcore.DLL
0x00007ffc65f40000 - 0x00007ffc65fb9000 	C:\Windows\System32\bcryptPrimitives.dll
0x00007ffbe9b70000 - 0x00007ffbe9b95000 	D:\atest\IntelliJ IDEA 2023.3.2\jbr\bin\java.dll
0x00007ffbf3fd0000 - 0x00007ffbf3fe8000 	D:\atest\IntelliJ IDEA 2023.3.2\jbr\bin\zip.dll
0x00007ffc664c0000 - 0x00007ffc66d1c000 	C:\Windows\System32\SHELL32.dll
0x00007ffc634c0000 - 0x00007ffc63db9000 	C:\Windows\SYSTEM32\windows.storage.dll
0x00007ffc63380000 - 0x00007ffc634be000 	C:\Windows\SYSTEM32\wintypes.dll
0x00007ffc67730000 - 0x00007ffc67823000 	C:\Windows\System32\SHCORE.dll
0x00007ffc66f80000 - 0x00007ffc66fde000 	C:\Windows\System32\shlwapi.dll
0x00007ffc654e0000 - 0x00007ffc65501000 	C:\Windows\SYSTEM32\profapi.dll
0x00007ffbe9460000 - 0x00007ffbe9479000 	D:\atest\IntelliJ IDEA 2023.3.2\jbr\bin\net.dll
0x00007ffc5c260000 - 0x00007ffc5c396000 	C:\Windows\SYSTEM32\WINHTTP.dll
0x00007ffc64a40000 - 0x00007ffc64aa9000 	C:\Windows\system32\mswsock.dll
0x00007ffbe9440000 - 0x00007ffbe9456000 	D:\atest\IntelliJ IDEA 2023.3.2\jbr\bin\nio.dll
0x00007ffc64060000 - 0x00007ffc6408d000 	C:\Windows\SYSTEM32\IPHLPAPI.DLL
0x00007ffc66eb0000 - 0x00007ffc66eb9000 	C:\Windows\System32\NSI.dll
0x00007ffc5bfe0000 - 0x00007ffc5bff9000 	C:\Windows\SYSTEM32\dhcpcsvc6.DLL
0x00007ffc5bfc0000 - 0x00007ffc5bfdf000 	C:\Windows\SYSTEM32\dhcpcsvc.DLL
0x00007ffc64090000 - 0x00007ffc64189000 	C:\Windows\SYSTEM32\DNSAPI.dll
0x00007ffc64cc0000 - 0x00007ffc64cdb000 	C:\Windows\SYSTEM32\CRYPTSP.dll
0x00007ffc64520000 - 0x00007ffc64555000 	C:\Windows\system32\rsaenh.dll
0x00007ffc64b60000 - 0x00007ffc64b88000 	C:\Windows\SYSTEM32\USERENV.dll
0x00007ffc64ce0000 - 0x00007ffc64cec000 	C:\Windows\SYSTEM32\CRYPTBASE.dll
0x00007ffc52ab0000 - 0x00007ffc52ab7000 	D:\atest\IntelliJ IDEA 2023.3.2\jbr\bin\rmi.dll
0x00007ffc5e080000 - 0x00007ffc5e08a000 	C:\Windows\System32\rasadhlp.dll
0x00007ffc59fa0000 - 0x00007ffc5a023000 	C:\Windows\System32\fwpuclnt.dll
0x00007ffbe9b50000 - 0x00007ffbe9b5e000 	D:\atest\IntelliJ IDEA 2023.3.2\jbr\bin\sunmscapi.dll
0x00007ffc65da0000 - 0x00007ffc65f07000 	C:\Windows\System32\CRYPT32.dll
0x00007ffc64e80000 - 0x00007ffc64eae000 	C:\Windows\SYSTEM32\ncrypt.dll
0x00007ffc64e40000 - 0x00007ffc64e77000 	C:\Windows\SYSTEM32\NTASN1.dll

dbghelp: loaded successfully - version: 4.0.5 - missing functions: none
symbol engine: initialized successfully - sym options: 0x614 - pdb path: .;D:\atest\IntelliJ IDEA 2023.3.2\jbr\bin;C:\Windows\SYSTEM32;C:\Windows\WinSxS\amd64_microsoft.windows.common-controls_6595b64144ccf1df_6.0.22621.3235_none_270f74e173860f98;D:\atest\IntelliJ IDEA 2023.3.2\jbr\bin\server

VM Arguments:
jvm_args: -Djava.rmi.server.hostname=127.0.0.1 -Duser.timezone=UTC -Xmx1024m -Xms128m -Djdbc.classpath=D:\atest\IntelliJ IDEA 2023.3.2\plugins\DatabaseTools\lib\jdbc-console.jar;C:\Users\mihai\AppData\Roaming\JetBrains\IntelliJIdea2023.3\jdbc-drivers\MongoDB\1.18\mongo-jdbc-standalone-1.18.jar --add-exports=java.desktop/sun.awt=ALL-UNNAMED --add-exports=java.desktop/java.awt.peer=ALL-UNNAMED --add-opens=java.desktop/java.awt=ALL-UNNAMED --add-opens=jdk.unsupported/sun.misc=ALL-UNNAMED --add-opens=java.base/java.nio=ALL-UNNAMED --add-opens=java.base/java.util=ALL-UNNAMED -Dfile.encoding=UTF-8 
java_command: com.intellij.database.remote.RemoteJdbcServer com.dbschema.MongoJdbcDriver
java_class_path (initial): D:\atest\IntelliJ IDEA 2023.3.2\lib\util_rt.jar;D:\atest\IntelliJ IDEA 2023.3.2\lib\util-8.jar;D:\atest\IntelliJ IDEA 2023.3.2\lib\groovy.jar;D:\atest\IntelliJ IDEA 2023.3.2\plugins\DatabaseTools\lib\jdbc-console.jar;D:\atest\IntelliJ IDEA 2023.3.2\plugins\grid-core-impl\lib\jdbc-console-types.jar;D:\atest\IntelliJ IDEA 2023.3.2\lib\util.jar
Launcher Type: SUN_STANDARD

[Global flags]
     intx CICompilerCount                          = 4                                         {product} {ergonomic}
     uint ConcGCThreads                            = 2                                         {product} {ergonomic}
     uint G1ConcRefinementThreads                  = 8                                         {product} {ergonomic}
   size_t G1HeapRegionSize                         = 1048576                                   {product} {ergonomic}
    uintx GCDrainStackTargetSize                   = 64                                        {product} {ergonomic}
   size_t InitialHeapSize                          = 134217728                                 {product} {command line}
   size_t MarkStackSize                            = 4194304                                   {product} {ergonomic}
   size_t MaxHeapSize                              = 1073741824                                {product} {command line}
   size_t MaxNewSize                               = 643825664                                 {product} {ergonomic}
   size_t MinHeapDeltaBytes                        = 1048576                                   {product} {ergonomic}
   size_t MinHeapSize                              = 134217728                                 {product} {command line}
    uintx NonNMethodCodeHeapSize                   = 5839372                                {pd product} {ergonomic}
    uintx NonProfiledCodeHeapSize                  = 122909434                              {pd product} {ergonomic}
    uintx ProfiledCodeHeapSize                     = 122909434                              {pd product} {ergonomic}
    uintx ReservedCodeCacheSize                    = 251658240                              {pd product} {ergonomic}
     bool SegmentedCodeCache                       = true                                      {product} {ergonomic}
   size_t SoftMaxHeapSize                          = 1073741824                             {manageable} {ergonomic}
     bool UseCompressedClassPointers               = true                           {product lp64_product} {ergonomic}
     bool UseCompressedOops                        = true                           {product lp64_product} {ergonomic}
     bool UseG1GC                                  = true                                      {product} {ergonomic}
     bool UseLargePagesIndividualAllocation        = false                                  {pd product} {ergonomic}

Logging:
Log output configuration:
 #0: stdout all=warning uptime,level,tags
 #1: stderr all=off uptime,level,tags

Environment Variables:
PATH=C:\ProgramData\Oracle\Java\javapath;C:\Program Files (x86)\Common Files\Oracle\Java\javapath;C:\Program Files (x86)\NVIDIA Corporation\PhysX\Common;C:\Program Files\Eclipse Adoptium\jdk-17.0.6.10-hotspot\bin;C:\Windows\system32;C:\Windows;C:\Windows\System32\Wbem;C:\Windows\System32\WindowsPowerShell\v1.0\;C:\Windows\System32\OpenSSH\;C:\ProgramData\chocolatey\bin;C:\Windows\System32;C:\Program Files\Git\cmd;D:\flutter\flutter\bin;C:\Program Files\Git\usr\bin;C:\Program Files\dotnet\;C:\tools\lxrunoffline;;C:\Program Files\PowerShell\7\;C:\Program Files\Docker\Docker\resources\bin;C:\Program Files\Go\bin;C:\Users\mihai\AppData\Local\Microsoft\WindowsApps;D:\Games\programmmist\Microsoft VS Code\bin;C:\tools\flutter\bin;";C:\Program Files\Git\bin\git.exe;C:\Program Files\Git\cmd";D:\flutter\flutter\bin;D:\atest\IntelliJ IDEA 2023.3.2\bin;;C:\Users\mihai\AppData\Local\Programs\Microsoft VS Code\bin;D:\tmp\PyCharm 2023.1.3\bin;;D:\flutter\andros;C:\Users\mihai\go\bin;D:\trash\archit\bin;
USERNAME=mihai
OS=Windows_NT
PROCESSOR_IDENTIFIER=AMD64 Family 23 Model 24 Stepping 1, AuthenticAMD
TMP=C:\Users\mihai\AppData\Local\Temp
TEMP=C:\Users\mihai\AppData\Local\Temp



Periodic native trim disabled

JNI global refs:
JNI global refs: 18, weak refs: 2

JNI global refs memory usage: 843, weak refs: 841

OOME stack traces (most recent first):
Classloader memory used:
