#
# There is insufficient memory for the Java Runtime Environment to continue.
# Native memory allocation (mmap) failed to map 187695104 bytes for G1 virtual space
# Possible reasons:
#   The system is out of physical RAM or swap space
#   The process is running with CompressedOops enabled, and the Java Heap may be blocking the growth of the native heap
# Possible solutions:
#   Reduce memory load on the system
#   Increase physical memory or swap space
#   Check if swap backing store is full
#   Decrease Java heap size (-Xmx/-Xms)
#   Decrease number of Java threads
#   Decrease Java thread stack sizes (-Xss)
#   Set larger code cache with -XX:ReservedCodeCacheSize=
#   JVM is running with Unscaled Compressed Oops mode in which the Java heap is
#     placed in the first 4GB address space. The Java Heap base address is the
#     maximum limit for the native heap growth. Please use -XX:HeapBaseMinAddress
#     to set the Java Heap base and to place the Java Heap above 4GB virtual address.
# This output file may be truncated or incomplete.
#
#  Out of Memory Error (os_windows.cpp:3825), pid=8428, tid=23272
#
# JRE version: OpenJDK Runtime Environment JBR-17.0.9+7-1087.9-jcef (17.0.9+7) (build 17.0.9+7-b1087.9)
# Java VM: OpenJDK 64-Bit Server VM JBR-17.0.9+7-1087.9-jcef (17.0.9+7-b1087.9, mixed mode, tiered, compressed oops, compressed class ptrs, g1 gc, windows-amd64)
# No core dump will be written. Minidumps are not enabled by default on client versions of Windows
#

---------------  S U M M A R Y ------------

Command Line: -Djava.rmi.server.hostname=127.0.0.1 -Duser.timezone=UTC -Xmx1024m -Xms128m -Djdbc.classpath=D:\atest\IntelliJ IDEA 2023.3.2\plugins\DatabaseTools\lib\jdbc-console.jar;C:\Users\mihai\AppData\Roaming\JetBrains\IntelliJIdea2023.3\jdbc-drivers\MongoDB\1.18\mongo-jdbc-standalone-1.18.jar --add-exports=java.desktop/sun.awt=ALL-UNNAMED --add-exports=java.desktop/java.awt.peer=ALL-UNNAMED --add-opens=java.desktop/java.awt=ALL-UNNAMED --add-opens=jdk.unsupported/sun.misc=ALL-UNNAMED --add-opens=java.base/java.nio=ALL-UNNAMED --add-opens=java.base/java.util=ALL-UNNAMED -Dfile.encoding=UTF-8 com.intellij.database.remote.RemoteJdbcServer com.dbschema.MongoJdbcDriver

Host: AMD Ryzen 7 3700U with Radeon Vega Mobile Gfx  , 8 cores, 14G,  Windows 11 , 64 bit Build 22621 (10.0.22621.3374)
Time: Sun Apr 14 16:36:38 2024 RTZ 2 (s 11 , 64 bit Build 22621 (10.0.22621.3374) elapsed time: 5.667686 seconds (0d 0h 0m 5s)

---------------  T H R E A D  ---------------

Current thread (0x000001529f2105b0):  VMThread "VM Thread" [stack: 0x00000025a6e00000,0x00000025a6f00000] [id=23272]

Stack: [0x00000025a6e00000,0x00000025a6f00000]
Native frames: (J=compiled Java code, j=interpreted, Vv=VM code, C=native code)
V  [jvm.dll+0x688349]
V  [jvm.dll+0x841bfa]
V  [jvm.dll+0x84383e]
V  [jvm.dll+0x843ea3]
V  [jvm.dll+0x24bdef]
V  [jvm.dll+0x6850f9]
V  [jvm.dll+0x67988a]
V  [jvm.dll+0x30cbfb]
V  [jvm.dll+0x3140a6]
V  [jvm.dll+0x363ede]
V  [jvm.dll+0x36410f]
V  [jvm.dll+0x2e29c8]
V  [jvm.dll+0x2e0ba4]
V  [jvm.dll+0x2e01ac]
V  [jvm.dll+0x32507b]
V  [jvm.dll+0x84859b]
V  [jvm.dll+0x8492e1]
V  [jvm.dll+0x8497fd]
V  [jvm.dll+0x849bd4]
V  [jvm.dll+0x849ca0]
V  [jvm.dll+0x7f043a]
V  [jvm.dll+0x6871c5]
C  [ucrtbase.dll+0x29333]
C  [KERNEL32.DLL+0x1257d]
C  [ntdll.dll+0x5aa48]

VM_Operation (0x00000025a7cf97f0): G1CollectForAllocation, mode: safepoint, requested by thread 0x00000152a4235d50


---------------  P R O C E S S  ---------------

Threads class SMR info:
_java_thread_list=0x00000152a4bf4ff0, length=31, elements={
0x000001528561cff0, 0x000001529f215410, 0x000001529f216a30, 0x000001529f4ac9b0,
0x000001529f4ad480, 0x000001529f4ae040, 0x000001529f23a380, 0x000001529f4c8b80,
0x000001529f4cd980, 0x000001529f4e3390, 0x000001529f6433b0, 0x000001529f667160,
0x00000152a4235d50, 0x00000152a4258010, 0x00000152a4560bb0, 0x00000152a4632960,
0x00000152a46cb890, 0x00000152a44d5ad0, 0x00000152a46f4a70, 0x00000152a46f59a0,
0x00000152a46f68d0, 0x00000152a46f7d10, 0x00000152a46f5eb0, 0x00000152a46f4f80,
0x00000152a46f7800, 0x00000152a46f63c0, 0x00000152a46f5490, 0x00000152a46f6de0,
0x00000152a46f72f0, 0x00000152a4f3a280, 0x00000152a562ca40
}

Java Threads: ( => current thread )
  0x000001528561cff0 JavaThread "main" [_thread_blocked, id=8840, stack(0x00000025a6800000,0x00000025a6900000)]
  0x000001529f215410 JavaThread "Reference Handler" daemon [_thread_blocked, id=23976, stack(0x00000025a6f00000,0x00000025a7000000)]
  0x000001529f216a30 JavaThread "Finalizer" daemon [_thread_blocked, id=21824, stack(0x00000025a7000000,0x00000025a7100000)]
  0x000001529f4ac9b0 JavaThread "Signal Dispatcher" daemon [_thread_blocked, id=23476, stack(0x00000025a7100000,0x00000025a7200000)]
  0x000001529f4ad480 JavaThread "Attach Listener" daemon [_thread_blocked, id=24512, stack(0x00000025a7200000,0x00000025a7300000)]
  0x000001529f4ae040 JavaThread "Service Thread" daemon [_thread_blocked, id=24452, stack(0x00000025a7300000,0x00000025a7400000)]
  0x000001529f23a380 JavaThread "Monitor Deflation Thread" daemon [_thread_blocked, id=23732, stack(0x00000025a7400000,0x00000025a7500000)]
  0x000001529f4c8b80 JavaThread "C2 CompilerThread0" daemon [_thread_blocked, id=23744, stack(0x00000025a7500000,0x00000025a7600000)]
  0x000001529f4cd980 JavaThread "C1 CompilerThread0" daemon [_thread_blocked, id=24564, stack(0x00000025a7600000,0x00000025a7700000)]
  0x000001529f4e3390 JavaThread "Sweeper thread" daemon [_thread_blocked, id=7644, stack(0x00000025a7700000,0x00000025a7800000)]
  0x000001529f6433b0 JavaThread "Common-Cleaner" daemon [_thread_blocked, id=12696, stack(0x00000025a7800000,0x00000025a7900000)]
  0x000001529f667160 JavaThread "Notification Thread" daemon [_thread_blocked, id=23780, stack(0x00000025a7900000,0x00000025a7a00000)]
  0x00000152a4235d50 JavaThread "MongoShell ExecutorService" daemon [_thread_blocked, id=8572, stack(0x00000025a7c00000,0x00000025a7d00000)]
  0x00000152a4258010 JavaThread "MongoShell ExecutorService" daemon [_thread_blocked, id=23760, stack(0x00000025a7d00000,0x00000025a7e00000)]
  0x00000152a4560bb0 JavaThread "RMI TCP Accept-44043" daemon [_thread_in_native, id=20356, stack(0x00000025a8400000,0x00000025a8500000)]
  0x00000152a4632960 JavaThread "RMI TCP Accept-0" daemon [_thread_in_native, id=24276, stack(0x00000025a8500000,0x00000025a8600000)]
  0x00000152a46cb890 JavaThread "RMI Reaper" [_thread_blocked, id=23768, stack(0x00000025a8600000,0x00000025a8700000)]
  0x00000152a44d5ad0 JavaThread "RMI GC Daemon" daemon [_thread_blocked, id=24240, stack(0x00000025a8700000,0x00000025a8800000)]
  0x00000152a46f4a70 JavaThread "RMI TCP Connection(1)-127.0.0.1" daemon [_thread_in_native, id=5880, stack(0x00000025a8800000,0x00000025a8900000)]
  0x00000152a46f59a0 JavaThread "RMI TCP Connection(2)-127.0.0.1" daemon [_thread_in_native, id=23736, stack(0x00000025a8900000,0x00000025a8a00000)]
  0x00000152a46f68d0 JavaThread "RMI TCP Connection(3)-127.0.0.1" daemon [_thread_in_native, id=22752, stack(0x00000025a8a00000,0x00000025a8b00000)]
  0x00000152a46f7d10 JavaThread "RMI TCP Connection(4)-127.0.0.1" daemon [_thread_blocked, id=23408, stack(0x00000025a8b00000,0x00000025a8c00000)]
  0x00000152a46f5eb0 JavaThread "RMI Scheduler(0)" daemon [_thread_blocked, id=17460, stack(0x00000025a8c00000,0x00000025a8d00000)]
  0x00000152a46f4f80 JavaThread "RMI RenewClean-[127.0.0.1:49984]" daemon [_thread_blocked, id=21768, stack(0x00000025a8d00000,0x00000025a8e00000)]
  0x00000152a46f7800 JavaThread "MongoShell ExecutorService" daemon [_thread_blocked, id=4040, stack(0x00000025a9000000,0x00000025a9100000)]
  0x00000152a46f63c0 JavaThread "BufferPoolPruner-1-thread-1" daemon [_thread_blocked, id=12852, stack(0x00000025a9100000,0x00000025a9200000)]
  0x00000152a46f5490 JavaThread "cluster-ClusterId{value='661bdbe3905b5f03064e6b13', description='DataGrip'}-localhost:27019" daemon [_thread_in_native, id=14196, stack(0x00000025a9200000,0x00000025a9300000)]
  0x00000152a46f6de0 JavaThread "cluster-rtt-ClusterId{value='661bdbe3905b5f03064e6b13', description='DataGrip'}-localhost:27019" daemon [_thread_blocked, id=21860, stack(0x00000025a9300000,0x00000025a9400000)]
  0x00000152a46f72f0 JavaThread "MaintenanceTimer-2-thread-1" daemon [_thread_blocked, id=22916, stack(0x00000025a9500000,0x00000025a9600000)]
  0x00000152a4f3a280 JavaThread "C2 CompilerThread1" daemon [_thread_blocked, id=10440, stack(0x00000025a7b00000,0x00000025a7c00000)]
  0x00000152a562ca40 JavaThread "C2 CompilerThread2" daemon [_thread_blocked, id=18960, stack(0x00000025a9600000,0x00000025a9700000)]

Other Threads:
=>0x000001529f2105b0 VMThread "VM Thread" [stack: 0x00000025a6e00000,0x00000025a6f00000] [id=23272]
  0x000001529f667640 WatcherThread [stack: 0x00000025a7a00000,0x00000025a7b00000] [id=23788]
  0x0000015287769a80 GCTaskThread "GC Thread#0" [stack: 0x00000025a6900000,0x00000025a6a00000] [id=4732]
  0x00000152a42d1360 GCTaskThread "GC Thread#1" [stack: 0x00000025a7e00000,0x00000025a7f00000] [id=19376]
  0x00000152a430b0a0 GCTaskThread "GC Thread#2" [stack: 0x00000025a7f00000,0x00000025a8000000] [id=20324]
  0x00000152a42d5070 GCTaskThread "GC Thread#3" [stack: 0x00000025a8000000,0x00000025a8100000] [id=6724]
  0x00000152a43b6790 GCTaskThread "GC Thread#4" [stack: 0x00000025a8100000,0x00000025a8200000] [id=23412]
  0x00000152a4422d20 GCTaskThread "GC Thread#5" [stack: 0x00000025a8200000,0x00000025a8300000] [id=24268]
  0x00000152a4422fe0 GCTaskThread "GC Thread#6" [stack: 0x00000025a8300000,0x00000025a8400000] [id=6648]
  0x00000152a4726c70 GCTaskThread "GC Thread#7" [stack: 0x00000025a8e00000,0x00000025a8f00000] [id=21348]
  0x00000152877729d0 ConcurrentGCThread "G1 Main Marker" [stack: 0x00000025a6a00000,0x00000025a6b00000] [id=23352]
  0x00000152877733f0 ConcurrentGCThread "G1 Conc#0" [stack: 0x00000025a6b00000,0x00000025a6c00000] [id=18092]
  0x00000152a49bcde0 ConcurrentGCThread "G1 Conc#1" [stack: 0x00000025a8f00000,0x00000025a9000000] [id=24400]
  0x000001529f0814c0 ConcurrentGCThread "G1 Refine#0" [stack: 0x00000025a6c00000,0x00000025a6d00000] [id=21168]
  0x00000152a5652120 ConcurrentGCThread "G1 Refine#1" [stack: 0x00000025a9700000,0x00000025a9800000] [id=24076]
  0x00000152a5651e30 ConcurrentGCThread "G1 Refine#2" [stack: 0x00000025a9800000,0x00000025a9900000] [id=24296]
  0x00000152a56529f0 ConcurrentGCThread "G1 Refine#3" [stack: 0x00000025a9900000,0x00000025a9a00000] [id=19772]
  0x00000152a5652700 ConcurrentGCThread "G1 Refine#4" [stack: 0x00000025a9a00000,0x00000025a9b00000] [id=23560]
  0x00000152a5652ce0 ConcurrentGCThread "G1 Refine#5" [stack: 0x00000025a9b00000,0x00000025a9c00000] [id=20380]
  0x000001529f082d10 ConcurrentGCThread "G1 Service" [stack: 0x00000025a6d00000,0x00000025a6e00000] [id=15672]

Threads with active compile tasks:
C2 CompilerThread0     5701 2764       4       com.oracle.js.parser.Lexer::getValueOf (380 bytes)
C1 CompilerThread0     5701 3571   !   2       jdk.internal.math.FloatingDecimal::readJavaFormatString (826 bytes)
C2 CompilerThread1     5701 3449       4       com.oracle.js.parser.Parser::statement (730 bytes)
C2 CompilerThread2     5701 2753       4       com.oracle.js.parser.Parser::primaryExpression (529 bytes)

VM state: at safepoint (normal execution)

VM Mutex/Monitor currently owned by a thread:  ([mutex/lock_event])
[0x000001528772d250] Threads_lock - owner thread: 0x000001529f2105b0
[0x000001528772d520] Heap_lock - owner thread: 0x00000152a4235d50

Heap address: 0x00000000c0000000, size: 1024 MB, Compressed Oops mode: 32-bit

CDS archive(s) not mapped
Compressed class space mapped at: 0x0000000100000000-0x0000000140000000, reserved size: 1073741824
Narrow klass base: 0x0000000000000000, Narrow klass shift: 3, Narrow klass range: 0x140000000

GC Precious Log:
 CPUs: 8 total, 8 available
 Memory: 15295M
 Large Page Support: Disabled
 NUMA Support: Disabled
 Compressed Oops: Enabled (32-bit)
 Heap Region Size: 1M
 Heap Min Capacity: 128M
 Heap Initial Capacity: 128M
 Heap Max Capacity: 1G
 Pre-touch: Disabled
 Parallel Workers: 8
 Concurrent Workers: 2
 Concurrent Refinement Workers: 8
 Periodic GC: Disabled

Heap:
 garbage-first heap   total 186368K, used 135168K [0x00000000c0000000, 0x0000000100000000)
  region size 1024K, 3 young (3072K), 3 survivors (3072K)
 Metaspace       used 37644K, committed 37952K, reserved 1114112K
  class space    used 4148K, committed 4288K, reserved 1048576K

Heap Regions: E=young(eden), S=young(survivor), O=old, HS=humongous(starts), HC=humongous(continues), CS=collection set, F=free, OA=open archive, CA=closed archive, TAMS=top-at-mark-start (previous, next)
|   0|0x00000000c0000000, 0x00000000c0100000, 0x00000000c0100000|100%|HS|  |TAMS 0x00000000c0100000, 0x00000000c0100000| Complete 
|   1|0x00000000c0100000, 0x00000000c0200000, 0x00000000c0200000|100%|HC|  |TAMS 0x00000000c0200000, 0x00000000c0200000| Complete 
|   2|0x00000000c0200000, 0x00000000c0300000, 0x00000000c0300000|100%|HC|  |TAMS 0x00000000c0300000, 0x00000000c0300000| Complete 
|   3|0x00000000c0300000, 0x00000000c0400000, 0x00000000c0400000|100%|HS|  |TAMS 0x00000000c0400000, 0x00000000c0400000| Complete 
|   4|0x00000000c0400000, 0x00000000c0500000, 0x00000000c0500000|100%|HC|  |TAMS 0x00000000c0500000, 0x00000000c0500000| Complete 
|   5|0x00000000c0500000, 0x00000000c0600000, 0x00000000c0600000|100%| O|  |TAMS 0x00000000c0600000, 0x00000000c0600000| Untracked 
|   6|0x00000000c0600000, 0x00000000c0700000, 0x00000000c0700000|100%| O|  |TAMS 0x00000000c0700000, 0x00000000c0700000| Untracked 
|   7|0x00000000c0700000, 0x00000000c0800000, 0x00000000c0800000|100%| O|  |TAMS 0x00000000c0800000, 0x00000000c0800000| Untracked 
|   8|0x00000000c0800000, 0x00000000c0900000, 0x00000000c0900000|100%| O|  |TAMS 0x00000000c0900000, 0x00000000c0900000| Untracked 
|   9|0x00000000c0900000, 0x00000000c0a00000, 0x00000000c0a00000|100%| O|  |TAMS 0x00000000c0a00000, 0x00000000c0a00000| Untracked 
|  10|0x00000000c0a00000, 0x00000000c0b00000, 0x00000000c0b00000|100%| O|  |TAMS 0x00000000c0b00000, 0x00000000c0b00000| Untracked 
|  11|0x00000000c0b00000, 0x00000000c0c00000, 0x00000000c0c00000|100%| O|  |TAMS 0x00000000c0c00000, 0x00000000c0c00000| Untracked 
|  12|0x00000000c0c00000, 0x00000000c0d00000, 0x00000000c0d00000|100%| O|  |TAMS 0x00000000c0d00000, 0x00000000c0d00000| Untracked 
|  13|0x00000000c0d00000, 0x00000000c0e00000, 0x00000000c0e00000|100%| O|  |TAMS 0x00000000c0e00000, 0x00000000c0e00000| Untracked 
|  14|0x00000000c0e00000, 0x00000000c0f00000, 0x00000000c0f00000|100%| O|  |TAMS 0x00000000c0e00000, 0x00000000c0f00000| Untracked 
|  15|0x00000000c0f00000, 0x00000000c1000000, 0x00000000c1000000|100%| O|  |TAMS 0x00000000c0f00000, 0x00000000c1000000| Untracked 
|  16|0x00000000c1000000, 0x00000000c1100000, 0x00000000c1100000|100%|HS|  |TAMS 0x00000000c1100000, 0x00000000c1100000| Complete 
|  17|0x00000000c1100000, 0x00000000c1200000, 0x00000000c1200000|100%|HC|  |TAMS 0x00000000c1200000, 0x00000000c1200000| Complete 
|  18|0x00000000c1200000, 0x00000000c1300000, 0x00000000c1300000|100%| O|  |TAMS 0x00000000c1200000, 0x00000000c1300000| Untracked 
|  19|0x00000000c1300000, 0x00000000c1400000, 0x00000000c1400000|100%|HS|  |TAMS 0x00000000c1400000, 0x00000000c1400000| Complete 
|  20|0x00000000c1400000, 0x00000000c1500000, 0x00000000c1500000|100%|HC|  |TAMS 0x00000000c1500000, 0x00000000c1500000| Complete 
|  21|0x00000000c1500000, 0x00000000c1600000, 0x00000000c1600000|100%|HS|  |TAMS 0x00000000c1600000, 0x00000000c1600000| Complete 
|  22|0x00000000c1600000, 0x00000000c1700000, 0x00000000c1700000|100%|HC|  |TAMS 0x00000000c1700000, 0x00000000c1700000| Complete 
|  23|0x00000000c1700000, 0x00000000c1800000, 0x00000000c1800000|100%| O|  |TAMS 0x00000000c1800000, 0x00000000c1800000| Untracked 
|  24|0x00000000c1800000, 0x00000000c1900000, 0x00000000c1900000|100%| O|  |TAMS 0x00000000c1900000, 0x00000000c1900000| Untracked 
|  25|0x00000000c1900000, 0x00000000c1a00000, 0x00000000c1a00000|100%| O|  |TAMS 0x00000000c1a00000, 0x00000000c1a00000| Untracked 
|  26|0x00000000c1a00000, 0x00000000c1b00000, 0x00000000c1b00000|100%| O|  |TAMS 0x00000000c1b00000, 0x00000000c1b00000| Untracked 
|  27|0x00000000c1b00000, 0x00000000c1c00000, 0x00000000c1c00000|100%| O|  |TAMS 0x00000000c1c00000, 0x00000000c1c00000| Untracked 
|  28|0x00000000c1c00000, 0x00000000c1d00000, 0x00000000c1d00000|100%| O|  |TAMS 0x00000000c1d00000, 0x00000000c1d00000| Untracked 
|  29|0x00000000c1d00000, 0x00000000c1e00000, 0x00000000c1e00000|100%| O|  |TAMS 0x00000000c1e00000, 0x00000000c1e00000| Untracked 
|  30|0x00000000c1e00000, 0x00000000c1f00000, 0x00000000c1f00000|100%| O|  |TAMS 0x00000000c1f00000, 0x00000000c1f00000| Untracked 
|  31|0x00000000c1f00000, 0x00000000c2000000, 0x00000000c2000000|100%| O|  |TAMS 0x00000000c2000000, 0x00000000c2000000| Untracked 
|  32|0x00000000c2000000, 0x00000000c2100000, 0x00000000c2100000|100%| O|  |TAMS 0x00000000c2100000, 0x00000000c2100000| Untracked 
|  33|0x00000000c2100000, 0x00000000c2200000, 0x00000000c2200000|100%| O|  |TAMS 0x00000000c2200000, 0x00000000c2200000| Untracked 
|  34|0x00000000c2200000, 0x00000000c2300000, 0x00000000c2300000|100%| O|  |TAMS 0x00000000c2300000, 0x00000000c2300000| Untracked 
|  35|0x00000000c2300000, 0x00000000c2400000, 0x00000000c2400000|100%| O|  |TAMS 0x00000000c2400000, 0x00000000c2400000| Untracked 
|  36|0x00000000c2400000, 0x00000000c2500000, 0x00000000c2500000|100%| O|  |TAMS 0x00000000c2500000, 0x00000000c2500000| Untracked 
|  37|0x00000000c2500000, 0x00000000c2600000, 0x00000000c2600000|100%| O|  |TAMS 0x00000000c2600000, 0x00000000c2600000| Untracked 
|  38|0x00000000c2600000, 0x00000000c2700000, 0x00000000c2700000|100%| O|  |TAMS 0x00000000c2700000, 0x00000000c2700000| Untracked 
|  39|0x00000000c2700000, 0x00000000c2800000, 0x00000000c2800000|100%| O|  |TAMS 0x00000000c2800000, 0x00000000c2800000| Untracked 
|  40|0x00000000c2800000, 0x00000000c2900000, 0x00000000c2900000|100%| O|  |TAMS 0x00000000c2900000, 0x00000000c2900000| Untracked 
|  41|0x00000000c2900000, 0x00000000c2a00000, 0x00000000c2a00000|100%| O|  |TAMS 0x00000000c2a00000, 0x00000000c2a00000| Untracked 
|  42|0x00000000c2a00000, 0x00000000c2b00000, 0x00000000c2b00000|100%| O|  |TAMS 0x00000000c2b00000, 0x00000000c2b00000| Untracked 
|  43|0x00000000c2b00000, 0x00000000c2c00000, 0x00000000c2c00000|100%| O|  |TAMS 0x00000000c2c00000, 0x00000000c2c00000| Untracked 
|  44|0x00000000c2c00000, 0x00000000c2d00000, 0x00000000c2d00000|100%| O|  |TAMS 0x00000000c2c00000, 0x00000000c2d00000| Untracked 
|  45|0x00000000c2d00000, 0x00000000c2e00000, 0x00000000c2e00000|100%| O|  |TAMS 0x00000000c2d00000, 0x00000000c2e00000| Untracked 
|  46|0x00000000c2e00000, 0x00000000c2f00000, 0x00000000c2f00000|100%| O|  |TAMS 0x00000000c2e00000, 0x00000000c2f00000| Untracked 
|  47|0x00000000c2f00000, 0x00000000c3000000, 0x00000000c3000000|100%| O|  |TAMS 0x00000000c2f00000, 0x00000000c3000000| Untracked 
|  48|0x00000000c3000000, 0x00000000c3100000, 0x00000000c3100000|100%| O|  |TAMS 0x00000000c3000000, 0x00000000c3100000| Untracked 
|  49|0x00000000c3100000, 0x00000000c3200000, 0x00000000c3200000|100%| O|  |TAMS 0x00000000c3100000, 0x00000000c3200000| Untracked 
|  50|0x00000000c3200000, 0x00000000c3300000, 0x00000000c3300000|100%| O|  |TAMS 0x00000000c3300000, 0x00000000c3300000| Untracked 
|  51|0x00000000c3300000, 0x00000000c3400000, 0x00000000c3400000|100%| O|  |TAMS 0x00000000c3400000, 0x00000000c3400000| Untracked 
|  52|0x00000000c3400000, 0x00000000c3500000, 0x00000000c3500000|100%| O|  |TAMS 0x00000000c3500000, 0x00000000c3500000| Untracked 
|  53|0x00000000c3500000, 0x00000000c3600000, 0x00000000c3600000|100%| O|  |TAMS 0x00000000c3549000, 0x00000000c3600000| Untracked 
|  54|0x00000000c3600000, 0x00000000c3700000, 0x00000000c3700000|100%| O|  |TAMS 0x00000000c3600000, 0x00000000c3700000| Untracked 
|  55|0x00000000c3700000, 0x00000000c3800000, 0x00000000c3800000|100%| O|  |TAMS 0x00000000c3700000, 0x00000000c3800000| Untracked 
|  56|0x00000000c3800000, 0x00000000c3900000, 0x00000000c3900000|100%| O|  |TAMS 0x00000000c3800000, 0x00000000c3900000| Untracked 
|  57|0x00000000c3900000, 0x00000000c3a00000, 0x00000000c3a00000|100%| O|  |TAMS 0x00000000c3900000, 0x00000000c3a00000| Untracked 
|  58|0x00000000c3a00000, 0x00000000c3b00000, 0x00000000c3b00000|100%| O|  |TAMS 0x00000000c3a00000, 0x00000000c3b00000| Untracked 
|  59|0x00000000c3b00000, 0x00000000c3c00000, 0x00000000c3c00000|100%| O|  |TAMS 0x00000000c3b00000, 0x00000000c3c00000| Untracked 
|  60|0x00000000c3c00000, 0x00000000c3d00000, 0x00000000c3d00000|100%| O|  |TAMS 0x00000000c3c00000, 0x00000000c3d00000| Untracked 
|  61|0x00000000c3d00000, 0x00000000c3e00000, 0x00000000c3e00000|100%| O|  |TAMS 0x00000000c3d00000, 0x00000000c3e00000| Untracked 
|  62|0x00000000c3e00000, 0x00000000c3f00000, 0x00000000c3f00000|100%| O|  |TAMS 0x00000000c3e00000, 0x00000000c3f00000| Untracked 
|  63|0x00000000c3f00000, 0x00000000c4000000, 0x00000000c4000000|100%| O|  |TAMS 0x00000000c3f00000, 0x00000000c4000000| Untracked 
|  64|0x00000000c4000000, 0x00000000c4100000, 0x00000000c4100000|100%| O|  |TAMS 0x00000000c4000000, 0x00000000c4100000| Untracked 
|  65|0x00000000c4100000, 0x00000000c4200000, 0x00000000c4200000|100%| O|  |TAMS 0x00000000c4100000, 0x00000000c4200000| Untracked 
|  66|0x00000000c4200000, 0x00000000c4300000, 0x00000000c4300000|100%| O|  |TAMS 0x00000000c4200000, 0x00000000c4300000| Untracked 
|  67|0x00000000c4300000, 0x00000000c4400000, 0x00000000c4400000|100%| O|  |TAMS 0x00000000c4300000, 0x00000000c4400000| Untracked 
|  68|0x00000000c4400000, 0x00000000c4500000, 0x00000000c4500000|100%| O|  |TAMS 0x00000000c4400000, 0x00000000c4500000| Untracked 
|  69|0x00000000c4500000, 0x00000000c4600000, 0x00000000c4600000|100%| O|  |TAMS 0x00000000c4500000, 0x00000000c4600000| Untracked 
|  70|0x00000000c4600000, 0x00000000c4700000, 0x00000000c4700000|100%| O|  |TAMS 0x00000000c4600000, 0x00000000c4700000| Untracked 
|  71|0x00000000c4700000, 0x00000000c4800000, 0x00000000c4800000|100%| O|  |TAMS 0x00000000c4700000, 0x00000000c4800000| Untracked 
|  72|0x00000000c4800000, 0x00000000c4900000, 0x00000000c4900000|100%| O|  |TAMS 0x00000000c4800000, 0x00000000c4900000| Untracked 
|  73|0x00000000c4900000, 0x00000000c4a00000, 0x00000000c4a00000|100%| O|  |TAMS 0x00000000c4900000, 0x00000000c4a00000| Untracked 
|  74|0x00000000c4a00000, 0x00000000c4b00000, 0x00000000c4b00000|100%| O|  |TAMS 0x00000000c4a00000, 0x00000000c4b00000| Untracked 
|  75|0x00000000c4b00000, 0x00000000c4c00000, 0x00000000c4c00000|100%| O|  |TAMS 0x00000000c4b00000, 0x00000000c4b80000| Untracked 
|  76|0x00000000c4c00000, 0x00000000c4d00000, 0x00000000c4d00000|100%| O|  |TAMS 0x00000000c4c00000, 0x00000000c4c00000| Untracked 
|  77|0x00000000c4d00000, 0x00000000c4e00000, 0x00000000c4e00000|100%| O|  |TAMS 0x00000000c4d00000, 0x00000000c4d00000| Untracked 
|  78|0x00000000c4e00000, 0x00000000c4f00000, 0x00000000c4f00000|100%| O|  |TAMS 0x00000000c4e00000, 0x00000000c4e00000| Untracked 
|  79|0x00000000c4f00000, 0x00000000c5000000, 0x00000000c5000000|100%| O|  |TAMS 0x00000000c4f00000, 0x00000000c4f00000| Untracked 
|  80|0x00000000c5000000, 0x00000000c5100000, 0x00000000c5100000|100%| O|  |TAMS 0x00000000c5000000, 0x00000000c5000000| Untracked 
|  81|0x00000000c5100000, 0x00000000c5200000, 0x00000000c5200000|100%| O|  |TAMS 0x00000000c5100000, 0x00000000c5100000| Untracked 
|  82|0x00000000c5200000, 0x00000000c5300000, 0x00000000c5300000|100%| O|  |TAMS 0x00000000c5200000, 0x00000000c5200000| Untracked 
|  83|0x00000000c5300000, 0x00000000c5400000, 0x00000000c5400000|100%| O|  |TAMS 0x00000000c5300000, 0x00000000c5300000| Untracked 
|  84|0x00000000c5400000, 0x00000000c5500000, 0x00000000c5500000|100%| O|  |TAMS 0x00000000c5400000, 0x00000000c5400000| Untracked 
|  85|0x00000000c5500000, 0x00000000c5600000, 0x00000000c5600000|100%| O|  |TAMS 0x00000000c5500000, 0x00000000c5500000| Untracked 
|  86|0x00000000c5600000, 0x00000000c5700000, 0x00000000c5700000|100%| O|  |TAMS 0x00000000c5600000, 0x00000000c5600000| Untracked 
|  87|0x00000000c5700000, 0x00000000c5800000, 0x00000000c5800000|100%| O|  |TAMS 0x00000000c5700000, 0x00000000c5700000| Untracked 
|  88|0x00000000c5800000, 0x00000000c5900000, 0x00000000c5900000|100%|HS|  |TAMS 0x00000000c5900000, 0x00000000c5900000| Complete 
|  89|0x00000000c5900000, 0x00000000c5a00000, 0x00000000c5a00000|100%|HC|  |TAMS 0x00000000c5a00000, 0x00000000c5a00000| Complete 
|  90|0x00000000c5a00000, 0x00000000c5b00000, 0x00000000c5b00000|100%|HC|  |TAMS 0x00000000c5b00000, 0x00000000c5b00000| Complete 
|  91|0x00000000c5b00000, 0x00000000c5c00000, 0x00000000c5c00000|100%|HC|  |TAMS 0x00000000c5c00000, 0x00000000c5c00000| Complete 
|  92|0x00000000c5c00000, 0x00000000c5d00000, 0x00000000c5d00000|100%|HC|  |TAMS 0x00000000c5d00000, 0x00000000c5d00000| Complete 
|  93|0x00000000c5d00000, 0x00000000c5e00000, 0x00000000c5e00000|100%|HC|  |TAMS 0x00000000c5e00000, 0x00000000c5e00000| Complete 
|  94|0x00000000c5e00000, 0x00000000c5f00000, 0x00000000c5f00000|100%|HC|  |TAMS 0x00000000c5f00000, 0x00000000c5f00000| Complete 
|  95|0x00000000c5f00000, 0x00000000c6000000, 0x00000000c6000000|100%|HC|  |TAMS 0x00000000c6000000, 0x00000000c6000000| Complete 
|  96|0x00000000c6000000, 0x00000000c6100000, 0x00000000c6100000|100%|HC|  |TAMS 0x00000000c6100000, 0x00000000c6100000| Complete 
|  97|0x00000000c6100000, 0x00000000c6200000, 0x00000000c6200000|100%|HC|  |TAMS 0x00000000c6200000, 0x00000000c6200000| Complete 
|  98|0x00000000c6200000, 0x00000000c6300000, 0x00000000c6300000|100%|HC|  |TAMS 0x00000000c6300000, 0x00000000c6300000| Complete 
|  99|0x00000000c6300000, 0x00000000c6400000, 0x00000000c6400000|100%|HC|  |TAMS 0x00000000c6400000, 0x00000000c6400000| Complete 
| 100|0x00000000c6400000, 0x00000000c6500000, 0x00000000c6500000|100%|HC|  |TAMS 0x00000000c6500000, 0x00000000c6500000| Complete 
| 101|0x00000000c6500000, 0x00000000c6600000, 0x00000000c6600000|100%|HC|  |TAMS 0x00000000c6600000, 0x00000000c6600000| Complete 
| 102|0x00000000c6600000, 0x00000000c6700000, 0x00000000c6700000|100%|HC|  |TAMS 0x00000000c6700000, 0x00000000c6700000| Complete 
| 103|0x00000000c6700000, 0x00000000c6800000, 0x00000000c6800000|100%|HC|  |TAMS 0x00000000c6800000, 0x00000000c6800000| Complete 
| 104|0x00000000c6800000, 0x00000000c6900000, 0x00000000c6900000|100%|HC|  |TAMS 0x00000000c6900000, 0x00000000c6900000| Complete 
| 105|0x00000000c6900000, 0x00000000c6a00000, 0x00000000c6a00000|100%|HC|  |TAMS 0x00000000c6a00000, 0x00000000c6a00000| Complete 
| 106|0x00000000c6a00000, 0x00000000c6b00000, 0x00000000c6b00000|100%|HC|  |TAMS 0x00000000c6b00000, 0x00000000c6b00000| Complete 
| 107|0x00000000c6b00000, 0x00000000c6c00000, 0x00000000c6c00000|100%|HC|  |TAMS 0x00000000c6c00000, 0x00000000c6c00000| Complete 
| 108|0x00000000c6c00000, 0x00000000c6d00000, 0x00000000c6d00000|100%|HC|  |TAMS 0x00000000c6d00000, 0x00000000c6d00000| Complete 
| 109|0x00000000c6d00000, 0x00000000c6e00000, 0x00000000c6e00000|100%|HC|  |TAMS 0x00000000c6e00000, 0x00000000c6e00000| Complete 
| 110|0x00000000c6e00000, 0x00000000c6f00000, 0x00000000c6f00000|100%|HC|  |TAMS 0x00000000c6f00000, 0x00000000c6f00000| Complete 
| 111|0x00000000c6f00000, 0x00000000c7000000, 0x00000000c7000000|100%|HC|  |TAMS 0x00000000c7000000, 0x00000000c7000000| Complete 
| 112|0x00000000c7000000, 0x00000000c7100000, 0x00000000c7100000|100%|HC|  |TAMS 0x00000000c7100000, 0x00000000c7100000| Complete 
| 113|0x00000000c7100000, 0x00000000c7200000, 0x00000000c7200000|100%|HC|  |TAMS 0x00000000c7200000, 0x00000000c7200000| Complete 
| 114|0x00000000c7200000, 0x00000000c7300000, 0x00000000c7300000|100%|HC|  |TAMS 0x00000000c7300000, 0x00000000c7300000| Complete 
| 115|0x00000000c7300000, 0x00000000c7400000, 0x00000000c7400000|100%|HC|  |TAMS 0x00000000c7400000, 0x00000000c7400000| Complete 
| 116|0x00000000c7400000, 0x00000000c7500000, 0x00000000c7500000|100%|HC|  |TAMS 0x00000000c7500000, 0x00000000c7500000| Complete 
| 117|0x00000000c7500000, 0x00000000c7600000, 0x00000000c7600000|100%|HC|  |TAMS 0x00000000c7600000, 0x00000000c7600000| Complete 
| 118|0x00000000c7600000, 0x00000000c7700000, 0x00000000c7700000|100%|HC|  |TAMS 0x00000000c7700000, 0x00000000c7700000| Complete 
| 119|0x00000000c7700000, 0x00000000c7800000, 0x00000000c7800000|100%| O|  |TAMS 0x00000000c7700000, 0x00000000c7700000| Untracked 
| 120|0x00000000c7800000, 0x00000000c7900000, 0x00000000c7900000|100%| O|  |TAMS 0x00000000c7800000, 0x00000000c7800000| Untracked 
| 121|0x00000000c7900000, 0x00000000c7a00000, 0x00000000c7a00000|100%| O|  |TAMS 0x00000000c7900000, 0x00000000c7900000| Untracked 
| 122|0x00000000c7a00000, 0x00000000c7b00000, 0x00000000c7b00000|100%| O|  |TAMS 0x00000000c7a00000, 0x00000000c7a00000| Untracked 
| 123|0x00000000c7b00000, 0x00000000c7c00000, 0x00000000c7c00000|100%| O|  |TAMS 0x00000000c7b00000, 0x00000000c7b00000| Untracked 
| 124|0x00000000c7c00000, 0x00000000c7d00000, 0x00000000c7d00000|100%| O|  |TAMS 0x00000000c7c00000, 0x00000000c7c00000| Untracked 
| 125|0x00000000c7d00000, 0x00000000c7e00000, 0x00000000c7e00000|100%| O|  |TAMS 0x00000000c7d00000, 0x00000000c7d00000| Untracked 
| 126|0x00000000c7e00000, 0x00000000c7f00000, 0x00000000c7f00000|100%| O|  |TAMS 0x00000000c7e00000, 0x00000000c7e00000| Untracked 
| 127|0x00000000c7f00000, 0x00000000c8000000, 0x00000000c8000000|100%| O|  |TAMS 0x00000000c7f00000, 0x00000000c7f00000| Untracked 
| 128|0x00000000c8000000, 0x00000000c8100000, 0x00000000c8100000|100%| O|  |TAMS 0x00000000c8000000, 0x00000000c8000000| Untracked 
| 129|0x00000000c8100000, 0x00000000c8100000, 0x00000000c8200000|  0%| F|  |TAMS 0x00000000c8100000, 0x00000000c8100000| Untracked 
| 130|0x00000000c8200000, 0x00000000c8200000, 0x00000000c8300000|  0%| F|  |TAMS 0x00000000c8200000, 0x00000000c8200000| Untracked 
| 131|0x00000000c8300000, 0x00000000c8300000, 0x00000000c8400000|  0%| F|  |TAMS 0x00000000c8300000, 0x00000000c8300000| Untracked 
| 132|0x00000000c8400000, 0x00000000c8400000, 0x00000000c8500000|  0%| F|  |TAMS 0x00000000c8400000, 0x00000000c8400000| Untracked 
| 133|0x00000000c8500000, 0x00000000c8500000, 0x00000000c8600000|  0%| F|  |TAMS 0x00000000c8500000, 0x00000000c8500000| Untracked 
| 134|0x00000000c8600000, 0x00000000c8600000, 0x00000000c8700000|  0%| F|  |TAMS 0x00000000c8600000, 0x00000000c8600000| Untracked 
| 135|0x00000000c8700000, 0x00000000c8700000, 0x00000000c8800000|  0%| F|  |TAMS 0x00000000c8700000, 0x00000000c8700000| Untracked 
| 136|0x00000000c8800000, 0x00000000c8800000, 0x00000000c8900000|  0%| F|  |TAMS 0x00000000c8800000, 0x00000000c8800000| Untracked 
| 137|0x00000000c8900000, 0x00000000c8900000, 0x00000000c8a00000|  0%| F|  |TAMS 0x00000000c8900000, 0x00000000c8900000| Untracked 
| 138|0x00000000c8a00000, 0x00000000c8a00000, 0x00000000c8b00000|  0%| F|  |TAMS 0x00000000c8a00000, 0x00000000c8a00000| Untracked 
| 139|0x00000000c8b00000, 0x00000000c8b00000, 0x00000000c8c00000|  0%| F|  |TAMS 0x00000000c8b00000, 0x00000000c8b00000| Untracked 
| 140|0x00000000c8c00000, 0x00000000c8c00000, 0x00000000c8d00000|  0%| F|  |TAMS 0x00000000c8c00000, 0x00000000c8c00000| Untracked 
| 141|0x00000000c8d00000, 0x00000000c8d00000, 0x00000000c8e00000|  0%| F|  |TAMS 0x00000000c8d00000, 0x00000000c8d00000| Untracked 
| 142|0x00000000c8e00000, 0x00000000c8e00000, 0x00000000c8f00000|  0%| F|  |TAMS 0x00000000c8e00000, 0x00000000c8e00000| Untracked 
| 143|0x00000000c8f00000, 0x00000000c8f00000, 0x00000000c9000000|  0%| F|  |TAMS 0x00000000c8f00000, 0x00000000c8f00000| Untracked 
| 144|0x00000000c9000000, 0x00000000c9000000, 0x00000000c9100000|  0%| F|  |TAMS 0x00000000c9000000, 0x00000000c9000000| Untracked 
| 145|0x00000000c9100000, 0x00000000c9100000, 0x00000000c9200000|  0%| F|  |TAMS 0x00000000c9100000, 0x00000000c9100000| Untracked 
| 146|0x00000000c9200000, 0x00000000c9200000, 0x00000000c9300000|  0%| F|  |TAMS 0x00000000c9200000, 0x00000000c9200000| Untracked 
| 147|0x00000000c9300000, 0x00000000c9300000, 0x00000000c9400000|  0%| F|  |TAMS 0x00000000c9300000, 0x00000000c9300000| Untracked 
| 148|0x00000000c9400000, 0x00000000c9400000, 0x00000000c9500000|  0%| F|  |TAMS 0x00000000c9400000, 0x00000000c9400000| Untracked 
| 149|0x00000000c9500000, 0x00000000c9500000, 0x00000000c9600000|  0%| F|  |TAMS 0x00000000c9500000, 0x00000000c9500000| Untracked 
| 150|0x00000000c9600000, 0x00000000c9600000, 0x00000000c9700000|  0%| F|  |TAMS 0x00000000c9600000, 0x00000000c9600000| Untracked 
| 151|0x00000000c9700000, 0x00000000c9700000, 0x00000000c9800000|  0%| F|  |TAMS 0x00000000c9700000, 0x00000000c9700000| Untracked 
| 152|0x00000000c9800000, 0x00000000c9800000, 0x00000000c9900000|  0%| F|  |TAMS 0x00000000c9800000, 0x00000000c9800000| Untracked 
| 153|0x00000000c9900000, 0x00000000c9900000, 0x00000000c9a00000|  0%| F|  |TAMS 0x00000000c9900000, 0x00000000c9900000| Untracked 
| 154|0x00000000c9a00000, 0x00000000c9a00000, 0x00000000c9b00000|  0%| F|  |TAMS 0x00000000c9a00000, 0x00000000c9a00000| Untracked 
| 155|0x00000000c9b00000, 0x00000000c9b00000, 0x00000000c9c00000|  0%| F|  |TAMS 0x00000000c9b00000, 0x00000000c9b00000| Untracked 
| 156|0x00000000c9c00000, 0x00000000c9c00000, 0x00000000c9d00000|  0%| F|  |TAMS 0x00000000c9c00000, 0x00000000c9c00000| Untracked 
| 157|0x00000000c9d00000, 0x00000000c9d00000, 0x00000000c9e00000|  0%| F|  |TAMS 0x00000000c9d00000, 0x00000000c9d00000| Untracked 
| 158|0x00000000c9e00000, 0x00000000c9e00000, 0x00000000c9f00000|  0%| F|  |TAMS 0x00000000c9e00000, 0x00000000c9e00000| Untracked 
| 159|0x00000000c9f00000, 0x00000000c9f00000, 0x00000000ca000000|  0%| F|  |TAMS 0x00000000c9f00000, 0x00000000c9f00000| Untracked 
| 160|0x00000000ca000000, 0x00000000ca000000, 0x00000000ca100000|  0%| F|  |TAMS 0x00000000ca000000, 0x00000000ca000000| Untracked 
| 161|0x00000000ca100000, 0x00000000ca200000, 0x00000000ca200000|100%| S|CS|TAMS 0x00000000ca100000, 0x00000000ca100000| Complete 
| 162|0x00000000ca200000, 0x00000000ca300000, 0x00000000ca300000|100%| S|CS|TAMS 0x00000000ca200000, 0x00000000ca200000| Complete 
| 163|0x00000000ca300000, 0x00000000ca400000, 0x00000000ca400000|100%| S|CS|TAMS 0x00000000ca300000, 0x00000000ca300000| Complete 
| 164|0x00000000ca400000, 0x00000000ca400000, 0x00000000ca500000|  0%| F|  |TAMS 0x00000000ca400000, 0x00000000ca400000| Untracked 
| 165|0x00000000ca500000, 0x00000000ca500000, 0x00000000ca600000|  0%| F|  |TAMS 0x00000000ca500000, 0x00000000ca500000| Untracked 
| 166|0x00000000ca600000, 0x00000000ca600000, 0x00000000ca700000|  0%| F|  |TAMS 0x00000000ca600000, 0x00000000ca600000| Untracked 
| 167|0x00000000ca700000, 0x00000000ca700000, 0x00000000ca800000|  0%| F|  |TAMS 0x00000000ca700000, 0x00000000ca700000| Untracked 
| 168|0x00000000ca800000, 0x00000000ca800000, 0x00000000ca900000|  0%| F|  |TAMS 0x00000000ca800000, 0x00000000ca800000| Untracked 
| 169|0x00000000ca900000, 0x00000000ca900000, 0x00000000caa00000|  0%| F|  |TAMS 0x00000000ca900000, 0x00000000ca900000| Untracked 
| 170|0x00000000caa00000, 0x00000000caa00000, 0x00000000cab00000|  0%| F|  |TAMS 0x00000000caa00000, 0x00000000caa00000| Untracked 
| 171|0x00000000cab00000, 0x00000000cab00000, 0x00000000cac00000|  0%| F|  |TAMS 0x00000000cab00000, 0x00000000cab00000| Untracked 
| 172|0x00000000cac00000, 0x00000000cac00000, 0x00000000cad00000|  0%| F|  |TAMS 0x00000000cac00000, 0x00000000cac00000| Untracked 
| 173|0x00000000cad00000, 0x00000000cad00000, 0x00000000cae00000|  0%| F|  |TAMS 0x00000000cad00000, 0x00000000cad00000| Untracked 
| 174|0x00000000cae00000, 0x00000000cae00000, 0x00000000caf00000|  0%| F|  |TAMS 0x00000000cae00000, 0x00000000cae00000| Untracked 
| 175|0x00000000caf00000, 0x00000000caf00000, 0x00000000cb000000|  0%| F|  |TAMS 0x00000000caf00000, 0x00000000caf00000| Untracked 
| 176|0x00000000cb000000, 0x00000000cb000000, 0x00000000cb100000|  0%| F|  |TAMS 0x00000000cb000000, 0x00000000cb000000| Untracked 
| 177|0x00000000cb100000, 0x00000000cb100000, 0x00000000cb200000|  0%| F|  |TAMS 0x00000000cb100000, 0x00000000cb100000| Untracked 
| 178|0x00000000cb200000, 0x00000000cb200000, 0x00000000cb300000|  0%| F|  |TAMS 0x00000000cb200000, 0x00000000cb200000| Untracked 
| 179|0x00000000cb300000, 0x00000000cb300000, 0x00000000cb400000|  0%| F|  |TAMS 0x00000000cb300000, 0x00000000cb300000| Untracked 
| 180|0x00000000cb400000, 0x00000000cb400000, 0x00000000cb500000|  0%| F|  |TAMS 0x00000000cb400000, 0x00000000cb400000| Untracked 
| 181|0x00000000cb500000, 0x00000000cb500000, 0x00000000cb600000|  0%| F|  |TAMS 0x00000000cb500000, 0x00000000cb500000| Untracked 

Card table byte_map: [0x000001529a3d0000,0x000001529a5d0000] _byte_map_base: 0x0000015299dd0000

Marking Bits (Prev, Next): (CMBitMap*) 0x000001528776a0e0, (CMBitMap*) 0x000001528776a0a0
 Prev Bits: [0x000001529b7d0000, 0x000001529c7d0000)
 Next Bits: [0x000001529a7d0000, 0x000001529b7d0000)

Polling page: 0x0000015285660000

Metaspace:

Usage:
  Non-class:     32.71 MB used.
      Class:      4.05 MB used.
       Both:     36.76 MB used.

Virtual space:
  Non-class space:       64.00 MB reserved,      32.88 MB ( 51%) committed,  1 nodes.
      Class space:        1.00 GB reserved,       4.19 MB ( <1%) committed,  1 nodes.
             Both:        1.06 GB reserved,      37.06 MB (  3%) committed. 

Chunk freelists:
   Non-Class:  14.73 MB
       Class:  11.84 MB
        Both:  26.57 MB

MaxMetaspaceSize: unlimited
CompressedClassSpaceSize: 1.00 GB
Initial GC threshold: 21.00 MB
Current GC threshold: 61.69 MB
CDS: off
MetaspaceReclaimPolicy: balanced
 - commit_granule_bytes: 65536.
 - commit_granule_words: 8192.
 - virtual_space_node_default_size: 8388608.
 - enlarge_chunks_in_place: 1.
 - new_chunks_are_fully_committed: 0.
 - uncommit_free_chunks: 1.
 - use_allocation_guard: 0.
 - handle_deallocations: 1.


Internal statistics:

num_allocs_failed_limit: 6.
num_arena_births: 336.
num_arena_deaths: 24.
num_vsnodes_births: 2.
num_vsnodes_deaths: 0.
num_space_committed: 593.
num_space_uncommitted: 0.
num_chunks_returned_to_freelist: 41.
num_chunks_taken_from_freelist: 1418.
num_chunk_merges: 7.
num_chunk_splits: 939.
num_chunks_enlarged: 650.
num_inconsistent_stats: 0.

CodeHeap 'non-profiled nmethods': size=120000Kb used=1517Kb max_used=1517Kb free=118483Kb
 bounds [0x0000015292970000, 0x0000015292be0000, 0x0000015299ea0000]
CodeHeap 'profiled nmethods': size=120000Kb used=6374Kb max_used=6374Kb free=113625Kb
 bounds [0x000001528aea0000, 0x000001528b4e0000, 0x00000152923d0000]
CodeHeap 'non-nmethods': size=5760Kb used=1374Kb max_used=1430Kb free=4385Kb
 bounds [0x00000152923d0000, 0x0000015292640000, 0x0000015292970000]
 total_blobs=4211 nmethods=3494 adapters=629
 compilation: enabled
              stopped_count=0, restarted_count=0
 full_count=0

Compilation events (20 events):
Event: 5.610 Thread 0x000001529f4cd980 nmethod 3556 0x000001528b4d2e90 code [0x000001528b4d30a0, 0x000001528b4d35c8]
Event: 5.611 Thread 0x000001529f4cd980 3559       2       com.oracle.truffle.regex.tregex.parser.RegexLexer::parseGroupBegin (100 bytes)
Event: 5.612 Thread 0x000001529f4cd980 nmethod 3559 0x000001528b4d3790 code [0x000001528b4d39c0, 0x000001528b4d3e38]
Event: 5.613 Thread 0x000001529f4cd980 3560   !   2       com.oracle.truffle.api.impl.DefaultCallTarget::initialize (38 bytes)
Event: 5.613 Thread 0x000001529f4cd980 nmethod 3560 0x000001528b4d4010 code [0x000001528b4d41c0, 0x000001528b4d43e8]
Event: 5.614 Thread 0x000001529f4cd980 3563       2       com.oracle.truffle.regex.tregex.parser.CaseFoldTable$CaseFoldTableImpl::applyCaseFold (231 bytes)
Event: 5.615 Thread 0x000001529f4cd980 nmethod 3563 0x000001528b4d4510 code [0x000001528b4d4720, 0x000001528b4d4e38]
Event: 5.615 Thread 0x000001529f4cd980 3564       2       com.oracle.truffle.regex.tregex.buffer.IntRangesBuffer$IntRangesBufferRangesIterator::next (42 bytes)
Event: 5.616 Thread 0x000001529f4cd980 nmethod 3564 0x000001528b4d5510 code [0x000001528b4d56a0, 0x000001528b4d5858]
Event: 5.616 Thread 0x000001529f4cd980 3562       2       com.oracle.truffle.regex.tregex.parser.CaseFoldTable::getTable (60 bytes)
Event: 5.616 Thread 0x000001529f4cd980 nmethod 3562 0x000001528b4d5990 code [0x000001528b4d5b60, 0x000001528b4d5e28]
Event: 5.616 Thread 0x000001529f4cd980 3565       2       com.oracle.truffle.regex.charset.SortedListOfRanges::binarySearchGetFirstIntersecting (11 bytes)
Event: 5.616 Thread 0x000001529f4cd980 nmethod 3565 0x000001528b4d5f90 code [0x000001528b4d6120, 0x000001528b4d6248]
Event: 5.621 Thread 0x000001529f4cd980 3567       2       com.oracle.js.parser.Lexer::valueOfIdent (174 bytes)
Event: 5.623 Thread 0x000001529f4cd980 nmethod 3567 0x000001528b4d6310 code [0x000001528b4d65a0, 0x000001528b4d6de8]
Event: 5.623 Thread 0x000001529f4cd980 3568       2       java.lang.String::trim (35 bytes)
Event: 5.623 Thread 0x000001529f4cd980 nmethod 3568 0x000001528b4d7410 code [0x000001528b4d75c0, 0x000001528b4d7738]
Event: 5.623 Thread 0x000001529f4cd980 3570       2       jdk.internal.math.FloatingDecimal$ASCIIToBinaryBuffer::doubleValue (1194 bytes)
Event: 5.628 Thread 0x000001529f4cd980 nmethod 3570 0x000001528b4d7810 code [0x000001528b4d7c20, 0x000001528b4d8e88]
Event: 5.629 Thread 0x000001529f4cd980 3571   !   2       jdk.internal.math.FloatingDecimal::readJavaFormatString (826 bytes)

GC Heap History (20 events):
Event: 1.607 GC heap after
{Heap after GC invocations=1 (full 0):
 garbage-first heap   total 131072K, used 8811K [0x00000000c0000000, 0x0000000100000000)
  region size 1024K, 3 young (3072K), 3 survivors (3072K)
 Metaspace       used 16858K, committed 17024K, reserved 1114112K
  class space    used 1597K, committed 1664K, reserved 1048576K
}
Event: 1.925 GC heap before
{Heap before GC invocations=1 (full 0):
 garbage-first heap   total 131072K, used 19051K [0x00000000c0000000, 0x0000000100000000)
  region size 1024K, 14 young (14336K), 3 survivors (3072K)
 Metaspace       used 21323K, committed 21504K, reserved 1114112K
  class space    used 2073K, committed 2176K, reserved 1048576K
}
Event: 1.932 GC heap after
{Heap after GC invocations=2 (full 0):
 garbage-first heap   total 131072K, used 10271K [0x00000000c0000000, 0x0000000100000000)
  region size 1024K, 2 young (2048K), 2 survivors (2048K)
 Metaspace       used 21323K, committed 21504K, reserved 1114112K
  class space    used 2073K, committed 2176K, reserved 1048576K
}
Event: 3.567 GC heap before
{Heap before GC invocations=3 (full 0):
 garbage-first heap   total 131072K, used 57375K [0x00000000c0000000, 0x0000000100000000)
  region size 1024K, 50 young (51200K), 2 survivors (2048K)
 Metaspace       used 35701K, committed 35968K, reserved 1114112K
  class space    used 3978K, committed 4096K, reserved 1048576K
}
Event: 3.581 GC heap after
{Heap after GC invocations=4 (full 0):
 garbage-first heap   total 131072K, used 13989K [0x00000000c0000000, 0x0000000100000000)
  region size 1024K, 6 young (6144K), 6 survivors (6144K)
 Metaspace       used 35701K, committed 35968K, reserved 1114112K
  class space    used 3978K, committed 4096K, reserved 1048576K
}
Event: 3.858 GC heap before
{Heap before GC invocations=5 (full 0):
 garbage-first heap   total 131072K, used 67237K [0x00000000c0000000, 0x0000000100000000)
  region size 1024K, 11 young (11264K), 6 survivors (6144K)
 Metaspace       used 36606K, committed 36928K, reserved 1114112K
  class space    used 4124K, committed 4288K, reserved 1048576K
}
Event: 3.866 GC heap after
{Heap after GC invocations=6 (full 0):
 garbage-first heap   total 131072K, used 47296K [0x00000000c0000000, 0x0000000100000000)
  region size 1024K, 6 young (6144K), 6 survivors (6144K)
 Metaspace       used 36606K, committed 36928K, reserved 1114112K
  class space    used 4124K, committed 4288K, reserved 1048576K
}
Event: 3.966 GC heap before
{Heap before GC invocations=6 (full 0):
 garbage-first heap   total 131072K, used 79040K [0x00000000c0000000, 0x0000000100000000)
  region size 1024K, 6 young (6144K), 6 survivors (6144K)
 Metaspace       used 36609K, committed 36928K, reserved 1114112K
  class space    used 4124K, committed 4288K, reserved 1048576K
}
Event: 3.975 GC heap after
{Heap after GC invocations=7 (full 0):
 garbage-first heap   total 131072K, used 62477K [0x00000000c0000000, 0x0000000100000000)
  region size 1024K, 5 young (5120K), 5 survivors (5120K)
 Metaspace       used 36609K, committed 36928K, reserved 1114112K
  class space    used 4124K, committed 4288K, reserved 1048576K
}
Event: 4.261 GC heap before
{Heap before GC invocations=7 (full 0):
 garbage-first heap   total 131072K, used 104461K [0x00000000c0000000, 0x0000000100000000)
  region size 1024K, 16 young (16384K), 5 survivors (5120K)
 Metaspace       used 37121K, committed 37376K, reserved 1114112K
  class space    used 4153K, committed 4288K, reserved 1048576K
}
Event: 4.275 GC heap after
{Heap after GC invocations=8 (full 0):
 garbage-first heap   total 164864K, used 51102K [0x00000000c0000000, 0x0000000100000000)
  region size 1024K, 6 young (6144K), 6 survivors (6144K)
 Metaspace       used 37121K, committed 37376K, reserved 1114112K
  class space    used 4153K, committed 4288K, reserved 1048576K
}
Event: 4.974 GC heap before
{Heap before GC invocations=8 (full 0):
 garbage-first heap   total 164864K, used 123806K [0x00000000c0000000, 0x0000000100000000)
  region size 1024K, 69 young (70656K), 6 survivors (6144K)
 Metaspace       used 37519K, committed 37824K, reserved 1114112K
  class space    used 4155K, committed 4288K, reserved 1048576K
}
Event: 5.018 GC heap after
{Heap after GC invocations=9 (full 0):
 garbage-first heap   total 164864K, used 86308K [0x00000000c0000000, 0x0000000100000000)
  region size 1024K, 9 young (9216K), 9 survivors (9216K)
 Metaspace       used 37519K, committed 37824K, reserved 1114112K
  class space    used 4155K, committed 4288K, reserved 1048576K
}
Event: 5.166 GC heap before
{Heap before GC invocations=9 (full 0):
 garbage-first heap   total 164864K, used 119076K [0x00000000c0000000, 0x0000000100000000)
  region size 1024K, 41 young (41984K), 9 survivors (9216K)
 Metaspace       used 37599K, committed 37888K, reserved 1114112K
  class space    used 4155K, committed 4288K, reserved 1048576K
}
Event: 5.203 GC heap after
{Heap after GC invocations=10 (full 0):
 garbage-first heap   total 164864K, used 102400K [0x00000000c0000000, 0x0000000100000000)
  region size 1024K, 6 young (6144K), 6 survivors (6144K)
 Metaspace       used 37599K, committed 37888K, reserved 1114112K
  class space    used 4155K, committed 4288K, reserved 1048576K
}
Event: 5.360 GC heap before
{Heap before GC invocations=11 (full 0):
 garbage-first heap   total 186368K, used 124928K [0x00000000c0000000, 0x0000000100000000)
  region size 1024K, 28 young (28672K), 6 survivors (6144K)
 Metaspace       used 37575K, committed 37888K, reserved 1114112K
  class space    used 4148K, committed 4288K, reserved 1048576K
}
Event: 5.388 GC heap after
{Heap after GC invocations=12 (full 0):
 garbage-first heap   total 186368K, used 113152K [0x00000000c0000000, 0x0000000100000000)
  region size 1024K, 4 young (4096K), 4 survivors (4096K)
 Metaspace       used 37575K, committed 37888K, reserved 1114112K
  class space    used 4148K, committed 4288K, reserved 1048576K
}
Event: 5.487 GC heap before
{Heap before GC invocations=12 (full 0):
 garbage-first heap   total 186368K, used 138752K [0x00000000c0000000, 0x0000000100000000)
  region size 1024K, 29 young (29696K), 4 survivors (4096K)
 Metaspace       used 37597K, committed 37952K, reserved 1114112K
  class space    used 4148K, committed 4288K, reserved 1048576K
}
Event: 5.513 GC heap after
{Heap after GC invocations=13 (full 0):
 garbage-first heap   total 186368K, used 126464K [0x00000000c0000000, 0x0000000100000000)
  region size 1024K, 4 young (4096K), 4 survivors (4096K)
 Metaspace       used 37597K, committed 37952K, reserved 1114112K
  class space    used 4148K, committed 4288K, reserved 1048576K
}
Event: 5.639 GC heap before
{Heap before GC invocations=13 (full 0):
 garbage-first heap   total 186368K, used 144896K [0x00000000c0000000, 0x0000000100000000)
  region size 1024K, 22 young (22528K), 4 survivors (4096K)
 Metaspace       used 37644K, committed 37952K, reserved 1114112K
  class space    used 4148K, committed 4288K, reserved 1048576K
}

Dll operation events (1 events):
Event: 0.021 Loaded shared library D:\atest\IntelliJ IDEA 2023.3.2\jbr\bin\java.dll

Deoptimization events (20 events):
Event: 4.935 Thread 0x00000152a4258010 DEOPT PACKING pc=0x000001528b3535c1 sp=0x00000025a7dfb610
Event: 4.935 Thread 0x00000152a4258010 DEOPT UNPACKING pc=0x0000015292427143 sp=0x00000025a7dfab10 mode 0
Event: 4.955 Thread 0x00000152a4258010 DEOPT PACKING pc=0x000001528b3535c1 sp=0x00000025a7dfb050
Event: 4.955 Thread 0x00000152a4258010 DEOPT UNPACKING pc=0x0000015292427143 sp=0x00000025a7dfa550 mode 0
Event: 5.039 Thread 0x00000152a4258010 Uncommon trap: trap_request=0xffffff45 fr.pc=0x0000015292aa2d8c relative=0x0000000000001b8c
Event: 5.039 Thread 0x00000152a4258010 Uncommon trap: reason=unstable_if action=reinterpret pc=0x0000015292aa2d8c method=com.oracle.js.parser.Parser.arrayLiteral(ZZLcom/oracle/js/parser/CoverExpressionError;)Lcom/oracle/js/parser/ir/LiteralNode; @ 91 c2
Event: 5.039 Thread 0x00000152a4258010 DEOPT PACKING pc=0x0000015292aa2d8c sp=0x00000025a7dfac00
Event: 5.039 Thread 0x00000152a4258010 DEOPT UNPACKING pc=0x00000152924269a3 sp=0x00000025a7dfabf0 mode 2
Event: 5.053 Thread 0x00000152a4258010 DEOPT PACKING pc=0x000001528b3d4da7 sp=0x00000025a7dfaef0
Event: 5.053 Thread 0x00000152a4258010 DEOPT UNPACKING pc=0x0000015292427143 sp=0x00000025a7dfa3d0 mode 0
Event: 5.066 Thread 0x00000152a4258010 DEOPT PACKING pc=0x000001528b46bf15 sp=0x00000025a7dfafd0
Event: 5.066 Thread 0x00000152a4258010 DEOPT UNPACKING pc=0x0000015292427143 sp=0x00000025a7dfa4a0 mode 0
Event: 5.388 Thread 0x00000152a4258010 Uncommon trap: trap_request=0xffffff45 fr.pc=0x0000015292a2e924 relative=0x00000000000001e4
Event: 5.388 Thread 0x00000152a4258010 Uncommon trap: reason=unstable_if action=reinterpret pc=0x0000015292a2e924 method=java.util.concurrent.ConcurrentHashMap.get(Ljava/lang/Object;)Ljava/lang/Object; @ 76 c2
Event: 5.388 Thread 0x00000152a4258010 DEOPT PACKING pc=0x0000015292a2e924 sp=0x00000025a7dfac00
Event: 5.388 Thread 0x00000152a4258010 DEOPT UNPACKING pc=0x00000152924269a3 sp=0x00000025a7dfab88 mode 2
Event: 5.621 Thread 0x00000152a4258010 Uncommon trap: trap_request=0xffffff45 fr.pc=0x0000015292a999fc relative=0x00000000000009dc
Event: 5.621 Thread 0x00000152a4258010 Uncommon trap: reason=unstable_if action=reinterpret pc=0x0000015292a999fc method=java.util.HashMap.getNode(Ljava/lang/Object;)Ljava/util/HashMap$Node; @ 131 c2
Event: 5.621 Thread 0x00000152a4258010 DEOPT PACKING pc=0x0000015292a999fc sp=0x00000025a7df99b0
Event: 5.621 Thread 0x00000152a4258010 DEOPT UNPACKING pc=0x00000152924269a3 sp=0x00000025a7df97f8 mode 2

Classes unloaded (12 events):
Event: 5.276 Thread 0x000001529f2105b0 Unloading class 0x00000001002ddc00 'java/lang/invoke/LambdaForm$MH+0x00000001002ddc00'
Event: 5.276 Thread 0x000001529f2105b0 Unloading class 0x00000001002dd400 'java/lang/invoke/LambdaForm$DMH+0x00000001002dd400'
Event: 5.276 Thread 0x000001529f2105b0 Unloading class 0x00000001002dd000 'java/lang/invoke/LambdaForm$DMH+0x00000001002dd000'
Event: 5.276 Thread 0x000001529f2105b0 Unloading class 0x00000001002dc400 'java/lang/invoke/LambdaForm$DMH+0x00000001002dc400'
Event: 5.276 Thread 0x000001529f2105b0 Unloading class 0x0000000100206400 'java/lang/invoke/LambdaForm$DMH+0x0000000100206400'
Event: 5.276 Thread 0x000001529f2105b0 Unloading class 0x0000000100205800 'jdk/internal/reflect/GeneratedSerializationConstructorAccessor15'
Event: 5.276 Thread 0x000001529f2105b0 Unloading class 0x0000000100205000 'jdk/internal/reflect/GeneratedSerializationConstructorAccessor14'
Event: 5.276 Thread 0x000001529f2105b0 Unloading class 0x0000000100204c00 'jdk/internal/reflect/GeneratedSerializationConstructorAccessor12'
Event: 5.276 Thread 0x000001529f2105b0 Unloading class 0x0000000100204400 'jdk/internal/reflect/GeneratedSerializationConstructorAccessor10'
Event: 5.276 Thread 0x000001529f2105b0 Unloading class 0x00000001001bd800 'jdk/internal/reflect/GeneratedSerializationConstructorAccessor7'
Event: 5.276 Thread 0x000001529f2105b0 Unloading class 0x00000001001bd000 'jdk/internal/reflect/GeneratedSerializationConstructorAccessor5'
Event: 5.276 Thread 0x000001529f2105b0 Unloading class 0x00000001001bc000 'jdk/internal/reflect/GeneratedSerializationConstructorAccessor1'

Classes redefined (0 events):
No events

Internal exceptions (20 events):
Event: 2.155 Thread 0x00000152a46f7d10 Exception <a 'java/lang/ClassNotFoundException'{0x00000000c7686db0}: sun/util/logging/resources/spi/loggingProvider> (0x00000000c7686db0) 
thrown [s\src\hotspot\share\classfile\systemDictionary.cpp, line 256]
Event: 2.338 Thread 0x00000152a46f7d10 Exception <a 'java/lang/NoSuchMethodError'{0x00000000c6ffaee8}: 'void java.lang.invoke.DirectMethodHandle$Holder.invokeStatic(java.lang.Object, int, java.lang.Object)'> (0x00000000c6ffaee8) 
thrown [s\src\hotspot\share\interpreter\linkResolver.cpp, line 771]
Event: 2.499 Thread 0x00000152a46f7d10 Exception <a 'java/lang/NoSuchMethodError'{0x00000000c6905f10}: 'java.lang.Object java.lang.invoke.DirectMethodHandle$Holder.invokeVirtual(java.lang.Object, java.lang.Object, java.lang.Object)'> (0x00000000c6905f10) 
thrown [s\src\hotspot\share\interpreter\linkResolver.cpp, line 771]
Event: 2.530 Thread 0x00000152a46f7d10 Exception <a 'java/lang/NoSuchMethodError'{0x00000000c6951610}: 'long java.lang.invoke.DirectMethodHandle$Holder.invokeStatic(java.lang.Object)'> (0x00000000c6951610) 
thrown [s\src\hotspot\share\interpreter\linkResolver.cpp, line 771]
Event: 2.544 Thread 0x00000152a46f5490 Exception <a 'java/lang/reflect/InvocationTargetException'{0x00000000c6976b18}> (0x00000000c6976b18) 
thrown [s\src\hotspot\share\runtime\reflection.cpp, line 1127]
Event: 2.544 Thread 0x00000152a46f6de0 Exception <a 'java/lang/reflect/InvocationTargetException'{0x00000000c6820d50}> (0x00000000c6820d50) 
thrown [s\src\hotspot\share\runtime\reflection.cpp, line 1127]
Event: 2.614 Thread 0x00000152a46f7d10 Implicit null exception at 0x00000152929f0874 to 0x00000152929f0f6c
Event: 2.623 Thread 0x00000152a46f5490 Exception <a 'java/lang/NoSuchMethodError'{0x00000000c66e1dc8}: 'void java.lang.invoke.DirectMethodHandle$Holder.invokeVirtual(java.lang.Object, java.lang.Object)'> (0x00000000c66e1dc8) 
thrown [s\src\hotspot\share\interpreter\linkResolver.cpp, line 771]
Event: 2.665 Thread 0x00000152a46f7d10 Exception <a 'java/lang/NoSuchMethodError'{0x00000000c64e1650}: 'java.lang.Object java.lang.invoke.DirectMethodHandle$Holder.newInvokeSpecial(java.lang.Object, java.lang.Object, java.lang.Object, java.lang.Object, java.lang.Object, java.lang.Object, java.lang.Object, java.lang.Object)'> (0x00000000c64e1650) 
thrown [s\src\hotspot\share\interpreter\linkResolver.cpp, line 771]
Event: 2.665 Thread 0x00000152a46f7d10 Exception <a 'java/lang/NoSuchMethodError'{0x00000000c64e69c0}: 'java.lang.Object java.lang.invoke.DirectMethodHandle$Holder.invokeSpecial(java.lang.Object, java.lang.Object, java.lang.Object, java.lang.Object, java.lang.Object, java.lang.Object, java.lang.Object, java.lang.Object, java.lang.Object)'> (0x00000000c64e69c0) 
thrown [s\src\hotspot\share\interpreter\linkResolver.cpp, line 771]
Event: 2.666 Thread 0x00000152a46f7d10 Exception <a 'java/lang/NoSuchMethodError'{0x00000000c64eb648}: 'java.lang.Object java.lang.invoke.Invokers$Holder.linkToTargetMethod(java.lang.Object, java.lang.Object, java.lang.Object, java.lang.Object, java.lang.Object, java.lang.Object, java.lang.Object, java.lang.Object)'> (0x00000000c64eb648) 
thrown [s\src\hotspot\share\interpreter\linkResolver.cpp, line 771]
Event: 2.676 Thread 0x00000152a46f7d10 Exception <a 'java/lang/NoSuchMethodError'{0x00000000c6350458}: 'java.lang.Object java.lang.invoke.DirectMethodHandle$Holder.newInvokeSpecial(java.lang.Object, java.lang.Object, java.lang.Object, java.lang.Object, java.lang.Object, java.lang.Object, java.lang.Object)'> (0x00000000c6350458) 
thrown [s\src\hotspot\share\interpreter\linkResolver.cpp, line 771]
Event: 2.676 Thread 0x00000152a46f7d10 Exception <a 'java/lang/NoSuchMethodError'{0x00000000c6354d68}: 'java.lang.Object java.lang.invoke.Invokers$Holder.linkToTargetMethod(java.lang.Object, java.lang.Object, java.lang.Object, java.lang.Object, java.lang.Object, java.lang.Object, java.lang.Object)'> (0x00000000c6354d68) 
thrown [s\src\hotspot\share\interpreter\linkResolver.cpp, line 771]
Event: 2.677 Thread 0x00000152a46f7d10 Exception <a 'java/lang/NoSuchMethodError'{0x00000000c6358de8}: 'java.lang.Object java.lang.invoke.DirectMethodHandle$Holder.invokeStatic(java.lang.Object, int, java.lang.Object, java.lang.Object)'> (0x00000000c6358de8) 
thrown [s\src\hotspot\share\interpreter\linkResolver.cpp, line 771]
Event: 2.678 Thread 0x00000152a46f7d10 Exception <a 'java/lang/NoSuchMethodError'{0x00000000c635ff50}: 'java.lang.Object java.lang.invoke.DirectMethodHandle$Holder.newInvokeSpecial(java.lang.Object, int, java.lang.Object)'> (0x00000000c635ff50) 
thrown [s\src\hotspot\share\interpreter\linkResolver.cpp, line 771]
Event: 2.682 Thread 0x00000152a46f7d10 Exception <a 'java/lang/NoSuchMethodError'{0x00000000c6377338}: 'java.lang.Object java.lang.invoke.DirectMethodHandle$Holder.invokeInterface(java.lang.Object, java.lang.Object, java.lang.Object)'> (0x00000000c6377338) 
thrown [s\src\hotspot\share\interpreter\linkResolver.cpp, line 771]
Event: 2.701 Thread 0x00000152a46f7d10 Exception <a 'java/lang/reflect/InvocationTargetException'{0x00000000c63fe4c8}> (0x00000000c63fe4c8) 
thrown [s\src\hotspot\share\runtime\reflection.cpp, line 1127]
Event: 2.790 Thread 0x00000152a46f7d10 Exception <a 'sun/nio/fs/WindowsException'{0x00000000c5f5c470}> (0x00000000c5f5c470) 
thrown [s\src\hotspot\share\prims\jni.cpp, line 517]
Event: 2.941 Thread 0x00000152a46f7d10 Implicit null exception at 0x0000015292a1d0b4 to 0x0000015292a1da2c
Event: 3.013 Thread 0x00000152a46f7d10 Exception <a 'java/lang/NoSuchMethodError'{0x00000000c5b5dac0}: 'java.lang.Object java.lang.invoke.DirectMethodHandle$Holder.newInvokeSpecial(java.lang.Object, java.lang.Object, int)'> (0x00000000c5b5dac0) 
thrown [s\src\hotspot\share\interpreter\linkResolver.cpp, line 771]

VM Operations (20 events):
Event: 3.683 Executing VM operation: HandshakeAllThreads done
Event: 3.858 Executing VM operation: G1TryInitiateConcMark
Event: 3.866 Executing VM operation: G1TryInitiateConcMark done
Event: 3.966 Executing VM operation: G1TryInitiateConcMark
Event: 3.975 Executing VM operation: G1TryInitiateConcMark done
Event: 4.261 Executing VM operation: G1TryInitiateConcMark
Event: 4.279 Executing VM operation: G1TryInitiateConcMark done
Event: 4.973 Executing VM operation: G1CollectForAllocation
Event: 5.019 Executing VM operation: G1CollectForAllocation done
Event: 5.166 Executing VM operation: G1CollectForAllocation
Event: 5.203 Executing VM operation: G1CollectForAllocation done
Event: 5.275 Executing VM operation: G1PauseRemark
Event: 5.294 Executing VM operation: G1PauseRemark done
Event: 5.294 Executing VM operation: G1PauseCleanup
Event: 5.295 Executing VM operation: G1PauseCleanup done
Event: 5.360 Executing VM operation: G1CollectForAllocation
Event: 5.388 Executing VM operation: G1CollectForAllocation done
Event: 5.487 Executing VM operation: G1CollectForAllocation
Event: 5.513 Executing VM operation: G1CollectForAllocation done
Event: 5.635 Executing VM operation: G1CollectForAllocation

Events (20 events):
Event: 3.174 loading class java/util/random/RandomGenerator$SplittableGenerator done
Event: 3.174 loading class java/util/SplittableRandom done
Event: 3.175 loading class java/util/SplittableRandom$AbstractSplittableGeneratorProxy
Event: 3.175 loading class jdk/internal/util/random/RandomSupport$AbstractSplittableGenerator
Event: 3.175 loading class jdk/internal/util/random/RandomSupport$AbstractSpliteratorGenerator
Event: 3.176 loading class jdk/internal/util/random/RandomSupport$AbstractSpliteratorGenerator done
Event: 3.176 loading class jdk/internal/util/random/RandomSupport$AbstractSplittableGenerator done
Event: 3.176 loading class java/util/SplittableRandom$AbstractSplittableGeneratorProxy done
Event: 3.672 loading class java/util/AbstractList$RandomAccessSubList
Event: 3.672 loading class java/util/AbstractList$SubList
Event: 3.673 loading class java/util/AbstractList$SubList done
Event: 3.673 loading class java/util/AbstractList$RandomAccessSubList done
Event: 3.673 loading class java/util/AbstractList$SubList$1
Event: 3.673 loading class java/util/AbstractList$SubList$1 done
Event: 3.708 loading class java/time/temporal/UnsupportedTemporalTypeException
Event: 3.708 loading class java/time/temporal/UnsupportedTemporalTypeException done
Event: 3.849 Thread 0x00000152a4f3a280 Thread exited: 0x00000152a4f3a280
Event: 3.879 Thread 0x000001529f7529d0 Thread exited: 0x000001529f7529d0
Event: 4.049 Thread 0x00000152a4f3a280 Thread added: 0x00000152a4f3a280
Event: 4.131 Thread 0x00000152a562ca40 Thread added: 0x00000152a562ca40


Dynamic libraries:
0x00007ff6e5f20000 - 0x00007ff6e5f2a000 	D:\atest\IntelliJ IDEA 2023.3.2\jbr\bin\java.exe
0x00007ffc68290000 - 0x00007ffc684a6000 	C:\Windows\SYSTEM32\ntdll.dll
0x00007ffc670b0000 - 0x00007ffc67174000 	C:\Windows\System32\KERNEL32.DLL
0x00007ffc65780000 - 0x00007ffc65b27000 	C:\Windows\System32\KERNELBASE.dll
0x00007ffc65c80000 - 0x00007ffc65d91000 	C:\Windows\System32\ucrtbase.dll
0x00007ffbe9ba0000 - 0x00007ffbe9bb7000 	D:\atest\IntelliJ IDEA 2023.3.2\jbr\bin\jli.dll
0x00007ffc52d00000 - 0x00007ffc52d1b000 	D:\atest\IntelliJ IDEA 2023.3.2\jbr\bin\VCRUNTIME140.dll
0x00007ffc67180000 - 0x00007ffc6732e000 	C:\Windows\System32\USER32.dll
0x00007ffc51f60000 - 0x00007ffc521f3000 	C:\Windows\WinSxS\amd64_microsoft.windows.common-controls_6595b64144ccf1df_6.0.22621.3235_none_270f74e173860f98\COMCTL32.dll
0x00007ffc65b30000 - 0x00007ffc65b56000 	C:\Windows\System32\win32u.dll
0x00007ffc66e00000 - 0x00007ffc66ea7000 	C:\Windows\System32\msvcrt.dll
0x00007ffc66490000 - 0x00007ffc664b9000 	C:\Windows\System32\GDI32.dll
0x00007ffc65b60000 - 0x00007ffc65c79000 	C:\Windows\System32\gdi32full.dll
0x00007ffc656e0000 - 0x00007ffc6577a000 	C:\Windows\System32\msvcp_win.dll
0x00007ffc66ec0000 - 0x00007ffc66ef1000 	C:\Windows\System32\IMM32.DLL
0x00007ffc5d500000 - 0x00007ffc5d50c000 	D:\atest\IntelliJ IDEA 2023.3.2\jbr\bin\vcruntime140_1.dll
0x00007ffc4ade0000 - 0x00007ffc4ae6d000 	D:\atest\IntelliJ IDEA 2023.3.2\jbr\bin\msvcp140.dll
0x00007ffbe9bc0000 - 0x00007ffbea842000 	D:\atest\IntelliJ IDEA 2023.3.2\jbr\bin\server\jvm.dll
0x00007ffc66d20000 - 0x00007ffc66dd2000 	C:\Windows\System32\ADVAPI32.dll
0x00007ffc66fe0000 - 0x00007ffc67088000 	C:\Windows\System32\sechost.dll
0x00007ffc65f10000 - 0x00007ffc65f38000 	C:\Windows\System32\bcrypt.dll
0x00007ffc67600000 - 0x00007ffc67715000 	C:\Windows\System32\RPCRT4.dll
0x00007ffc39fa0000 - 0x00007ffc39fa9000 	C:\Windows\SYSTEM32\WSOCK32.dll
0x00007ffc65480000 - 0x00007ffc654cd000 	C:\Windows\SYSTEM32\POWRPROF.dll
0x00007ffc59970000 - 0x00007ffc5997a000 	C:\Windows\SYSTEM32\VERSION.dll
0x00007ffc67850000 - 0x00007ffc678c1000 	C:\Windows\System32\WS2_32.dll
0x00007ffc5c000000 - 0x00007ffc5c034000 	C:\Windows\SYSTEM32\WINMM.dll
0x00007ffc65460000 - 0x00007ffc65473000 	C:\Windows\SYSTEM32\UMPDC.dll
0x00007ffc645c0000 - 0x00007ffc645d8000 	C:\Windows\SYSTEM32\kernel.appcore.dll
0x00007ffc54e80000 - 0x00007ffc54e8a000 	D:\atest\IntelliJ IDEA 2023.3.2\jbr\bin\jimage.dll
0x00007ffc627e0000 - 0x00007ffc62a13000 	C:\Windows\SYSTEM32\DBGHELP.DLL
0x00007ffc678d0000 - 0x00007ffc67c58000 	C:\Windows\System32\combase.dll
0x00007ffc68170000 - 0x00007ffc68247000 	C:\Windows\System32\OLEAUT32.dll
0x00007ffc4a240000 - 0x00007ffc4a272000 	C:\Windows\SYSTEM32\dbgcore.DLL
0x00007ffc65f40000 - 0x00007ffc65fb9000 	C:\Windows\System32\bcryptPrimitives.dll
0x00007ffbe9b70000 - 0x00007ffbe9b95000 	D:\atest\IntelliJ IDEA 2023.3.2\jbr\bin\java.dll
0x00007ffbf3fd0000 - 0x00007ffbf3fe8000 	D:\atest\IntelliJ IDEA 2023.3.2\jbr\bin\zip.dll
0x00007ffc664c0000 - 0x00007ffc66d1c000 	C:\Windows\System32\SHELL32.dll
0x00007ffc634c0000 - 0x00007ffc63db9000 	C:\Windows\SYSTEM32\windows.storage.dll
0x00007ffc63380000 - 0x00007ffc634be000 	C:\Windows\SYSTEM32\wintypes.dll
0x00007ffc67730000 - 0x00007ffc67823000 	C:\Windows\System32\SHCORE.dll
0x00007ffc66f80000 - 0x00007ffc66fde000 	C:\Windows\System32\shlwapi.dll
0x00007ffc654e0000 - 0x00007ffc65501000 	C:\Windows\SYSTEM32\profapi.dll
0x00007ffbe9460000 - 0x00007ffbe9479000 	D:\atest\IntelliJ IDEA 2023.3.2\jbr\bin\net.dll
0x00007ffc5c260000 - 0x00007ffc5c396000 	C:\Windows\SYSTEM32\WINHTTP.dll
0x00007ffc64a40000 - 0x00007ffc64aa9000 	C:\Windows\system32\mswsock.dll
0x00007ffbe9440000 - 0x00007ffbe9456000 	D:\atest\IntelliJ IDEA 2023.3.2\jbr\bin\nio.dll
0x00007ffc64060000 - 0x00007ffc6408d000 	C:\Windows\SYSTEM32\IPHLPAPI.DLL
0x00007ffc66eb0000 - 0x00007ffc66eb9000 	C:\Windows\System32\NSI.dll
0x00007ffc5bfe0000 - 0x00007ffc5bff9000 	C:\Windows\SYSTEM32\dhcpcsvc6.DLL
0x00007ffc5bfc0000 - 0x00007ffc5bfdf000 	C:\Windows\SYSTEM32\dhcpcsvc.DLL
0x00007ffc64090000 - 0x00007ffc64189000 	C:\Windows\SYSTEM32\DNSAPI.dll
0x00007ffc64cc0000 - 0x00007ffc64cdb000 	C:\Windows\SYSTEM32\CRYPTSP.dll
0x00007ffc64520000 - 0x00007ffc64555000 	C:\Windows\system32\rsaenh.dll
0x00007ffc64b60000 - 0x00007ffc64b88000 	C:\Windows\SYSTEM32\USERENV.dll
0x00007ffc64ce0000 - 0x00007ffc64cec000 	C:\Windows\SYSTEM32\CRYPTBASE.dll
0x00007ffc52ab0000 - 0x00007ffc52ab7000 	D:\atest\IntelliJ IDEA 2023.3.2\jbr\bin\rmi.dll
0x00007ffc5e080000 - 0x00007ffc5e08a000 	C:\Windows\System32\rasadhlp.dll
0x00007ffc59fa0000 - 0x00007ffc5a023000 	C:\Windows\System32\fwpuclnt.dll

dbghelp: loaded successfully - version: 4.0.5 - missing functions: none
symbol engine: initialized successfully - sym options: 0x614 - pdb path: .;D:\atest\IntelliJ IDEA 2023.3.2\jbr\bin;C:\Windows\SYSTEM32;C:\Windows\WinSxS\amd64_microsoft.windows.common-controls_6595b64144ccf1df_6.0.22621.3235_none_270f74e173860f98;D:\atest\IntelliJ IDEA 2023.3.2\jbr\bin\server

VM Arguments:
jvm_args: -Djava.rmi.server.hostname=127.0.0.1 -Duser.timezone=UTC -Xmx1024m -Xms128m -Djdbc.classpath=D:\atest\IntelliJ IDEA 2023.3.2\plugins\DatabaseTools\lib\jdbc-console.jar;C:\Users\mihai\AppData\Roaming\JetBrains\IntelliJIdea2023.3\jdbc-drivers\MongoDB\1.18\mongo-jdbc-standalone-1.18.jar --add-exports=java.desktop/sun.awt=ALL-UNNAMED --add-exports=java.desktop/java.awt.peer=ALL-UNNAMED --add-opens=java.desktop/java.awt=ALL-UNNAMED --add-opens=jdk.unsupported/sun.misc=ALL-UNNAMED --add-opens=java.base/java.nio=ALL-UNNAMED --add-opens=java.base/java.util=ALL-UNNAMED -Dfile.encoding=UTF-8 
java_command: com.intellij.database.remote.RemoteJdbcServer com.dbschema.MongoJdbcDriver
java_class_path (initial): D:\atest\IntelliJ IDEA 2023.3.2\lib\util_rt.jar;D:\atest\IntelliJ IDEA 2023.3.2\lib\util-8.jar;D:\atest\IntelliJ IDEA 2023.3.2\lib\groovy.jar;D:\atest\IntelliJ IDEA 2023.3.2\plugins\DatabaseTools\lib\jdbc-console.jar;D:\atest\IntelliJ IDEA 2023.3.2\plugins\grid-core-impl\lib\jdbc-console-types.jar;D:\atest\IntelliJ IDEA 2023.3.2\lib\util.jar
Launcher Type: SUN_STANDARD

[Global flags]
     intx CICompilerCount                          = 4                                         {product} {ergonomic}
     uint ConcGCThreads                            = 2                                         {product} {ergonomic}
     uint G1ConcRefinementThreads                  = 8                                         {product} {ergonomic}
   size_t G1HeapRegionSize                         = 1048576                                   {product} {ergonomic}
    uintx GCDrainStackTargetSize                   = 64                                        {product} {ergonomic}
   size_t InitialHeapSize                          = 134217728                                 {product} {command line}
   size_t MarkStackSize                            = 4194304                                   {product} {ergonomic}
   size_t MaxHeapSize                              = 1073741824                                {product} {command line}
   size_t MaxNewSize                               = 643825664                                 {product} {ergonomic}
   size_t MinHeapDeltaBytes                        = 1048576                                   {product} {ergonomic}
   size_t MinHeapSize                              = 134217728                                 {product} {command line}
    uintx NonNMethodCodeHeapSize                   = 5839372                                {pd product} {ergonomic}
    uintx NonProfiledCodeHeapSize                  = 122909434                              {pd product} {ergonomic}
    uintx ProfiledCodeHeapSize                     = 122909434                              {pd product} {ergonomic}
    uintx ReservedCodeCacheSize                    = 251658240                              {pd product} {ergonomic}
     bool SegmentedCodeCache                       = true                                      {product} {ergonomic}
   size_t SoftMaxHeapSize                          = 1073741824                             {manageable} {ergonomic}
     bool UseCompressedClassPointers               = true                           {product lp64_product} {ergonomic}
     bool UseCompressedOops                        = true                           {product lp64_product} {ergonomic}
     bool UseG1GC                                  = true                                      {product} {ergonomic}
     bool UseLargePagesIndividualAllocation        = false                                  {pd product} {ergonomic}

Logging:
Log output configuration:
 #0: stdout all=warning uptime,level,tags
 #1: stderr all=off uptime,level,tags

Environment Variables:
PATH=C:\ProgramData\Oracle\Java\javapath;C:\Program Files (x86)\Common Files\Oracle\Java\javapath;C:\Program Files (x86)\NVIDIA Corporation\PhysX\Common;C:\Program Files\Eclipse Adoptium\jdk-17.0.6.10-hotspot\bin;C:\Windows\system32;C:\Windows;C:\Windows\System32\Wbem;C:\Windows\System32\WindowsPowerShell\v1.0\;C:\Windows\System32\OpenSSH\;C:\ProgramData\chocolatey\bin;C:\Windows\System32;C:\Program Files\Git\cmd;D:\flutter\flutter\bin;C:\Program Files\Git\usr\bin;C:\Program Files\dotnet\;C:\tools\lxrunoffline;;C:\Program Files\PowerShell\7\;C:\Program Files\Docker\Docker\resources\bin;C:\Program Files\Go\bin;C:\Users\mihai\AppData\Local\Microsoft\WindowsApps;D:\Games\programmmist\Microsoft VS Code\bin;C:\tools\flutter\bin;";C:\Program Files\Git\bin\git.exe;C:\Program Files\Git\cmd";D:\flutter\flutter\bin;D:\atest\IntelliJ IDEA 2023.3.2\bin;;C:\Users\mihai\AppData\Local\Programs\Microsoft VS Code\bin;D:\tmp\PyCharm 2023.1.3\bin;;D:\flutter\andros;C:\Users\mihai\go\bin;D:\trash\archit\bin;
USERNAME=mihai
OS=Windows_NT
PROCESSOR_IDENTIFIER=AMD64 Family 23 Model 24 Stepping 1, AuthenticAMD
TMP=C:\Users\mihai\AppData\Local\Temp
TEMP=C:\Users\mihai\AppData\Local\Temp



Periodic native trim disabled

JNI global refs:
JNI global refs: 21, weak refs: 44

JNI global refs memory usage: 843, weak refs: 841

OOME stack traces (most recent first):
Classloader memory used:
Loader com.intellij.database.remote.jdbc.impl.JdbcClassLoader$JdbcClassLoaderImpl      : 2558K
Loader bootstrap                                                                       : 1961K
Loader jdk.internal.loader.ClassLoaders$AppClassLoader                                 : 140K
Loader jdk.internal.loader.ClassLoaders$PlatformClassLoader                            : 37484B
Loader jdk.internal.reflect.DelegatingClassLoader                                      : 9177B


---------------  S Y S T E M  ---------------

OS:
 Windows 11 , 64 bit Build 22621 (10.0.22621.3374)
OS uptime: 0 days 2:08 hours
Hyper-V role detected

CPU: total 8 (initial active 8) (8 cores per cpu, 2 threads per core) family 23 model 24 stepping 1 microcode 0x0, cx8, cmov, fxsr, ht, mmx, 3dnowpref, sse, sse2, sse3, ssse3, sse4a, sse4.1, sse4.2, popcnt, lzcnt, tsc, tscinvbit, avx, avx2, aes, clmul, bmi1, bmi2, adx, sha, fma, vzeroupper, clflush, clflushopt, hv
Processor Information for all 8 processors :
  Max Mhz: 2300, Current Mhz: 2300, Mhz Limit: 2300

Memory: 4k page, system-wide physical 15295M (544M free)
TotalPageFile size 30281M (AvailPageFile size 101M)
current process WorkingSet (physical memory assigned to process): 309M, peak: 309M
current process commit charge ("private bytes"): 342M, peak: 522M

vm_info: OpenJDK 64-Bit Server VM (17.0.9+7-b1087.9) for windows-amd64 JRE (17.0.9+7-b1087.9), built on 2023-12-05 by "builduser" with MS VC++ 16.10 / 16.11 (VS2019)

END.
