#
# There is insufficient memory for the Java Runtime Environment to continue.
# Native memory allocation (malloc) failed to allocate 886416 bytes for Chunk::new
# Possible reasons:
#   The system is out of physical RAM or swap space
#   The process is running with CompressedOops enabled, and the Java Heap may be blocking the growth of the native heap
# Possible solutions:
#   Reduce memory load on the system
#   Increase physical memory or swap space
#   Check if swap backing store is full
#   Decrease Java heap size (-Xmx/-Xms)
#   Decrease number of Java threads
#   Decrease Java thread stack sizes (-Xss)
#   Set larger code cache with -XX:ReservedCodeCacheSize=
#   JVM is running with Unscaled Compressed Oops mode in which the Java heap is
#     placed in the first 4GB address space. The Java Heap base address is the
#     maximum limit for the native heap growth. Please use -XX:HeapBaseMinAddress
#     to set the Java Heap base and to place the Java Heap above 4GB virtual address.
# This output file may be truncated or incomplete.
#
#  Out of Memory Error (arena.cpp:191), pid=20116, tid=16380
#
# JRE version: OpenJDK Runtime Environment JBR-17.0.9+7-1087.9-jcef (17.0.9+7) (build 17.0.9+7-b1087.9)
# Java VM: OpenJDK 64-Bit Server VM JBR-17.0.9+7-1087.9-jcef (17.0.9+7-b1087.9, mixed mode, tiered, compressed oops, compressed class ptrs, g1 gc, windows-amd64)
# No core dump will be written. Minidumps are not enabled by default on client versions of Windows
#

---------------  S U M M A R Y ------------

Command Line: -Djava.rmi.server.hostname=127.0.0.1 -Duser.timezone=UTC -Xmx1024m -Xms128m -Djdbc.classpath=D:\atest\IntelliJ IDEA 2023.3.2\plugins\DatabaseTools\lib\jdbc-console.jar;C:\Users\mihai\AppData\Roaming\JetBrains\IntelliJIdea2023.3\jdbc-drivers\MongoDB\1.18\mongo-jdbc-standalone-1.18.jar --add-exports=java.desktop/sun.awt=ALL-UNNAMED --add-exports=java.desktop/java.awt.peer=ALL-UNNAMED --add-opens=java.desktop/java.awt=ALL-UNNAMED --add-opens=jdk.unsupported/sun.misc=ALL-UNNAMED --add-opens=java.base/java.nio=ALL-UNNAMED --add-opens=java.base/java.util=ALL-UNNAMED -Dfile.encoding=UTF-8 com.intellij.database.remote.RemoteJdbcServer com.dbschema.MongoJdbcDriver

Host: AMD Ryzen 7 3700U with Radeon Vega Mobile Gfx  , 8 cores, 14G,  Windows 11 , 64 bit Build 22621 (10.0.22621.3374)
Time: Sun Apr 14 16:36:50 2024 RTZ 2 (s 11 , 64 bit Build 22621 (10.0.22621.3374) elapsed time: 5.754159 seconds (0d 0h 0m 5s)

---------------  T H R E A D  ---------------

Current thread (0x00000209945a8ae0):  JavaThread "C2 CompilerThread1" daemon [_thread_in_native, id=16380, stack(0x0000007a0ef00000,0x0000007a0f000000)]


Current CompileTask:
C2:   5754 2721       4       com.oracle.js.parser.Lexer::getValueOf (380 bytes)

Stack: [0x0000007a0ef00000,0x0000007a0f000000]
Native frames: (J=compiled Java code, j=interpreted, Vv=VM code, C=native code)
V  [jvm.dll+0x688349]
V  [jvm.dll+0x841bfa]
V  [jvm.dll+0x84383e]
V  [jvm.dll+0x843ea3]
V  [jvm.dll+0x24bdef]
V  [jvm.dll+0xac44c]
V  [jvm.dll+0xaca9c]
V  [jvm.dll+0x36be22]
V  [jvm.dll+0x1be436]
V  [jvm.dll+0x21dbb9]
V  [jvm.dll+0x21ce81]
V  [jvm.dll+0x1a66dd]
V  [jvm.dll+0x22cd28]
V  [jvm.dll+0x22ae60]
V  [jvm.dll+0x7f6087]
V  [jvm.dll+0x7f043a]
V  [jvm.dll+0x6871c5]
C  [ucrtbase.dll+0x29333]
C  [KERNEL32.DLL+0x1257d]
C  [ntdll.dll+0x5aa48]


---------------  P R O C E S S  ---------------

Threads class SMR info:
_java_thread_list=0x00000209947bd6b0, length=31, elements={
0x00000209f676daa0, 0x00000209ff288800, 0x00000209ff289590, 0x00000209ff40f980,
0x00000209ff410350, 0x00000209ff410e10, 0x00000209ff440020, 0x00000209ff440c20,
0x00000209ff44caf0, 0x00000209ff457cd0, 0x00000209ff5b23c0, 0x00000209ff5b28a0,
0x00000209932460c0, 0x0000020993244990, 0x0000020993436820, 0x0000020993461070,
0x0000020993528d10, 0x000002099352b050, 0x0000020993795b20, 0x0000020993797470,
0x00000209937988b0, 0x0000020993797e90, 0x0000020993796f60, 0x0000020993796540,
0x0000020993798dc0, 0x00000209937992d0, 0x0000020993796030, 0x00000209937983a0,
0x0000020993796a50, 0x00000209945a8ae0, 0x00000209945a8590
}

Java Threads: ( => current thread )
  0x00000209f676daa0 JavaThread "main" [_thread_blocked, id=24520, stack(0x0000007a0d000000,0x0000007a0d100000)]
  0x00000209ff288800 JavaThread "Reference Handler" daemon [_thread_blocked, id=23424, stack(0x0000007a0d700000,0x0000007a0d800000)]
  0x00000209ff289590 JavaThread "Finalizer" daemon [_thread_blocked, id=23628, stack(0x0000007a0d800000,0x0000007a0d900000)]
  0x00000209ff40f980 JavaThread "Signal Dispatcher" daemon [_thread_blocked, id=24548, stack(0x0000007a0d900000,0x0000007a0da00000)]
  0x00000209ff410350 JavaThread "Attach Listener" daemon [_thread_blocked, id=19412, stack(0x0000007a0da00000,0x0000007a0db00000)]
  0x00000209ff410e10 JavaThread "Service Thread" daemon [_thread_blocked, id=23584, stack(0x0000007a0db00000,0x0000007a0dc00000)]
  0x00000209ff440020 JavaThread "Monitor Deflation Thread" daemon [_thread_blocked, id=23596, stack(0x0000007a0dc00000,0x0000007a0dd00000)]
  0x00000209ff440c20 JavaThread "C2 CompilerThread0" daemon [_thread_in_native, id=24244, stack(0x0000007a0dd00000,0x0000007a0de00000)]
  0x00000209ff44caf0 JavaThread "C1 CompilerThread0" daemon [_thread_blocked, id=24020, stack(0x0000007a0de00000,0x0000007a0df00000)]
  0x00000209ff457cd0 JavaThread "Sweeper thread" daemon [_thread_blocked, id=21652, stack(0x0000007a0df00000,0x0000007a0e000000)]
  0x00000209ff5b23c0 JavaThread "Common-Cleaner" daemon [_thread_blocked, id=23664, stack(0x0000007a0e000000,0x0000007a0e100000)]
  0x00000209ff5b28a0 JavaThread "Notification Thread" daemon [_thread_blocked, id=18488, stack(0x0000007a0e100000,0x0000007a0e200000)]
  0x00000209932460c0 JavaThread "MongoShell ExecutorService" daemon [_thread_in_Java, id=19696, stack(0x0000007a0e300000,0x0000007a0e400000)]
  0x0000020993244990 JavaThread "MongoShell ExecutorService" daemon [_thread_in_Java, id=14100, stack(0x0000007a0e400000,0x0000007a0e500000)]
  0x0000020993436820 JavaThread "RMI TCP Accept-7410" daemon [_thread_in_native, id=23692, stack(0x0000007a0eb00000,0x0000007a0ec00000)]
  0x0000020993461070 JavaThread "RMI TCP Accept-0" daemon [_thread_in_native, id=19540, stack(0x0000007a0ec00000,0x0000007a0ed00000)]
  0x0000020993528d10 JavaThread "RMI Reaper" [_thread_blocked, id=20140, stack(0x0000007a0ed00000,0x0000007a0ee00000)]
  0x000002099352b050 JavaThread "RMI GC Daemon" daemon [_thread_blocked, id=15840, stack(0x0000007a0ee00000,0x0000007a0ef00000)]
  0x0000020993795b20 JavaThread "RMI TCP Connection(2)-127.0.0.1" daemon [_thread_in_native, id=7556, stack(0x0000007a0f000000,0x0000007a0f100000)]
  0x0000020993797470 JavaThread "RMI TCP Connection(1)-127.0.0.1" daemon [_thread_in_native, id=23060, stack(0x0000007a0f100000,0x0000007a0f200000)]
  0x00000209937988b0 JavaThread "RMI TCP Connection(3)-127.0.0.1" daemon [_thread_blocked, id=24228, stack(0x0000007a0f200000,0x0000007a0f300000)]
  0x0000020993797e90 JavaThread "RMI TCP Connection(4)-127.0.0.1" daemon [_thread_in_native, id=22884, stack(0x0000007a0f300000,0x0000007a0f400000)]
  0x0000020993796f60 JavaThread "RMI Scheduler(0)" daemon [_thread_blocked, id=21132, stack(0x0000007a0f400000,0x0000007a0f500000)]
  0x0000020993796540 JavaThread "RMI RenewClean-[127.0.0.1:49984]" daemon [_thread_blocked, id=22716, stack(0x0000007a0f500000,0x0000007a0f600000)]
  0x0000020993798dc0 JavaThread "MongoShell ExecutorService" daemon [_thread_in_Java, id=24008, stack(0x0000007a0f800000,0x0000007a0f900000)]
  0x00000209937992d0 JavaThread "BufferPoolPruner-1-thread-1" daemon [_thread_blocked, id=23452, stack(0x0000007a0f900000,0x0000007a0fa00000)]
  0x0000020993796030 JavaThread "cluster-ClusterId{value='661bdbef52501456deac0248', description='DataGrip'}-localhost:27019" daemon [_thread_in_native, id=17716, stack(0x0000007a0fa00000,0x0000007a0fb00000)]
  0x00000209937983a0 JavaThread "cluster-rtt-ClusterId{value='661bdbef52501456deac0248', description='DataGrip'}-localhost:27019" daemon [_thread_blocked, id=8116, stack(0x0000007a0fb00000,0x0000007a0fc00000)]
  0x0000020993796a50 JavaThread "MaintenanceTimer-2-thread-1" daemon [_thread_blocked, id=21324, stack(0x0000007a0fd00000,0x0000007a0fe00000)]
=>0x00000209945a8ae0 JavaThread "C2 CompilerThread1" daemon [_thread_in_native, id=16380, stack(0x0000007a0ef00000,0x0000007a0f000000)]
  0x00000209945a8590 JavaThread "C2 CompilerThread2" daemon [_thread_in_native, id=22816, stack(0x0000007a0fe00000,0x0000007a0ff00000)]

Other Threads:
  0x00000209ff2a2a20 VMThread "VM Thread" [stack: 0x0000007a0d600000,0x0000007a0d700000] [id=17380]
  0x00000209ff5b2d80 WatcherThread [stack: 0x0000007a0e200000,0x0000007a0e300000] [id=23684]
  0x00000209f67aa6b0 GCTaskThread "GC Thread#0" [stack: 0x0000007a0d100000,0x0000007a0d200000] [id=24560]
  0x000002099335eaf0 GCTaskThread "GC Thread#1" [stack: 0x0000007a0e500000,0x0000007a0e600000] [id=23288]
  0x00000209933e2cf0 GCTaskThread "GC Thread#2" [stack: 0x0000007a0e600000,0x0000007a0e700000] [id=22312]
  0x00000209933d1cc0 GCTaskThread "GC Thread#3" [stack: 0x0000007a0e700000,0x0000007a0e800000] [id=23852]
  0x00000209933287c0 GCTaskThread "GC Thread#4" [stack: 0x0000007a0e800000,0x0000007a0e900000] [id=20144]
  0x0000020993356f60 GCTaskThread "GC Thread#5" [stack: 0x0000007a0e900000,0x0000007a0ea00000] [id=24440]
  0x0000020993357220 GCTaskThread "GC Thread#6" [stack: 0x0000007a0ea00000,0x0000007a0eb00000] [id=24444]
  0x00000209936f9d20 GCTaskThread "GC Thread#7" [stack: 0x0000007a0f600000,0x0000007a0f700000] [id=7144]
  0x00000209f67b3600 ConcurrentGCThread "G1 Main Marker" [stack: 0x0000007a0d200000,0x0000007a0d300000] [id=24556]
  0x00000209f67b4020 ConcurrentGCThread "G1 Conc#0" [stack: 0x0000007a0d300000,0x0000007a0d400000] [id=24552]
  0x00000209939b1e50 ConcurrentGCThread "G1 Conc#1" [stack: 0x0000007a0f700000,0x0000007a0f800000] [id=18552]
  0x00000209f681eb20 ConcurrentGCThread "G1 Refine#0" [stack: 0x0000007a0d400000,0x0000007a0d500000] [id=24544]
  0x00000209945f8a80 ConcurrentGCThread "G1 Refine#1" [stack: 0x0000007a0ff00000,0x0000007a10000000] [id=23844]
  0x00000209945f8d70 ConcurrentGCThread "G1 Refine#2" [stack: 0x0000007a10000000,0x0000007a10100000] [id=10312]
  0x00000209945f9060 ConcurrentGCThread "G1 Refine#3" [stack: 0x0000007a10100000,0x0000007a10200000] [id=21648]
  0x00000209945f8790 ConcurrentGCThread "G1 Refine#4" [stack: 0x0000007a10200000,0x0000007a10300000] [id=22280]
  0x00000209ff0fa760 ConcurrentGCThread "G1 Service" [stack: 0x0000007a0d500000,0x0000007a0d600000] [id=15932]

Threads with active compile tasks:
C2 CompilerThread0     5795 3593       4       com.oracle.js.parser.Lexer::valueOfIdent (174 bytes)
C1 CompilerThread0     5795 3612       2       com.oracle.truffle.regex.RegexOptions$Builder::parseBooleanOption (97 bytes)
C2 CompilerThread1     5795 2721       4       com.oracle.js.parser.Lexer::getValueOf (380 bytes)
C2 CompilerThread2     5795 3588       4       com.oracle.js.parser.Lexer::valueOfString (747 bytes)

VM state: not at safepoint (normal execution)

VM Mutex/Monitor currently owned by a thread: None

Heap address: 0x00000000c0000000, size: 1024 MB, Compressed Oops mode: 32-bit

CDS archive(s) not mapped
Compressed class space mapped at: 0x0000000100000000-0x0000000140000000, reserved size: 1073741824
Narrow klass base: 0x0000000000000000, Narrow klass shift: 3, Narrow klass range: 0x140000000

GC Precious Log:
 CPUs: 8 total, 8 available
 Memory: 15295M
 Large Page Support: Disabled
 NUMA Support: Disabled
 Compressed Oops: Enabled (32-bit)
 Heap Region Size: 1M
 Heap Min Capacity: 128M
 Heap Initial Capacity: 128M
 Heap Max Capacity: 1G
 Pre-touch: Disabled
 Parallel Workers: 8
 Concurrent Workers: 2
 Concurrent Refinement Workers: 8
 Periodic GC: Disabled

Heap:
 garbage-first heap   total 239616K, used 162304K [0x00000000c0000000, 0x0000000100000000)
  region size 1024K, 21 young (21504K), 3 survivors (3072K)
 Metaspace       used 37848K, committed 38144K, reserved 1114112K
  class space    used 4173K, committed 4288K, reserved 1048576K

Heap Regions: E=young(eden), S=young(survivor), O=old, HS=humongous(starts), HC=humongous(continues), CS=collection set, F=free, OA=open archive, CA=closed archive, TAMS=top-at-mark-start (previous, next)
|   0|0x00000000c0000000, 0x00000000c0100000, 0x00000000c0100000|100%|HS|  |TAMS 0x00000000c0100000, 0x00000000c0000000| Complete 
|   1|0x00000000c0100000, 0x00000000c0200000, 0x00000000c0200000|100%|HC|  |TAMS 0x00000000c0200000, 0x00000000c0100000| Complete 
|   2|0x00000000c0200000, 0x00000000c0300000, 0x00000000c0300000|100%|HC|  |TAMS 0x00000000c0300000, 0x00000000c0200000| Complete 
|   3|0x00000000c0300000, 0x00000000c0400000, 0x00000000c0400000|100%|HS|  |TAMS 0x00000000c0400000, 0x00000000c0300000| Complete 
|   4|0x00000000c0400000, 0x00000000c0500000, 0x00000000c0500000|100%|HC|  |TAMS 0x00000000c0500000, 0x00000000c0400000| Complete 
|   5|0x00000000c0500000, 0x00000000c0600000, 0x00000000c0600000|100%| O|  |TAMS 0x00000000c0600000, 0x00000000c0500000| Untracked 
|   6|0x00000000c0600000, 0x00000000c0700000, 0x00000000c0700000|100%| O|  |TAMS 0x00000000c0700000, 0x00000000c0600000| Untracked 
|   7|0x00000000c0700000, 0x00000000c0800000, 0x00000000c0800000|100%| O|  |TAMS 0x00000000c0800000, 0x00000000c0700000| Untracked 
|   8|0x00000000c0800000, 0x00000000c0900000, 0x00000000c0900000|100%| O|  |TAMS 0x00000000c0900000, 0x00000000c0800000| Untracked 
|   9|0x00000000c0900000, 0x00000000c0a00000, 0x00000000c0a00000|100%| O|  |TAMS 0x00000000c0a00000, 0x00000000c0900000| Untracked 
|  10|0x00000000c0a00000, 0x00000000c0b00000, 0x00000000c0b00000|100%| O|  |TAMS 0x00000000c0b00000, 0x00000000c0a00000| Untracked 
|  11|0x00000000c0b00000, 0x00000000c0c00000, 0x00000000c0c00000|100%| O|  |TAMS 0x00000000c0c00000, 0x00000000c0b00000| Untracked 
|  12|0x00000000c0c00000, 0x00000000c0d00000, 0x00000000c0d00000|100%| O|  |TAMS 0x00000000c0d00000, 0x00000000c0c00000| Untracked 
|  13|0x00000000c0d00000, 0x00000000c0e00000, 0x00000000c0e00000|100%| O|  |TAMS 0x00000000c0e00000, 0x00000000c0d00000| Untracked 
|  14|0x00000000c0e00000, 0x00000000c0f00000, 0x00000000c0f00000|100%| O|  |TAMS 0x00000000c0f00000, 0x00000000c0e00000| Untracked 
|  15|0x00000000c0f00000, 0x00000000c1000000, 0x00000000c1000000|100%| O|  |TAMS 0x00000000c1000000, 0x00000000c0f00000| Untracked 
|  16|0x00000000c1000000, 0x00000000c1100000, 0x00000000c1100000|100%| O|  |TAMS 0x00000000c1100000, 0x00000000c1000000| Untracked 
|  17|0x00000000c1100000, 0x00000000c1200000, 0x00000000c1200000|100%| O|  |TAMS 0x00000000c1200000, 0x00000000c1100000| Untracked 
|  18|0x00000000c1200000, 0x00000000c1300000, 0x00000000c1300000|100%|HS|  |TAMS 0x00000000c1300000, 0x00000000c1200000| Complete 
|  19|0x00000000c1300000, 0x00000000c1400000, 0x00000000c1400000|100%|HC|  |TAMS 0x00000000c1400000, 0x00000000c1300000| Complete 
|  20|0x00000000c1400000, 0x00000000c1500000, 0x00000000c1500000|100%|HS|  |TAMS 0x00000000c1500000, 0x00000000c1400000| Complete 
|  21|0x00000000c1500000, 0x00000000c1600000, 0x00000000c1600000|100%|HC|  |TAMS 0x00000000c1600000, 0x00000000c1500000| Complete 
|  22|0x00000000c1600000, 0x00000000c1700000, 0x00000000c1700000|100%|HS|  |TAMS 0x00000000c1700000, 0x00000000c1600000| Complete 
|  23|0x00000000c1700000, 0x00000000c1800000, 0x00000000c1800000|100%|HC|  |TAMS 0x00000000c1800000, 0x00000000c1700000| Complete 
|  24|0x00000000c1800000, 0x00000000c1900000, 0x00000000c1900000|100%| O|  |TAMS 0x00000000c1900000, 0x00000000c1800000| Untracked 
|  25|0x00000000c1900000, 0x00000000c1a00000, 0x00000000c1a00000|100%| O|  |TAMS 0x00000000c1a00000, 0x00000000c1900000| Untracked 
|  26|0x00000000c1a00000, 0x00000000c1b00000, 0x00000000c1b00000|100%| O|  |TAMS 0x00000000c1b00000, 0x00000000c1a00000| Untracked 
|  27|0x00000000c1b00000, 0x00000000c1c00000, 0x00000000c1c00000|100%| O|  |TAMS 0x00000000c1c00000, 0x00000000c1b00000| Untracked 
|  28|0x00000000c1c00000, 0x00000000c1d00000, 0x00000000c1d00000|100%| O|  |TAMS 0x00000000c1d00000, 0x00000000c1c00000| Untracked 
|  29|0x00000000c1d00000, 0x00000000c1e00000, 0x00000000c1e00000|100%| O|  |TAMS 0x00000000c1e00000, 0x00000000c1d00000| Untracked 
|  30|0x00000000c1e00000, 0x00000000c1f00000, 0x00000000c1f00000|100%| O|  |TAMS 0x00000000c1f00000, 0x00000000c1e00000| Untracked 
|  31|0x00000000c1f00000, 0x00000000c2000000, 0x00000000c2000000|100%| O|  |TAMS 0x00000000c2000000, 0x00000000c1f00000| Untracked 
|  32|0x00000000c2000000, 0x00000000c2100000, 0x00000000c2100000|100%| O|  |TAMS 0x00000000c2100000, 0x00000000c2000000| Untracked 
|  33|0x00000000c2100000, 0x00000000c2200000, 0x00000000c2200000|100%| O|  |TAMS 0x00000000c2200000, 0x00000000c2100000| Untracked 
|  34|0x00000000c2200000, 0x00000000c2300000, 0x00000000c2300000|100%| O|  |TAMS 0x00000000c2300000, 0x00000000c2200000| Untracked 
|  35|0x00000000c2300000, 0x00000000c2400000, 0x00000000c2400000|100%| O|  |TAMS 0x00000000c2400000, 0x00000000c2300000| Untracked 
|  36|0x00000000c2400000, 0x00000000c2500000, 0x00000000c2500000|100%| O|  |TAMS 0x00000000c2500000, 0x00000000c2400000| Untracked 
|  37|0x00000000c2500000, 0x00000000c2600000, 0x00000000c2600000|100%| O|  |TAMS 0x00000000c2600000, 0x00000000c2500000| Untracked 
|  38|0x00000000c2600000, 0x00000000c2700000, 0x00000000c2700000|100%| O|  |TAMS 0x00000000c2700000, 0x00000000c2600000| Untracked 
|  39|0x00000000c2700000, 0x00000000c2800000, 0x00000000c2800000|100%| O|  |TAMS 0x00000000c2800000, 0x00000000c2700000| Untracked 
|  40|0x00000000c2800000, 0x00000000c2900000, 0x00000000c2900000|100%| O|  |TAMS 0x00000000c2900000, 0x00000000c2800000| Untracked 
|  41|0x00000000c2900000, 0x00000000c2a00000, 0x00000000c2a00000|100%| O|  |TAMS 0x00000000c2a00000, 0x00000000c2900000| Untracked 
|  42|0x00000000c2a00000, 0x00000000c2b00000, 0x00000000c2b00000|100%| O|  |TAMS 0x00000000c2b00000, 0x00000000c2a00000| Untracked 
|  43|0x00000000c2b00000, 0x00000000c2c00000, 0x00000000c2c00000|100%| O|  |TAMS 0x00000000c2c00000, 0x00000000c2b00000| Untracked 
|  44|0x00000000c2c00000, 0x00000000c2d00000, 0x00000000c2d00000|100%| O|  |TAMS 0x00000000c2d00000, 0x00000000c2c00000| Untracked 
|  45|0x00000000c2d00000, 0x00000000c2e00000, 0x00000000c2e00000|100%| O|  |TAMS 0x00000000c2e00000, 0x00000000c2d00000| Untracked 
|  46|0x00000000c2e00000, 0x00000000c2f00000, 0x00000000c2f00000|100%| O|  |TAMS 0x00000000c2f00000, 0x00000000c2e00000| Untracked 
|  47|0x00000000c2f00000, 0x00000000c3000000, 0x00000000c3000000|100%| O|  |TAMS 0x00000000c3000000, 0x00000000c2f00000| Untracked 
|  48|0x00000000c3000000, 0x00000000c3100000, 0x00000000c3100000|100%| O|  |TAMS 0x00000000c3100000, 0x00000000c3000000| Untracked 
|  49|0x00000000c3100000, 0x00000000c3200000, 0x00000000c3200000|100%| O|  |TAMS 0x00000000c3200000, 0x00000000c3100000| Untracked 
|  50|0x00000000c3200000, 0x00000000c3300000, 0x00000000c3300000|100%| O|  |TAMS 0x00000000c3300000, 0x00000000c3200000| Untracked 
|  51|0x00000000c3300000, 0x00000000c3400000, 0x00000000c3400000|100%| O|  |TAMS 0x00000000c3400000, 0x00000000c3300000| Untracked 
|  52|0x00000000c3400000, 0x00000000c3500000, 0x00000000c3500000|100%| O|  |TAMS 0x00000000c3500000, 0x00000000c3400000| Untracked 
|  53|0x00000000c3500000, 0x00000000c3600000, 0x00000000c3600000|100%| O|  |TAMS 0x00000000c3600000, 0x00000000c3500000| Untracked 
|  54|0x00000000c3600000, 0x00000000c3700000, 0x00000000c3700000|100%| O|  |TAMS 0x00000000c3600000, 0x00000000c3600000| Untracked 
|  55|0x00000000c3700000, 0x00000000c3800000, 0x00000000c3800000|100%| O|  |TAMS 0x00000000c3700000, 0x00000000c3700000| Untracked 
|  56|0x00000000c3800000, 0x00000000c3900000, 0x00000000c3900000|100%| O|  |TAMS 0x00000000c3800000, 0x00000000c3800000| Untracked 
|  57|0x00000000c3900000, 0x00000000c3a00000, 0x00000000c3a00000|100%| O|  |TAMS 0x00000000c3900000, 0x00000000c3900000| Untracked 
|  58|0x00000000c3a00000, 0x00000000c3b00000, 0x00000000c3b00000|100%| O|  |TAMS 0x00000000c3a00000, 0x00000000c3a00000| Untracked 
|  59|0x00000000c3b00000, 0x00000000c3c00000, 0x00000000c3c00000|100%| O|  |TAMS 0x00000000c3b00000, 0x00000000c3b00000| Untracked 
|  60|0x00000000c3c00000, 0x00000000c3d00000, 0x00000000c3d00000|100%| O|  |TAMS 0x00000000c3c00000, 0x00000000c3c00000| Untracked 
|  61|0x00000000c3d00000, 0x00000000c3e00000, 0x00000000c3e00000|100%| O|  |TAMS 0x00000000c3d00000, 0x00000000c3d00000| Untracked 
|  62|0x00000000c3e00000, 0x00000000c3f00000, 0x00000000c3f00000|100%| O|  |TAMS 0x00000000c3f00000, 0x00000000c3e00000| Untracked 
|  63|0x00000000c3f00000, 0x00000000c4000000, 0x00000000c4000000|100%| O|  |TAMS 0x00000000c4000000, 0x00000000c3f00000| Untracked 
|  64|0x00000000c4000000, 0x00000000c4100000, 0x00000000c4100000|100%| O|  |TAMS 0x00000000c4100000, 0x00000000c4000000| Untracked 
|  65|0x00000000c4100000, 0x00000000c4200000, 0x00000000c4200000|100%| O|  |TAMS 0x00000000c4200000, 0x00000000c4100000| Untracked 
|  66|0x00000000c4200000, 0x00000000c4300000, 0x00000000c4300000|100%| O|  |TAMS 0x00000000c4300000, 0x00000000c4200000| Untracked 
|  67|0x00000000c4300000, 0x00000000c4400000, 0x00000000c4400000|100%| O|  |TAMS 0x00000000c4400000, 0x00000000c4300000| Untracked 
|  68|0x00000000c4400000, 0x00000000c4500000, 0x00000000c4500000|100%| O|  |TAMS 0x00000000c4500000, 0x00000000c4400000| Untracked 
|  69|0x00000000c4500000, 0x00000000c4600000, 0x00000000c4600000|100%| O|  |TAMS 0x00000000c4600000, 0x00000000c4500000| Untracked 
|  70|0x00000000c4600000, 0x00000000c4700000, 0x00000000c4700000|100%| O|  |TAMS 0x00000000c4700000, 0x00000000c4600000| Untracked 
|  71|0x00000000c4700000, 0x00000000c4800000, 0x00000000c4800000|100%| O|  |TAMS 0x00000000c4800000, 0x00000000c4700000| Untracked 
|  72|0x00000000c4800000, 0x00000000c4900000, 0x00000000c4900000|100%| O|  |TAMS 0x00000000c4900000, 0x00000000c4800000| Untracked 
|  73|0x00000000c4900000, 0x00000000c4a00000, 0x00000000c4a00000|100%| O|  |TAMS 0x00000000c4a00000, 0x00000000c4900000| Untracked 
|  74|0x00000000c4a00000, 0x00000000c4b00000, 0x00000000c4b00000|100%| O|  |TAMS 0x00000000c4b00000, 0x00000000c4a00000| Untracked 
|  75|0x00000000c4b00000, 0x00000000c4c00000, 0x00000000c4c00000|100%| O|  |TAMS 0x00000000c4b80000, 0x00000000c4b00000| Untracked 
|  76|0x00000000c4c00000, 0x00000000c4d00000, 0x00000000c4d00000|100%| O|  |TAMS 0x00000000c4c00000, 0x00000000c4c00000| Untracked 
|  77|0x00000000c4d00000, 0x00000000c4e00000, 0x00000000c4e00000|100%| O|  |TAMS 0x00000000c4d00000, 0x00000000c4d00000| Untracked 
|  78|0x00000000c4e00000, 0x00000000c4f00000, 0x00000000c4f00000|100%| O|  |TAMS 0x00000000c4e00000, 0x00000000c4e00000| Untracked 
|  79|0x00000000c4f00000, 0x00000000c5000000, 0x00000000c5000000|100%| O|  |TAMS 0x00000000c4f00000, 0x00000000c4f00000| Untracked 
|  80|0x00000000c5000000, 0x00000000c5100000, 0x00000000c5100000|100%| O|  |TAMS 0x00000000c5000000, 0x00000000c5000000| Untracked 
|  81|0x00000000c5100000, 0x00000000c5200000, 0x00000000c5200000|100%| O|  |TAMS 0x00000000c5100000, 0x00000000c5100000| Untracked 
|  82|0x00000000c5200000, 0x00000000c5300000, 0x00000000c5300000|100%| O|  |TAMS 0x00000000c5200000, 0x00000000c5200000| Untracked 
|  83|0x00000000c5300000, 0x00000000c5400000, 0x00000000c5400000|100%| O|  |TAMS 0x00000000c5300000, 0x00000000c5300000| Untracked 
|  84|0x00000000c5400000, 0x00000000c5500000, 0x00000000c5500000|100%| O|  |TAMS 0x00000000c5400000, 0x00000000c5400000| Untracked 
|  85|0x00000000c5500000, 0x00000000c5600000, 0x00000000c5600000|100%| O|  |TAMS 0x00000000c5500000, 0x00000000c5500000| Untracked 
|  86|0x00000000c5600000, 0x00000000c5700000, 0x00000000c5700000|100%| O|  |TAMS 0x00000000c5600000, 0x00000000c5600000| Untracked 
|  87|0x00000000c5700000, 0x00000000c5800000, 0x00000000c5800000|100%| O|  |TAMS 0x00000000c5700000, 0x00000000c5700000| Untracked 
|  88|0x00000000c5800000, 0x00000000c5900000, 0x00000000c5900000|100%|HS|  |TAMS 0x00000000c5900000, 0x00000000c5800000| Complete 
|  89|0x00000000c5900000, 0x00000000c5a00000, 0x00000000c5a00000|100%|HC|  |TAMS 0x00000000c5a00000, 0x00000000c5900000| Complete 
|  90|0x00000000c5a00000, 0x00000000c5b00000, 0x00000000c5b00000|100%|HC|  |TAMS 0x00000000c5b00000, 0x00000000c5a00000| Complete 
|  91|0x00000000c5b00000, 0x00000000c5c00000, 0x00000000c5c00000|100%|HC|  |TAMS 0x00000000c5c00000, 0x00000000c5b00000| Complete 
|  92|0x00000000c5c00000, 0x00000000c5d00000, 0x00000000c5d00000|100%|HC|  |TAMS 0x00000000c5d00000, 0x00000000c5c00000| Complete 
|  93|0x00000000c5d00000, 0x00000000c5e00000, 0x00000000c5e00000|100%|HC|  |TAMS 0x00000000c5e00000, 0x00000000c5d00000| Complete 
|  94|0x00000000c5e00000, 0x00000000c5f00000, 0x00000000c5f00000|100%|HC|  |TAMS 0x00000000c5f00000, 0x00000000c5e00000| Complete 
|  95|0x00000000c5f00000, 0x00000000c6000000, 0x00000000c6000000|100%|HC|  |TAMS 0x00000000c6000000, 0x00000000c5f00000| Complete 
|  96|0x00000000c6000000, 0x00000000c6100000, 0x00000000c6100000|100%|HC|  |TAMS 0x00000000c6100000, 0x00000000c6000000| Complete 
|  97|0x00000000c6100000, 0x00000000c6200000, 0x00000000c6200000|100%|HC|  |TAMS 0x00000000c6200000, 0x00000000c6100000| Complete 
|  98|0x00000000c6200000, 0x00000000c6300000, 0x00000000c6300000|100%|HC|  |TAMS 0x00000000c6300000, 0x00000000c6200000| Complete 
|  99|0x00000000c6300000, 0x00000000c6400000, 0x00000000c6400000|100%|HC|  |TAMS 0x00000000c6400000, 0x00000000c6300000| Complete 
| 100|0x00000000c6400000, 0x00000000c6500000, 0x00000000c6500000|100%|HC|  |TAMS 0x00000000c6500000, 0x00000000c6400000| Complete 
| 101|0x00000000c6500000, 0x00000000c6600000, 0x00000000c6600000|100%|HC|  |TAMS 0x00000000c6600000, 0x00000000c6500000| Complete 
| 102|0x00000000c6600000, 0x00000000c6700000, 0x00000000c6700000|100%|HC|  |TAMS 0x00000000c6700000, 0x00000000c6600000| Complete 
| 103|0x00000000c6700000, 0x00000000c6800000, 0x00000000c6800000|100%|HC|  |TAMS 0x00000000c6800000, 0x00000000c6700000| Complete 
| 104|0x00000000c6800000, 0x00000000c6900000, 0x00000000c6900000|100%|HC|  |TAMS 0x00000000c6900000, 0x00000000c6800000| Complete 
| 105|0x00000000c6900000, 0x00000000c6a00000, 0x00000000c6a00000|100%|HC|  |TAMS 0x00000000c6a00000, 0x00000000c6900000| Complete 
| 106|0x00000000c6a00000, 0x00000000c6b00000, 0x00000000c6b00000|100%|HC|  |TAMS 0x00000000c6b00000, 0x00000000c6a00000| Complete 
| 107|0x00000000c6b00000, 0x00000000c6c00000, 0x00000000c6c00000|100%|HC|  |TAMS 0x00000000c6c00000, 0x00000000c6b00000| Complete 
| 108|0x00000000c6c00000, 0x00000000c6d00000, 0x00000000c6d00000|100%|HC|  |TAMS 0x00000000c6d00000, 0x00000000c6c00000| Complete 
| 109|0x00000000c6d00000, 0x00000000c6e00000, 0x00000000c6e00000|100%|HC|  |TAMS 0x00000000c6e00000, 0x00000000c6d00000| Complete 
| 110|0x00000000c6e00000, 0x00000000c6f00000, 0x00000000c6f00000|100%|HC|  |TAMS 0x00000000c6f00000, 0x00000000c6e00000| Complete 
| 111|0x00000000c6f00000, 0x00000000c7000000, 0x00000000c7000000|100%|HC|  |TAMS 0x00000000c7000000, 0x00000000c6f00000| Complete 
| 112|0x00000000c7000000, 0x00000000c7100000, 0x00000000c7100000|100%|HC|  |TAMS 0x00000000c7100000, 0x00000000c7000000| Complete 
| 113|0x00000000c7100000, 0x00000000c7200000, 0x00000000c7200000|100%|HC|  |TAMS 0x00000000c7200000, 0x00000000c7100000| Complete 
| 114|0x00000000c7200000, 0x00000000c7300000, 0x00000000c7300000|100%|HC|  |TAMS 0x00000000c7300000, 0x00000000c7200000| Complete 
| 115|0x00000000c7300000, 0x00000000c7400000, 0x00000000c7400000|100%|HC|  |TAMS 0x00000000c7400000, 0x00000000c7300000| Complete 
| 116|0x00000000c7400000, 0x00000000c7500000, 0x00000000c7500000|100%|HC|  |TAMS 0x00000000c7500000, 0x00000000c7400000| Complete 
| 117|0x00000000c7500000, 0x00000000c7600000, 0x00000000c7600000|100%|HC|  |TAMS 0x00000000c7600000, 0x00000000c7500000| Complete 
| 118|0x00000000c7600000, 0x00000000c7700000, 0x00000000c7700000|100%|HC|  |TAMS 0x00000000c7700000, 0x00000000c7600000| Complete 
| 119|0x00000000c7700000, 0x00000000c7800000, 0x00000000c7800000|100%| O|  |TAMS 0x00000000c7700000, 0x00000000c7700000| Untracked 
| 120|0x00000000c7800000, 0x00000000c7900000, 0x00000000c7900000|100%| O|  |TAMS 0x00000000c7800000, 0x00000000c7800000| Untracked 
| 121|0x00000000c7900000, 0x00000000c7a00000, 0x00000000c7a00000|100%| O|  |TAMS 0x00000000c7900000, 0x00000000c7900000| Untracked 
| 122|0x00000000c7a00000, 0x00000000c7b00000, 0x00000000c7b00000|100%| O|  |TAMS 0x00000000c7a00000, 0x00000000c7a00000| Untracked 
| 123|0x00000000c7b00000, 0x00000000c7c00000, 0x00000000c7c00000|100%| O|  |TAMS 0x00000000c7b00000, 0x00000000c7b00000| Untracked 
| 124|0x00000000c7c00000, 0x00000000c7d00000, 0x00000000c7d00000|100%| O|  |TAMS 0x00000000c7c00000, 0x00000000c7c00000| Untracked 
| 125|0x00000000c7d00000, 0x00000000c7e00000, 0x00000000c7e00000|100%| O|  |TAMS 0x00000000c7d00000, 0x00000000c7d00000| Untracked 
| 126|0x00000000c7e00000, 0x00000000c7f00000, 0x00000000c7f00000|100%| O|  |TAMS 0x00000000c7e00000, 0x00000000c7e00000| Untracked 
| 127|0x00000000c7f00000, 0x00000000c8000000, 0x00000000c8000000|100%| O|  |TAMS 0x00000000c7f00000, 0x00000000c7f00000| Untracked 
| 128|0x00000000c8000000, 0x00000000c8100000, 0x00000000c8100000|100%| O|  |TAMS 0x00000000c8000000, 0x00000000c8000000| Untracked 
| 129|0x00000000c8100000, 0x00000000c8200000, 0x00000000c8200000|100%| O|  |TAMS 0x00000000c8100000, 0x00000000c8100000| Untracked 
| 130|0x00000000c8200000, 0x00000000c8300000, 0x00000000c8300000|100%| O|  |TAMS 0x00000000c8200000, 0x00000000c8200000| Untracked 
| 131|0x00000000c8300000, 0x00000000c8400000, 0x00000000c8400000|100%| O|  |TAMS 0x00000000c8300000, 0x00000000c8300000| Untracked 
| 132|0x00000000c8400000, 0x00000000c8500000, 0x00000000c8500000|100%| O|  |TAMS 0x00000000c8400000, 0x00000000c8400000| Untracked 
| 133|0x00000000c8500000, 0x00000000c8600000, 0x00000000c8600000|100%| O|  |TAMS 0x00000000c8500000, 0x00000000c8500000| Untracked 
| 134|0x00000000c8600000, 0x00000000c8700000, 0x00000000c8700000|100%| O|  |TAMS 0x00000000c8600000, 0x00000000c8600000| Untracked 
| 135|0x00000000c8700000, 0x00000000c8800000, 0x00000000c8800000|100%| O|  |TAMS 0x00000000c8700000, 0x00000000c8700000| Untracked 
| 136|0x00000000c8800000, 0x00000000c8900000, 0x00000000c8900000|100%| O|  |TAMS 0x00000000c8800000, 0x00000000c8800000| Untracked 
| 137|0x00000000c8900000, 0x00000000c8a00000, 0x00000000c8a00000|100%| O|  |TAMS 0x00000000c8900000, 0x00000000c8900000| Untracked 
| 138|0x00000000c8a00000, 0x00000000c8a80000, 0x00000000c8b00000| 50%| O|  |TAMS 0x00000000c8a00000, 0x00000000c8a00000| Untracked 
| 139|0x00000000c8b00000, 0x00000000c8b00000, 0x00000000c8c00000|  0%| F|  |TAMS 0x00000000c8b00000, 0x00000000c8b00000| Untracked 
| 140|0x00000000c8c00000, 0x00000000c8c00000, 0x00000000c8d00000|  0%| F|  |TAMS 0x00000000c8c00000, 0x00000000c8c00000| Untracked 
| 141|0x00000000c8d00000, 0x00000000c8d00000, 0x00000000c8e00000|  0%| F|  |TAMS 0x00000000c8d00000, 0x00000000c8d00000| Untracked 
| 142|0x00000000c8e00000, 0x00000000c8e00000, 0x00000000c8f00000|  0%| F|  |TAMS 0x00000000c8e00000, 0x00000000c8e00000| Untracked 
| 143|0x00000000c8f00000, 0x00000000c8f00000, 0x00000000c9000000|  0%| F|  |TAMS 0x00000000c8f00000, 0x00000000c8f00000| Untracked 
| 144|0x00000000c9000000, 0x00000000c9000000, 0x00000000c9100000|  0%| F|  |TAMS 0x00000000c9000000, 0x00000000c9000000| Untracked 
| 145|0x00000000c9100000, 0x00000000c9100000, 0x00000000c9200000|  0%| F|  |TAMS 0x00000000c9100000, 0x00000000c9100000| Untracked 
| 146|0x00000000c9200000, 0x00000000c9200000, 0x00000000c9300000|  0%| F|  |TAMS 0x00000000c9200000, 0x00000000c9200000| Untracked 
| 147|0x00000000c9300000, 0x00000000c9300000, 0x00000000c9400000|  0%| F|  |TAMS 0x00000000c9300000, 0x00000000c9300000| Untracked 
| 148|0x00000000c9400000, 0x00000000c9400000, 0x00000000c9500000|  0%| F|  |TAMS 0x00000000c9400000, 0x00000000c9400000| Untracked 
| 149|0x00000000c9500000, 0x00000000c9500000, 0x00000000c9600000|  0%| F|  |TAMS 0x00000000c9500000, 0x00000000c9500000| Untracked 
| 150|0x00000000c9600000, 0x00000000c9600000, 0x00000000c9700000|  0%| F|  |TAMS 0x00000000c9600000, 0x00000000c9600000| Untracked 
| 151|0x00000000c9700000, 0x00000000c9700000, 0x00000000c9800000|  0%| F|  |TAMS 0x00000000c9700000, 0x00000000c9700000| Untracked 
| 152|0x00000000c9800000, 0x00000000c9800000, 0x00000000c9900000|  0%| F|  |TAMS 0x00000000c9800000, 0x00000000c9800000| Untracked 
| 153|0x00000000c9900000, 0x00000000c9900000, 0x00000000c9a00000|  0%| F|  |TAMS 0x00000000c9900000, 0x00000000c9900000| Untracked 
| 154|0x00000000c9a00000, 0x00000000c9a00000, 0x00000000c9b00000|  0%| F|  |TAMS 0x00000000c9a00000, 0x00000000c9a00000| Untracked 
| 155|0x00000000c9b00000, 0x00000000c9b00000, 0x00000000c9c00000|  0%| F|  |TAMS 0x00000000c9b00000, 0x00000000c9b00000| Untracked 
| 156|0x00000000c9c00000, 0x00000000c9c00000, 0x00000000c9d00000|  0%| F|  |TAMS 0x00000000c9c00000, 0x00000000c9c00000| Untracked 
| 157|0x00000000c9d00000, 0x00000000c9d00000, 0x00000000c9e00000|  0%| F|  |TAMS 0x00000000c9d00000, 0x00000000c9d00000| Untracked 
| 158|0x00000000c9e00000, 0x00000000c9e00000, 0x00000000c9f00000|  0%| F|  |TAMS 0x00000000c9e00000, 0x00000000c9e00000| Untracked 
| 159|0x00000000c9f00000, 0x00000000c9f00000, 0x00000000ca000000|  0%| F|  |TAMS 0x00000000c9f00000, 0x00000000c9f00000| Untracked 
| 160|0x00000000ca000000, 0x00000000ca000000, 0x00000000ca100000|  0%| F|  |TAMS 0x00000000ca000000, 0x00000000ca000000| Untracked 
| 161|0x00000000ca100000, 0x00000000ca100000, 0x00000000ca200000|  0%| F|  |TAMS 0x00000000ca100000, 0x00000000ca100000| Untracked 
| 162|0x00000000ca200000, 0x00000000ca200000, 0x00000000ca300000|  0%| F|  |TAMS 0x00000000ca200000, 0x00000000ca200000| Untracked 
| 163|0x00000000ca300000, 0x00000000ca300000, 0x00000000ca400000|  0%| F|  |TAMS 0x00000000ca300000, 0x00000000ca300000| Untracked 
| 164|0x00000000ca400000, 0x00000000ca400000, 0x00000000ca500000|  0%| F|  |TAMS 0x00000000ca400000, 0x00000000ca400000| Untracked 
| 165|0x00000000ca500000, 0x00000000ca500000, 0x00000000ca600000|  0%| F|  |TAMS 0x00000000ca500000, 0x00000000ca500000| Untracked 
| 166|0x00000000ca600000, 0x00000000ca600000, 0x00000000ca700000|  0%| F|  |TAMS 0x00000000ca600000, 0x00000000ca600000| Untracked 
| 167|0x00000000ca700000, 0x00000000ca700000, 0x00000000ca800000|  0%| F|  |TAMS 0x00000000ca700000, 0x00000000ca700000| Untracked 
| 168|0x00000000ca800000, 0x00000000ca800000, 0x00000000ca900000|  0%| F|  |TAMS 0x00000000ca800000, 0x00000000ca800000| Untracked 
| 169|0x00000000ca900000, 0x00000000ca900000, 0x00000000caa00000|  0%| F|  |TAMS 0x00000000ca900000, 0x00000000ca900000| Untracked 
| 170|0x00000000caa00000, 0x00000000caa00000, 0x00000000cab00000|  0%| F|  |TAMS 0x00000000caa00000, 0x00000000caa00000| Untracked 
| 171|0x00000000cab00000, 0x00000000cab00000, 0x00000000cac00000|  0%| F|  |TAMS 0x00000000cab00000, 0x00000000cab00000| Untracked 
| 172|0x00000000cac00000, 0x00000000cac00000, 0x00000000cad00000|  0%| F|  |TAMS 0x00000000cac00000, 0x00000000cac00000| Untracked 
| 173|0x00000000cad00000, 0x00000000cad00000, 0x00000000cae00000|  0%| F|  |TAMS 0x00000000cad00000, 0x00000000cad00000| Untracked 
| 174|0x00000000cae00000, 0x00000000cae00000, 0x00000000caf00000|  0%| F|  |TAMS 0x00000000cae00000, 0x00000000cae00000| Untracked 
| 175|0x00000000caf00000, 0x00000000caf00000, 0x00000000cb000000|  0%| F|  |TAMS 0x00000000caf00000, 0x00000000caf00000| Untracked 
| 176|0x00000000cb000000, 0x00000000cb000000, 0x00000000cb100000|  0%| F|  |TAMS 0x00000000cb000000, 0x00000000cb000000| Untracked 
| 177|0x00000000cb100000, 0x00000000cb100000, 0x00000000cb200000|  0%| F|  |TAMS 0x00000000cb100000, 0x00000000cb100000| Untracked 
| 178|0x00000000cb200000, 0x00000000cb200000, 0x00000000cb300000|  0%| F|  |TAMS 0x00000000cb200000, 0x00000000cb200000| Untracked 
| 179|0x00000000cb300000, 0x00000000cb300000, 0x00000000cb400000|  0%| F|  |TAMS 0x00000000cb300000, 0x00000000cb300000| Untracked 
| 180|0x00000000cb400000, 0x00000000cb400000, 0x00000000cb500000|  0%| F|  |TAMS 0x00000000cb400000, 0x00000000cb400000| Untracked 
| 181|0x00000000cb500000, 0x00000000cb500000, 0x00000000cb600000|  0%| F|  |TAMS 0x00000000cb500000, 0x00000000cb500000| Untracked 
| 182|0x00000000cb600000, 0x00000000cb600000, 0x00000000cb700000|  0%| F|  |TAMS 0x00000000cb600000, 0x00000000cb600000| Untracked 
| 183|0x00000000cb700000, 0x00000000cb700000, 0x00000000cb800000|  0%| F|  |TAMS 0x00000000cb700000, 0x00000000cb700000| Untracked 
| 184|0x00000000cb800000, 0x00000000cb800000, 0x00000000cb900000|  0%| F|  |TAMS 0x00000000cb800000, 0x00000000cb800000| Untracked 
| 185|0x00000000cb900000, 0x00000000cb900000, 0x00000000cba00000|  0%| F|  |TAMS 0x00000000cb900000, 0x00000000cb900000| Untracked 
| 186|0x00000000cba00000, 0x00000000cba00000, 0x00000000cbb00000|  0%| F|  |TAMS 0x00000000cba00000, 0x00000000cba00000| Untracked 
| 187|0x00000000cbb00000, 0x00000000cbb00000, 0x00000000cbc00000|  0%| F|  |TAMS 0x00000000cbb00000, 0x00000000cbb00000| Untracked 
| 188|0x00000000cbc00000, 0x00000000cbc00000, 0x00000000cbd00000|  0%| F|  |TAMS 0x00000000cbc00000, 0x00000000cbc00000| Untracked 
| 189|0x00000000cbd00000, 0x00000000cbd00000, 0x00000000cbe00000|  0%| F|  |TAMS 0x00000000cbd00000, 0x00000000cbd00000| Untracked 
| 190|0x00000000cbe00000, 0x00000000cbe00000, 0x00000000cbf00000|  0%| F|  |TAMS 0x00000000cbe00000, 0x00000000cbe00000| Untracked 
| 191|0x00000000cbf00000, 0x00000000cbf00000, 0x00000000cc000000|  0%| F|  |TAMS 0x00000000cbf00000, 0x00000000cbf00000| Untracked 
| 192|0x00000000cc000000, 0x00000000cc000000, 0x00000000cc100000|  0%| F|  |TAMS 0x00000000cc000000, 0x00000000cc000000| Untracked 
| 193|0x00000000cc100000, 0x00000000cc100000, 0x00000000cc200000|  0%| F|  |TAMS 0x00000000cc100000, 0x00000000cc100000| Untracked 
| 194|0x00000000cc200000, 0x00000000cc200000, 0x00000000cc300000|  0%| F|  |TAMS 0x00000000cc200000, 0x00000000cc200000| Untracked 
| 195|0x00000000cc300000, 0x00000000cc300000, 0x00000000cc400000|  0%| F|  |TAMS 0x00000000cc300000, 0x00000000cc300000| Untracked 
| 196|0x00000000cc400000, 0x00000000cc400000, 0x00000000cc500000|  0%| F|  |TAMS 0x00000000cc400000, 0x00000000cc400000| Untracked 
| 197|0x00000000cc500000, 0x00000000cc500000, 0x00000000cc600000|  0%| F|  |TAMS 0x00000000cc500000, 0x00000000cc500000| Untracked 
| 198|0x00000000cc600000, 0x00000000cc600000, 0x00000000cc700000|  0%| F|  |TAMS 0x00000000cc600000, 0x00000000cc600000| Untracked 
| 199|0x00000000cc700000, 0x00000000cc700000, 0x00000000cc800000|  0%| F|  |TAMS 0x00000000cc700000, 0x00000000cc700000| Untracked 
| 200|0x00000000cc800000, 0x00000000cc800000, 0x00000000cc900000|  0%| F|  |TAMS 0x00000000cc800000, 0x00000000cc800000| Untracked 
| 201|0x00000000cc900000, 0x00000000cc900000, 0x00000000cca00000|  0%| F|  |TAMS 0x00000000cc900000, 0x00000000cc900000| Untracked 
| 202|0x00000000cca00000, 0x00000000cca00000, 0x00000000ccb00000|  0%| F|  |TAMS 0x00000000cca00000, 0x00000000cca00000| Untracked 
| 203|0x00000000ccb00000, 0x00000000ccb00000, 0x00000000ccc00000|  0%| F|  |TAMS 0x00000000ccb00000, 0x00000000ccb00000| Untracked 
| 204|0x00000000ccc00000, 0x00000000ccc00000, 0x00000000ccd00000|  0%| F|  |TAMS 0x00000000ccc00000, 0x00000000ccc00000| Untracked 
| 205|0x00000000ccd00000, 0x00000000ccd00000, 0x00000000cce00000|  0%| F|  |TAMS 0x00000000ccd00000, 0x00000000ccd00000| Untracked 
| 206|0x00000000cce00000, 0x00000000cce00000, 0x00000000ccf00000|  0%| F|  |TAMS 0x00000000cce00000, 0x00000000cce00000| Untracked 
| 207|0x00000000ccf00000, 0x00000000ccf00000, 0x00000000cd000000|  0%| F|  |TAMS 0x00000000ccf00000, 0x00000000ccf00000| Untracked 
| 208|0x00000000cd000000, 0x00000000cd000000, 0x00000000cd100000|  0%| F|  |TAMS 0x00000000cd000000, 0x00000000cd000000| Untracked 
| 209|0x00000000cd100000, 0x00000000cd100000, 0x00000000cd200000|  0%| F|  |TAMS 0x00000000cd100000, 0x00000000cd100000| Untracked 
| 210|0x00000000cd200000, 0x00000000cd200000, 0x00000000cd300000|  0%| F|  |TAMS 0x00000000cd200000, 0x00000000cd200000| Untracked 
| 211|0x00000000cd300000, 0x00000000cd300000, 0x00000000cd400000|  0%| F|  |TAMS 0x00000000cd300000, 0x00000000cd300000| Untracked 
| 212|0x00000000cd400000, 0x00000000cd4b4040, 0x00000000cd500000| 70%| E|  |TAMS 0x00000000cd400000, 0x00000000cd400000| Complete 
| 213|0x00000000cd500000, 0x00000000cd600000, 0x00000000cd600000|100%| E|CS|TAMS 0x00000000cd500000, 0x00000000cd500000| Complete 
| 214|0x00000000cd600000, 0x00000000cd700000, 0x00000000cd700000|100%| E|CS|TAMS 0x00000000cd600000, 0x00000000cd600000| Complete 
| 215|0x00000000cd700000, 0x00000000cd800000, 0x00000000cd800000|100%| E|CS|TAMS 0x00000000cd700000, 0x00000000cd700000| Complete 
| 216|0x00000000cd800000, 0x00000000cd900000, 0x00000000cd900000|100%| E|CS|TAMS 0x00000000cd800000, 0x00000000cd800000| Complete 
| 217|0x00000000cd900000, 0x00000000cda00000, 0x00000000cda00000|100%| E|CS|TAMS 0x00000000cd900000, 0x00000000cd900000| Complete 
| 218|0x00000000cda00000, 0x00000000cdb00000, 0x00000000cdb00000|100%| E|CS|TAMS 0x00000000cda00000, 0x00000000cda00000| Complete 
| 219|0x00000000cdb00000, 0x00000000cdc00000, 0x00000000cdc00000|100%| E|CS|TAMS 0x00000000cdb00000, 0x00000000cdb00000| Complete 
| 220|0x00000000cdc00000, 0x00000000cdd00000, 0x00000000cdd00000|100%| E|CS|TAMS 0x00000000cdc00000, 0x00000000cdc00000| Complete 
| 221|0x00000000cdd00000, 0x00000000cde00000, 0x00000000cde00000|100%| S|CS|TAMS 0x00000000cdd00000, 0x00000000cdd00000| Complete 
| 222|0x00000000cde00000, 0x00000000cdf00000, 0x00000000cdf00000|100%| S|CS|TAMS 0x00000000cde00000, 0x00000000cde00000| Complete 
| 223|0x00000000cdf00000, 0x00000000ce000000, 0x00000000ce000000|100%| S|CS|TAMS 0x00000000cdf00000, 0x00000000cdf00000| Complete 
| 224|0x00000000ce000000, 0x00000000ce100000, 0x00000000ce100000|100%| E|CS|TAMS 0x00000000ce000000, 0x00000000ce000000| Complete 
| 225|0x00000000ce100000, 0x00000000ce200000, 0x00000000ce200000|100%| E|CS|TAMS 0x00000000ce100000, 0x00000000ce100000| Complete 
| 226|0x00000000ce200000, 0x00000000ce300000, 0x00000000ce300000|100%| E|CS|TAMS 0x00000000ce200000, 0x00000000ce200000| Complete 
| 227|0x00000000ce300000, 0x00000000ce400000, 0x00000000ce400000|100%| E|CS|TAMS 0x00000000ce300000, 0x00000000ce300000| Complete 
| 228|0x00000000ce400000, 0x00000000ce500000, 0x00000000ce500000|100%| E|CS|TAMS 0x00000000ce400000, 0x00000000ce400000| Complete 
| 229|0x00000000ce500000, 0x00000000ce600000, 0x00000000ce600000|100%| E|CS|TAMS 0x00000000ce500000, 0x00000000ce500000| Complete 
| 230|0x00000000ce600000, 0x00000000ce700000, 0x00000000ce700000|100%| E|CS|TAMS 0x00000000ce600000, 0x00000000ce600000| Complete 
| 231|0x00000000ce700000, 0x00000000ce800000, 0x00000000ce800000|100%| E|CS|TAMS 0x00000000ce700000, 0x00000000ce700000| Complete 
| 232|0x00000000ce800000, 0x00000000ce900000, 0x00000000ce900000|100%| E|CS|TAMS 0x00000000ce800000, 0x00000000ce800000| Complete 
| 233|0x00000000ce900000, 0x00000000cea00000, 0x00000000cea00000|100%| E|CS|TAMS 0x00000000ce900000, 0x00000000ce900000| Complete 

Card table byte_map: [0x00000209fa420000,0x00000209fa620000] _byte_map_base: 0x00000209f9e20000

Marking Bits (Prev, Next): (CMBitMap*) 0x00000209f67aacd0, (CMBitMap*) 0x00000209f67aad10
 Prev Bits: [0x00000209fa820000, 0x00000209fb820000)
 Next Bits: [0x00000209fb820000, 0x00000209fc820000)

Polling page: 0x00000209f4740000

Metaspace:

Usage:
  Non-class:     32.90 MB used.
      Class:      4.08 MB used.
       Both:     36.97 MB used.

Virtual space:
  Non-class space:       64.00 MB reserved,      33.06 MB ( 52%) committed,  1 nodes.
      Class space:        1.00 GB reserved,       4.19 MB ( <1%) committed,  1 nodes.
             Both:        1.06 GB reserved,      37.25 MB (  3%) committed. 

Chunk freelists:
   Non-Class:  14.03 MB
       Class:  11.82 MB
        Both:  25.85 MB

MaxMetaspaceSize: unlimited
CompressedClassSpaceSize: 1.00 GB
Initial GC threshold: 21.00 MB
Current GC threshold: 61.88 MB
CDS: off
MetaspaceReclaimPolicy: balanced
 - commit_granule_bytes: 65536.
 - commit_granule_words: 8192.
 - virtual_space_node_default_size: 8388608.
 - enlarge_chunks_in_place: 1.
 - new_chunks_are_fully_committed: 0.
 - uncommit_free_chunks: 1.
 - use_allocation_guard: 0.
 - handle_deallocations: 1.


Internal statistics:

num_allocs_failed_limit: 6.
num_arena_births: 332.
num_arena_deaths: 22.
num_vsnodes_births: 2.
num_vsnodes_deaths: 0.
num_space_committed: 596.
num_space_uncommitted: 0.
num_chunks_returned_to_freelist: 39.
num_chunks_taken_from_freelist: 1405.
num_chunk_merges: 6.
num_chunk_splits: 945.
num_chunks_enlarged: 662.
num_inconsistent_stats: 0.

CodeHeap 'non-profiled nmethods': size=120000Kb used=1576Kb max_used=1576Kb free=118423Kb
 bounds [0x0000020987ad0000, 0x0000020987d40000, 0x000002098f000000]
CodeHeap 'profiled nmethods': size=120000Kb used=6371Kb max_used=6371Kb free=113629Kb
 bounds [0x0000020980000000, 0x0000020980640000, 0x0000020987530000]
CodeHeap 'non-nmethods': size=5760Kb used=1376Kb max_used=1419Kb free=4383Kb
 bounds [0x0000020987530000, 0x00000209877a0000, 0x0000020987ad0000]
 total_blobs=4267 nmethods=3546 adapters=633
 compilation: enabled
              stopped_count=0, restarted_count=0
 full_count=0

Compilation events (20 events):
Event: 5.658 Thread 0x00000209ff44caf0 nmethod 3592 0x000002098062ad10 code [0x000002098062aea0, 0x000002098062afb8]
Event: 5.668 Thread 0x00000209ff44caf0 3596       2       com.oracle.js.parser.ir.LiteralNode::newInstance (11 bytes)
Event: 5.668 Thread 0x00000209ff44caf0 nmethod 3596 0x000002098062b090 code [0x000002098062b220, 0x000002098062b3a8]
Event: 5.668 Thread 0x00000209ff44caf0 3597       2       com.oracle.js.parser.ir.LiteralNode$BooleanLiteralNode::<init> (29 bytes)
Event: 5.669 Thread 0x00000209ff44caf0 nmethod 3597 0x000002098062b490 code [0x000002098062b640, 0x000002098062b7a8]
Event: 5.684 Thread 0x00000209ff44caf0 3598       2       com.oracle.truffle.js.runtime.doubleconv.IeeeDouble::exponent (27 bytes)
Event: 5.684 Thread 0x00000209ff44caf0 nmethod 3598 0x000002098062b890 code [0x000002098062ba20, 0x000002098062bb78]
Event: 5.684 Thread 0x00000209ff44caf0 3600       2       com.oracle.truffle.js.runtime.doubleconv.DiyFp::multiply (144 bytes)
Event: 5.684 Thread 0x00000209ff44caf0 nmethod 3600 0x000002098062bc10 code [0x000002098062bda0, 0x000002098062bf58]
Event: 5.684 Thread 0x00000209ff44caf0 3599       2       com.oracle.truffle.js.runtime.doubleconv.IeeeDouble::significand (21 bytes)
Event: 5.685 Thread 0x00000209ff44caf0 nmethod 3599 0x000002098062c090 code [0x000002098062c220, 0x000002098062c378]
Event: 5.694 Thread 0x00000209ff44caf0 3603       2       com.oracle.truffle.regex.tregex.parser.RegexLexer::<init> (78 bytes)
Event: 5.695 Thread 0x00000209ff44caf0 nmethod 3603 0x000002098062c410 code [0x000002098062c5e0, 0x000002098062cd78]
Event: 5.699 Thread 0x00000209ff44caf0 3604       2       com.oracle.truffle.regex.RegexFlags::parseFlags (245 bytes)
Event: 5.701 Thread 0x00000209ff44caf0 nmethod 3604 0x000002098062cf90 code [0x000002098062d1e0, 0x000002098062d918]
Event: 5.729 Thread 0x00000209ff44caf0 3605       2       com.oracle.truffle.api.source.SourceImpl$Key::compareContent (84 bytes)
Event: 5.730 Thread 0x00000209ff44caf0 nmethod 3605 0x000002098062dd90 code [0x000002098062df80, 0x000002098062e4b8]
Event: 5.743 Thread 0x00000209ff44caf0 3606       2       com.oracle.truffle.api.TruffleLanguage$ParsingRequest::<init> (20 bytes)
Event: 5.744 Thread 0x00000209ff44caf0 nmethod 3606 0x000002098062e690 code [0x000002098062e840, 0x000002098062eac8]
Event: 5.748 Thread 0x00000209ff44caf0 3607   !   2       com.oracle.js.parser.Parser::tryStatement (571 bytes)

GC Heap History (20 events):
Event: 1.689 GC heap before
{Heap before GC invocations=1 (full 0):
 garbage-first heap   total 131072K, used 18072K [0x00000000c0000000, 0x0000000100000000)
  region size 1024K, 14 young (14336K), 3 survivors (3072K)
 Metaspace       used 21280K, committed 21504K, reserved 1114112K
  class space    used 2067K, committed 2176K, reserved 1048576K
}
Event: 1.695 GC heap after
{Heap after GC invocations=2 (full 0):
 garbage-first heap   total 131072K, used 10235K [0x00000000c0000000, 0x0000000100000000)
  region size 1024K, 2 young (2048K), 2 survivors (2048K)
 Metaspace       used 21280K, committed 21504K, reserved 1114112K
  class space    used 2067K, committed 2176K, reserved 1048576K
}
Event: 3.272 GC heap before
{Heap before GC invocations=3 (full 0):
 garbage-first heap   total 131072K, used 56315K [0x00000000c0000000, 0x0000000100000000)
  region size 1024K, 49 young (50176K), 2 survivors (2048K)
 Metaspace       used 35678K, committed 35968K, reserved 1114112K
  class space    used 3975K, committed 4096K, reserved 1048576K
}
Event: 3.282 GC heap after
{Heap after GC invocations=4 (full 0):
 garbage-first heap   total 131072K, used 13981K [0x00000000c0000000, 0x0000000100000000)
  region size 1024K, 5 young (5120K), 5 survivors (5120K)
 Metaspace       used 35678K, committed 35968K, reserved 1114112K
  class space    used 3975K, committed 4096K, reserved 1048576K
}
Event: 3.587 GC heap before
{Heap before GC invocations=5 (full 0):
 garbage-first heap   total 131072K, used 67229K [0x00000000c0000000, 0x0000000100000000)
  region size 1024K, 10 young (10240K), 5 survivors (5120K)
 Metaspace       used 36691K, committed 37056K, reserved 1114112K
  class space    used 4142K, committed 4288K, reserved 1048576K
}
Event: 3.595 GC heap after
{Heap after GC invocations=6 (full 0):
 garbage-first heap   total 131072K, used 47555K [0x00000000c0000000, 0x0000000100000000)
  region size 1024K, 6 young (6144K), 6 survivors (6144K)
 Metaspace       used 36691K, committed 37056K, reserved 1114112K
  class space    used 4142K, committed 4288K, reserved 1048576K
}
Event: 3.682 GC heap before
{Heap before GC invocations=6 (full 0):
 garbage-first heap   total 131072K, used 79299K [0x00000000c0000000, 0x0000000100000000)
  region size 1024K, 6 young (6144K), 6 survivors (6144K)
 Metaspace       used 36697K, committed 37056K, reserved 1114112K
  class space    used 4142K, committed 4288K, reserved 1048576K
}
Event: 3.691 GC heap after
{Heap after GC invocations=7 (full 0):
 garbage-first heap   total 131072K, used 62958K [0x00000000c0000000, 0x0000000100000000)
  region size 1024K, 1 young (1024K), 1 survivors (1024K)
 Metaspace       used 36697K, committed 37056K, reserved 1114112K
  class space    used 4142K, committed 4288K, reserved 1048576K
}
Event: 4.061 GC heap before
{Heap before GC invocations=8 (full 0):
 garbage-first heap   total 160768K, used 105966K [0x00000000c0000000, 0x0000000100000000)
  region size 1024K, 14 young (14336K), 1 survivors (1024K)
 Metaspace       used 37213K, committed 37504K, reserved 1114112K
  class space    used 4172K, committed 4288K, reserved 1048576K
}
Event: 4.077 GC heap after
{Heap after GC invocations=9 (full 0):
 garbage-first heap   total 160768K, used 52393K [0x00000000c0000000, 0x0000000100000000)
  region size 1024K, 6 young (6144K), 6 survivors (6144K)
 Metaspace       used 37213K, committed 37504K, reserved 1114112K
  class space    used 4172K, committed 4288K, reserved 1048576K
}
Event: 4.678 GC heap before
{Heap before GC invocations=9 (full 0):
 garbage-first heap   total 160768K, used 119977K [0x00000000c0000000, 0x0000000100000000)
  region size 1024K, 64 young (65536K), 6 survivors (6144K)
 Metaspace       used 37571K, committed 37888K, reserved 1114112K
  class space    used 4173K, committed 4288K, reserved 1048576K
}
Event: 4.723 GC heap after
{Heap after GC invocations=10 (full 0):
 garbage-first heap   total 193536K, used 85353K [0x00000000c0000000, 0x0000000100000000)
  region size 1024K, 8 young (8192K), 8 survivors (8192K)
 Metaspace       used 37571K, committed 37888K, reserved 1114112K
  class space    used 4173K, committed 4288K, reserved 1048576K
}
Event: 4.985 GC heap before
{Heap before GC invocations=10 (full 0):
 garbage-first heap   total 193536K, used 133481K [0x00000000c0000000, 0x0000000100000000)
  region size 1024K, 55 young (56320K), 8 survivors (8192K)
 Metaspace       used 37672K, committed 37952K, reserved 1114112K
  class space    used 4173K, committed 4288K, reserved 1048576K
}
Event: 5.030 GC heap after
{Heap after GC invocations=11 (full 0):
 garbage-first heap   total 193536K, used 108032K [0x00000000c0000000, 0x0000000100000000)
  region size 1024K, 7 young (7168K), 7 survivors (7168K)
 Metaspace       used 37672K, committed 37952K, reserved 1114112K
  class space    used 4173K, committed 4288K, reserved 1048576K
}
Event: 5.159 GC heap before
{Heap before GC invocations=11 (full 0):
 garbage-first heap   total 193536K, used 141824K [0x00000000c0000000, 0x0000000100000000)
  region size 1024K, 40 young (40960K), 7 survivors (7168K)
 Metaspace       used 37678K, committed 38016K, reserved 1114112K
  class space    used 4173K, committed 4288K, reserved 1048576K
}
Event: 5.195 GC heap after
{Heap after GC invocations=12 (full 0):
 garbage-first heap   total 193536K, used 124928K [0x00000000c0000000, 0x0000000100000000)
  region size 1024K, 5 young (5120K), 5 survivors (5120K)
 Metaspace       used 37678K, committed 38016K, reserved 1114112K
  class space    used 4173K, committed 4288K, reserved 1048576K
}
Event: 5.296 GC heap before
{Heap before GC invocations=12 (full 0):
 garbage-first heap   total 193536K, used 148480K [0x00000000c0000000, 0x0000000100000000)
  region size 1024K, 28 young (28672K), 5 survivors (5120K)
 Metaspace       used 37689K, committed 38016K, reserved 1114112K
  class space    used 4173K, committed 4288K, reserved 1048576K
}
Event: 5.320 GC heap after
{Heap after GC invocations=13 (full 0):
 garbage-first heap   total 193536K, used 136192K [0x00000000c0000000, 0x0000000100000000)
  region size 1024K, 4 young (4096K), 4 survivors (4096K)
 Metaspace       used 37689K, committed 38016K, reserved 1114112K
  class space    used 4173K, committed 4288K, reserved 1048576K
}
Event: 5.498 GC heap before
{Heap before GC invocations=14 (full 0):
 garbage-first heap   total 239616K, used 153600K [0x00000000c0000000, 0x0000000100000000)
  region size 1024K, 21 young (21504K), 4 survivors (4096K)
 Metaspace       used 37750K, committed 38080K, reserved 1114112K
  class space    used 4167K, committed 4288K, reserved 1048576K
}
Event: 5.517 GC heap after
{Heap after GC invocations=15 (full 0):
 garbage-first heap   total 239616K, used 144896K [0x00000000c0000000, 0x0000000100000000)
  region size 1024K, 3 young (3072K), 3 survivors (3072K)
 Metaspace       used 37750K, committed 38080K, reserved 1114112K
  class space    used 4167K, committed 4288K, reserved 1048576K
}

Dll operation events (1 events):
Event: 0.022 Loaded shared library D:\atest\IntelliJ IDEA 2023.3.2\jbr\bin\java.dll

Deoptimization events (20 events):
Event: 4.774 Thread 0x00000209932460c0 Uncommon trap: trap_request=0xffffff45 fr.pc=0x0000020987c03a54 relative=0x0000000000001bd4
Event: 4.774 Thread 0x00000209932460c0 Uncommon trap: reason=unstable_if action=reinterpret pc=0x0000020987c03a54 method=com.oracle.js.parser.Parser.arrayLiteral(ZZLcom/oracle/js/parser/CoverExpressionError;)Lcom/oracle/js/parser/ir/LiteralNode; @ 91 c2
Event: 4.774 Thread 0x00000209932460c0 DEOPT PACKING pc=0x0000020987c03a54 sp=0x0000007a0e3fb3f0
Event: 4.774 Thread 0x00000209932460c0 DEOPT UNPACKING pc=0x00000209875869a3 sp=0x0000007a0e3fb3e0 mode 2
Event: 4.798 Thread 0x00000209932460c0 DEOPT PACKING pc=0x000002098050a727 sp=0x0000007a0e3fb700
Event: 4.798 Thread 0x00000209932460c0 DEOPT UNPACKING pc=0x0000020987587143 sp=0x0000007a0e3fabe0 mode 0
Event: 4.802 Thread 0x00000209932460c0 DEOPT PACKING pc=0x000002098050a727 sp=0x0000007a0e3fb700
Event: 4.802 Thread 0x00000209932460c0 DEOPT UNPACKING pc=0x0000020987587143 sp=0x0000007a0e3fabe0 mode 0
Event: 4.804 Thread 0x00000209932460c0 DEOPT PACKING pc=0x000002098050a727 sp=0x0000007a0e3fb700
Event: 4.804 Thread 0x00000209932460c0 DEOPT UNPACKING pc=0x0000020987587143 sp=0x0000007a0e3fabe0 mode 0
Event: 4.869 Thread 0x0000020993244990 DEOPT PACKING pc=0x00000209805a4315 sp=0x0000007a0e4fb570
Event: 4.869 Thread 0x0000020993244990 DEOPT UNPACKING pc=0x0000020987587143 sp=0x0000007a0e4faa40 mode 0
Event: 5.430 Thread 0x0000020993244990 Uncommon trap: trap_request=0xffffff45 fr.pc=0x0000020987bfe9c8 relative=0x00000000000009a8
Event: 5.430 Thread 0x0000020993244990 Uncommon trap: reason=unstable_if action=reinterpret pc=0x0000020987bfe9c8 method=java.util.HashMap.getNode(Ljava/lang/Object;)Ljava/util/HashMap$Node; @ 131 c2
Event: 5.430 Thread 0x0000020993244990 DEOPT PACKING pc=0x0000020987bfe9c8 sp=0x0000007a0e4f9900
Event: 5.430 Thread 0x0000020993244990 DEOPT UNPACKING pc=0x00000209875869a3 sp=0x0000007a0e4f9748 mode 2
Event: 5.480 Thread 0x0000020993798dc0 DEOPT PACKING pc=0x000002098060ce6a sp=0x0000007a0f8f9a60
Event: 5.480 Thread 0x0000020993798dc0 DEOPT UNPACKING pc=0x0000020987587143 sp=0x0000007a0f8f8f78 mode 0
Event: 5.654 Thread 0x0000020993798dc0 DEOPT PACKING pc=0x000002098051317e sp=0x0000007a0f8fa450
Event: 5.654 Thread 0x0000020993798dc0 DEOPT UNPACKING pc=0x0000020987587143 sp=0x0000007a0f8f9958 mode 0

Classes unloaded (11 events):
Event: 5.363 Thread 0x00000209ff2a2a20 Unloading class 0x00000001002d9c00 'java/lang/invoke/LambdaForm$MH+0x00000001002d9c00'
Event: 5.363 Thread 0x00000209ff2a2a20 Unloading class 0x00000001002d9400 'java/lang/invoke/LambdaForm$DMH+0x00000001002d9400'
Event: 5.363 Thread 0x00000209ff2a2a20 Unloading class 0x00000001002d8c00 'java/lang/invoke/LambdaForm$DMH+0x00000001002d8c00'
Event: 5.363 Thread 0x00000209ff2a2a20 Unloading class 0x00000001002d8000 'java/lang/invoke/LambdaForm$DMH+0x00000001002d8000'
Event: 5.363 Thread 0x00000209ff2a2a20 Unloading class 0x0000000100209000 'jdk/internal/reflect/GeneratedSerializationConstructorAccessor15'
Event: 5.363 Thread 0x00000209ff2a2a20 Unloading class 0x0000000100208400 'jdk/internal/reflect/GeneratedSerializationConstructorAccessor11'
Event: 5.363 Thread 0x00000209ff2a2a20 Unloading class 0x0000000100206c00 'jdk/internal/reflect/GeneratedSerializationConstructorAccessor10'
Event: 5.363 Thread 0x00000209ff2a2a20 Unloading class 0x0000000100206400 'jdk/internal/reflect/GeneratedSerializationConstructorAccessor8'
Event: 5.363 Thread 0x00000209ff2a2a20 Unloading class 0x0000000100205c00 'jdk/internal/reflect/GeneratedSerializationConstructorAccessor6'
Event: 5.363 Thread 0x00000209ff2a2a20 Unloading class 0x0000000100204c00 'java/lang/invoke/LambdaForm$DMH+0x0000000100204c00'
Event: 5.363 Thread 0x00000209ff2a2a20 Unloading class 0x0000000100204400 'jdk/internal/reflect/GeneratedSerializationConstructorAccessor2'

Classes redefined (0 events):
No events

Internal exceptions (20 events):
Event: 1.902 Thread 0x00000209937988b0 Exception <a 'java/lang/ClassNotFoundException'{0x00000000c765a170}: sun/util/logging/resources/spi/loggingProvider> (0x00000000c765a170) 
thrown [s\src\hotspot\share\classfile\systemDictionary.cpp, line 256]
Event: 2.142 Thread 0x00000209937988b0 Exception <a 'java/lang/NoSuchMethodError'{0x00000000c6eb7908}: 'void java.lang.invoke.DirectMethodHandle$Holder.invokeStatic(java.lang.Object, int, java.lang.Object)'> (0x00000000c6eb7908) 
thrown [s\src\hotspot\share\interpreter\linkResolver.cpp, line 771]
Event: 2.335 Thread 0x00000209937988b0 Exception <a 'java/lang/NoSuchMethodError'{0x00000000c6957348}: 'java.lang.Object java.lang.invoke.DirectMethodHandle$Holder.invokeVirtual(java.lang.Object, java.lang.Object, java.lang.Object)'> (0x00000000c6957348) 
thrown [s\src\hotspot\share\interpreter\linkResolver.cpp, line 771]
Event: 2.360 Thread 0x00000209937988b0 Exception <a 'java/lang/NoSuchMethodError'{0x00000000c689fcf8}: 'long java.lang.invoke.DirectMethodHandle$Holder.invokeStatic(java.lang.Object)'> (0x00000000c689fcf8) 
thrown [s\src\hotspot\share\interpreter\linkResolver.cpp, line 771]
Event: 2.382 Thread 0x0000020993796030 Exception <a 'java/lang/reflect/InvocationTargetException'{0x00000000c6702cf8}> (0x00000000c6702cf8) 
thrown [s\src\hotspot\share\runtime\reflection.cpp, line 1127]
Event: 2.382 Thread 0x00000209937983a0 Exception <a 'java/lang/reflect/InvocationTargetException'{0x00000000c683ba40}> (0x00000000c683ba40) 
thrown [s\src\hotspot\share\runtime\reflection.cpp, line 1127]
Event: 2.441 Thread 0x00000209937988b0 Implicit null exception at 0x0000020987b532f4 to 0x0000020987b539ec
Event: 2.477 Thread 0x0000020993796030 Exception <a 'java/lang/NoSuchMethodError'{0x00000000c65a8060}: 'void java.lang.invoke.DirectMethodHandle$Holder.invokeVirtual(java.lang.Object, java.lang.Object)'> (0x00000000c65a8060) 
thrown [s\src\hotspot\share\interpreter\linkResolver.cpp, line 771]
Event: 2.529 Thread 0x00000209937988b0 Exception <a 'java/lang/NoSuchMethodError'{0x00000000c6304910}: 'java.lang.Object java.lang.invoke.DirectMethodHandle$Holder.newInvokeSpecial(java.lang.Object, java.lang.Object, java.lang.Object, java.lang.Object, java.lang.Object, java.lang.Object, java.lang.Object, java.lang.Object)'> (0x00000000c6304910) 
thrown [s\src\hotspot\share\interpreter\linkResolver.cpp, line 771]
Event: 2.530 Thread 0x00000209937988b0 Exception <a 'java/lang/NoSuchMethodError'{0x00000000c6309c80}: 'java.lang.Object java.lang.invoke.DirectMethodHandle$Holder.invokeSpecial(java.lang.Object, java.lang.Object, java.lang.Object, java.lang.Object, java.lang.Object, java.lang.Object, java.lang.Object, java.lang.Object, java.lang.Object)'> (0x00000000c6309c80) 
thrown [s\src\hotspot\share\interpreter\linkResolver.cpp, line 771]
Event: 2.530 Thread 0x00000209937988b0 Exception <a 'java/lang/NoSuchMethodError'{0x00000000c630e908}: 'java.lang.Object java.lang.invoke.Invokers$Holder.linkToTargetMethod(java.lang.Object, java.lang.Object, java.lang.Object, java.lang.Object, java.lang.Object, java.lang.Object, java.lang.Object, java.lang.Object)'> (0x00000000c630e908) 
thrown [s\src\hotspot\share\interpreter\linkResolver.cpp, line 771]
Event: 2.540 Thread 0x00000209937988b0 Exception <a 'java/lang/NoSuchMethodError'{0x00000000c634c9a0}: 'java.lang.Object java.lang.invoke.DirectMethodHandle$Holder.newInvokeSpecial(java.lang.Object, java.lang.Object, java.lang.Object, java.lang.Object, java.lang.Object, java.lang.Object, java.lang.Object)'> (0x00000000c634c9a0) 
thrown [s\src\hotspot\share\interpreter\linkResolver.cpp, line 771]
Event: 2.541 Thread 0x00000209937988b0 Exception <a 'java/lang/NoSuchMethodError'{0x00000000c63512b0}: 'java.lang.Object java.lang.invoke.Invokers$Holder.linkToTargetMethod(java.lang.Object, java.lang.Object, java.lang.Object, java.lang.Object, java.lang.Object, java.lang.Object, java.lang.Object)'> (0x00000000c63512b0) 
thrown [s\src\hotspot\share\interpreter\linkResolver.cpp, line 771]
Event: 2.542 Thread 0x00000209937988b0 Exception <a 'java/lang/NoSuchMethodError'{0x00000000c6355330}: 'java.lang.Object java.lang.invoke.DirectMethodHandle$Holder.invokeStatic(java.lang.Object, int, java.lang.Object, java.lang.Object)'> (0x00000000c6355330) 
thrown [s\src\hotspot\share\interpreter\linkResolver.cpp, line 771]
Event: 2.543 Thread 0x00000209937988b0 Exception <a 'java/lang/NoSuchMethodError'{0x00000000c635c6d8}: 'java.lang.Object java.lang.invoke.DirectMethodHandle$Holder.newInvokeSpecial(java.lang.Object, int, java.lang.Object)'> (0x00000000c635c6d8) 
thrown [s\src\hotspot\share\interpreter\linkResolver.cpp, line 771]
Event: 2.550 Thread 0x00000209937988b0 Exception <a 'java/lang/NoSuchMethodError'{0x00000000c6373ac0}: 'java.lang.Object java.lang.invoke.DirectMethodHandle$Holder.invokeInterface(java.lang.Object, java.lang.Object, java.lang.Object)'> (0x00000000c6373ac0) 
thrown [s\src\hotspot\share\interpreter\linkResolver.cpp, line 771]
Event: 2.568 Thread 0x00000209937988b0 Exception <a 'java/lang/reflect/InvocationTargetException'{0x00000000c6208620}> (0x00000000c6208620) 
thrown [s\src\hotspot\share\runtime\reflection.cpp, line 1127]
Event: 2.725 Thread 0x00000209937988b0 Exception <a 'sun/nio/fs/WindowsException'{0x00000000c5e8cb18}> (0x00000000c5e8cb18) 
thrown [s\src\hotspot\share\prims\jni.cpp, line 517]
Event: 2.858 Thread 0x00000209937988b0 Implicit null exception at 0x0000020987b84434 to 0x0000020987b84dbc
Event: 2.971 Thread 0x00000209937988b0 Exception <a 'java/lang/NoSuchMethodError'{0x00000000c598cf40}: 'java.lang.Object java.lang.invoke.DirectMethodHandle$Holder.newInvokeSpecial(java.lang.Object, java.lang.Object, int)'> (0x00000000c598cf40) 
thrown [s\src\hotspot\share\interpreter\linkResolver.cpp, line 771]

VM Operations (20 events):
Event: 3.703 Executing VM operation: G1PauseRemark
Event: 3.706 Executing VM operation: G1PauseRemark done
Event: 3.713 Executing VM operation: G1PauseCleanup
Event: 3.713 Executing VM operation: G1PauseCleanup done
Event: 4.061 Executing VM operation: G1TryInitiateConcMark
Event: 4.077 Executing VM operation: G1TryInitiateConcMark done
Event: 4.678 Executing VM operation: G1CollectForAllocation
Event: 4.723 Executing VM operation: G1CollectForAllocation done
Event: 4.985 Executing VM operation: G1CollectForAllocation
Event: 5.030 Executing VM operation: G1CollectForAllocation done
Event: 5.159 Executing VM operation: G1CollectForAllocation
Event: 5.195 Executing VM operation: G1CollectForAllocation done
Event: 5.296 Executing VM operation: G1CollectForAllocation
Event: 5.322 Executing VM operation: G1CollectForAllocation done
Event: 5.362 Executing VM operation: G1PauseRemark
Event: 5.371 Executing VM operation: G1PauseRemark done
Event: 5.434 Executing VM operation: G1PauseCleanup
Event: 5.435 Executing VM operation: G1PauseCleanup done
Event: 5.483 Executing VM operation: G1CollectForAllocation
Event: 5.559 Executing VM operation: G1CollectForAllocation done

Events (20 events):
Event: 2.979 loading class java/util/random/RandomGenerator$SplittableGenerator done
Event: 2.979 loading class java/util/SplittableRandom done
Event: 2.980 loading class java/util/SplittableRandom$AbstractSplittableGeneratorProxy
Event: 2.980 loading class jdk/internal/util/random/RandomSupport$AbstractSplittableGenerator
Event: 2.980 loading class jdk/internal/util/random/RandomSupport$AbstractSpliteratorGenerator
Event: 2.980 loading class jdk/internal/util/random/RandomSupport$AbstractSpliteratorGenerator done
Event: 2.980 loading class jdk/internal/util/random/RandomSupport$AbstractSplittableGenerator done
Event: 2.980 loading class java/util/SplittableRandom$AbstractSplittableGeneratorProxy done
Event: 3.217 Thread 0x0000020993bf3860 Thread exited: 0x0000020993bf3860
Event: 3.398 loading class java/util/AbstractList$RandomAccessSubList
Event: 3.398 loading class java/util/AbstractList$SubList
Event: 3.399 loading class java/util/AbstractList$SubList done
Event: 3.399 loading class java/util/AbstractList$RandomAccessSubList done
Event: 3.399 loading class java/util/AbstractList$SubList$1
Event: 3.399 loading class java/util/AbstractList$SubList$1 done
Event: 3.422 loading class java/time/temporal/UnsupportedTemporalTypeException
Event: 3.422 loading class java/time/temporal/UnsupportedTemporalTypeException done
Event: 3.607 Thread 0x0000020993480520 Thread exited: 0x0000020993480520
Event: 3.767 Thread 0x00000209945a8ae0 Thread added: 0x00000209945a8ae0
Event: 3.817 Thread 0x00000209945a8590 Thread added: 0x00000209945a8590


Dynamic libraries:
0x00007ff6e5f20000 - 0x00007ff6e5f2a000 	D:\atest\IntelliJ IDEA 2023.3.2\jbr\bin\java.exe
0x00007ffc68290000 - 0x00007ffc684a6000 	C:\Windows\SYSTEM32\ntdll.dll
0x00007ffc670b0000 - 0x00007ffc67174000 	C:\Windows\System32\KERNEL32.DLL
0x00007ffc65780000 - 0x00007ffc65b27000 	C:\Windows\System32\KERNELBASE.dll
0x00007ffc65c80000 - 0x00007ffc65d91000 	C:\Windows\System32\ucrtbase.dll
0x00007ffc52d00000 - 0x00007ffc52d1b000 	D:\atest\IntelliJ IDEA 2023.3.2\jbr\bin\VCRUNTIME140.dll
0x00007ffbe9ba0000 - 0x00007ffbe9bb7000 	D:\atest\IntelliJ IDEA 2023.3.2\jbr\bin\jli.dll
0x00007ffc67180000 - 0x00007ffc6732e000 	C:\Windows\System32\USER32.dll
0x00007ffc65b30000 - 0x00007ffc65b56000 	C:\Windows\System32\win32u.dll
0x00007ffc51f60000 - 0x00007ffc521f3000 	C:\Windows\WinSxS\amd64_microsoft.windows.common-controls_6595b64144ccf1df_6.0.22621.3235_none_270f74e173860f98\COMCTL32.dll
0x00007ffc66490000 - 0x00007ffc664b9000 	C:\Windows\System32\GDI32.dll
0x00007ffc66e00000 - 0x00007ffc66ea7000 	C:\Windows\System32\msvcrt.dll
0x00007ffc65b60000 - 0x00007ffc65c79000 	C:\Windows\System32\gdi32full.dll
0x00007ffc656e0000 - 0x00007ffc6577a000 	C:\Windows\System32\msvcp_win.dll
0x00007ffc66ec0000 - 0x00007ffc66ef1000 	C:\Windows\System32\IMM32.DLL
0x00007ffc5d500000 - 0x00007ffc5d50c000 	D:\atest\IntelliJ IDEA 2023.3.2\jbr\bin\vcruntime140_1.dll
0x00007ffc4ade0000 - 0x00007ffc4ae6d000 	D:\atest\IntelliJ IDEA 2023.3.2\jbr\bin\msvcp140.dll
0x00007ffbe9bc0000 - 0x00007ffbea842000 	D:\atest\IntelliJ IDEA 2023.3.2\jbr\bin\server\jvm.dll
0x00007ffc66d20000 - 0x00007ffc66dd2000 	C:\Windows\System32\ADVAPI32.dll
0x00007ffc66fe0000 - 0x00007ffc67088000 	C:\Windows\System32\sechost.dll
0x00007ffc65f10000 - 0x00007ffc65f38000 	C:\Windows\System32\bcrypt.dll
0x00007ffc67600000 - 0x00007ffc67715000 	C:\Windows\System32\RPCRT4.dll
0x00007ffc65480000 - 0x00007ffc654cd000 	C:\Windows\SYSTEM32\POWRPROF.dll
0x00007ffc39fa0000 - 0x00007ffc39fa9000 	C:\Windows\SYSTEM32\WSOCK32.dll
0x00007ffc67850000 - 0x00007ffc678c1000 	C:\Windows\System32\WS2_32.dll
0x00007ffc5c000000 - 0x00007ffc5c034000 	C:\Windows\SYSTEM32\WINMM.dll
0x00007ffc59970000 - 0x00007ffc5997a000 	C:\Windows\SYSTEM32\VERSION.dll
0x00007ffc65460000 - 0x00007ffc65473000 	C:\Windows\SYSTEM32\UMPDC.dll
0x00007ffc645c0000 - 0x00007ffc645d8000 	C:\Windows\SYSTEM32\kernel.appcore.dll
0x00007ffc54e80000 - 0x00007ffc54e8a000 	D:\atest\IntelliJ IDEA 2023.3.2\jbr\bin\jimage.dll
0x00007ffc627e0000 - 0x00007ffc62a13000 	C:\Windows\SYSTEM32\DBGHELP.DLL
0x00007ffc678d0000 - 0x00007ffc67c58000 	C:\Windows\System32\combase.dll
0x00007ffc68170000 - 0x00007ffc68247000 	C:\Windows\System32\OLEAUT32.dll
0x00007ffc4a240000 - 0x00007ffc4a272000 	C:\Windows\SYSTEM32\dbgcore.DLL
0x00007ffc65f40000 - 0x00007ffc65fb9000 	C:\Windows\System32\bcryptPrimitives.dll
0x00007ffbe9b70000 - 0x00007ffbe9b95000 	D:\atest\IntelliJ IDEA 2023.3.2\jbr\bin\java.dll
0x00007ffbf3fd0000 - 0x00007ffbf3fe8000 	D:\atest\IntelliJ IDEA 2023.3.2\jbr\bin\zip.dll
0x00007ffc664c0000 - 0x00007ffc66d1c000 	C:\Windows\System32\SHELL32.dll
0x00007ffc634c0000 - 0x00007ffc63db9000 	C:\Windows\SYSTEM32\windows.storage.dll
0x00007ffc63380000 - 0x00007ffc634be000 	C:\Windows\SYSTEM32\wintypes.dll
0x00007ffc67730000 - 0x00007ffc67823000 	C:\Windows\System32\SHCORE.dll
0x00007ffc66f80000 - 0x00007ffc66fde000 	C:\Windows\System32\shlwapi.dll
0x00007ffc654e0000 - 0x00007ffc65501000 	C:\Windows\SYSTEM32\profapi.dll
0x00007ffbe9460000 - 0x00007ffbe9479000 	D:\atest\IntelliJ IDEA 2023.3.2\jbr\bin\net.dll
0x00007ffc5c260000 - 0x00007ffc5c396000 	C:\Windows\SYSTEM32\WINHTTP.dll
0x00007ffc64a40000 - 0x00007ffc64aa9000 	C:\Windows\system32\mswsock.dll
0x00007ffbe9440000 - 0x00007ffbe9456000 	D:\atest\IntelliJ IDEA 2023.3.2\jbr\bin\nio.dll
0x00007ffc64060000 - 0x00007ffc6408d000 	C:\Windows\SYSTEM32\IPHLPAPI.DLL
0x00007ffc66eb0000 - 0x00007ffc66eb9000 	C:\Windows\System32\NSI.dll
0x00007ffc5bfe0000 - 0x00007ffc5bff9000 	C:\Windows\SYSTEM32\dhcpcsvc6.DLL
0x00007ffc5bfc0000 - 0x00007ffc5bfdf000 	C:\Windows\SYSTEM32\dhcpcsvc.DLL
0x00007ffc64090000 - 0x00007ffc64189000 	C:\Windows\SYSTEM32\DNSAPI.dll
0x00007ffc64cc0000 - 0x00007ffc64cdb000 	C:\Windows\SYSTEM32\CRYPTSP.dll
0x00007ffc64520000 - 0x00007ffc64555000 	C:\Windows\system32\rsaenh.dll
0x00007ffc64b60000 - 0x00007ffc64b88000 	C:\Windows\SYSTEM32\USERENV.dll
0x00007ffc64ce0000 - 0x00007ffc64cec000 	C:\Windows\SYSTEM32\CRYPTBASE.dll
0x00007ffc52ab0000 - 0x00007ffc52ab7000 	D:\atest\IntelliJ IDEA 2023.3.2\jbr\bin\rmi.dll
0x00007ffc5e080000 - 0x00007ffc5e08a000 	C:\Windows\System32\rasadhlp.dll
0x00007ffc59fa0000 - 0x00007ffc5a023000 	C:\Windows\System32\fwpuclnt.dll
0x00007ffbe9b50000 - 0x00007ffbe9b5e000 	D:\atest\IntelliJ IDEA 2023.3.2\jbr\bin\sunmscapi.dll
0x00007ffc65da0000 - 0x00007ffc65f07000 	C:\Windows\System32\CRYPT32.dll
0x00007ffc64e80000 - 0x00007ffc64eae000 	C:\Windows\SYSTEM32\ncrypt.dll
0x00007ffc64e40000 - 0x00007ffc64e77000 	C:\Windows\SYSTEM32\NTASN1.dll

dbghelp: loaded successfully - version: 4.0.5 - missing functions: none
symbol engine: initialized successfully - sym options: 0x614 - pdb path: .;D:\atest\IntelliJ IDEA 2023.3.2\jbr\bin;C:\Windows\SYSTEM32;C:\Windows\WinSxS\amd64_microsoft.windows.common-controls_6595b64144ccf1df_6.0.22621.3235_none_270f74e173860f98;D:\atest\IntelliJ IDEA 2023.3.2\jbr\bin\server

VM Arguments:
jvm_args: -Djava.rmi.server.hostname=127.0.0.1 -Duser.timezone=UTC -Xmx1024m -Xms128m -Djdbc.classpath=D:\atest\IntelliJ IDEA 2023.3.2\plugins\DatabaseTools\lib\jdbc-console.jar;C:\Users\mihai\AppData\Roaming\JetBrains\IntelliJIdea2023.3\jdbc-drivers\MongoDB\1.18\mongo-jdbc-standalone-1.18.jar --add-exports=java.desktop/sun.awt=ALL-UNNAMED --add-exports=java.desktop/java.awt.peer=ALL-UNNAMED --add-opens=java.desktop/java.awt=ALL-UNNAMED --add-opens=jdk.unsupported/sun.misc=ALL-UNNAMED --add-opens=java.base/java.nio=ALL-UNNAMED --add-opens=java.base/java.util=ALL-UNNAMED -Dfile.encoding=UTF-8 
java_command: com.intellij.database.remote.RemoteJdbcServer com.dbschema.MongoJdbcDriver
java_class_path (initial): D:\atest\IntelliJ IDEA 2023.3.2\lib\util_rt.jar;D:\atest\IntelliJ IDEA 2023.3.2\lib\util-8.jar;D:\atest\IntelliJ IDEA 2023.3.2\lib\groovy.jar;D:\atest\IntelliJ IDEA 2023.3.2\plugins\DatabaseTools\lib\jdbc-console.jar;D:\atest\IntelliJ IDEA 2023.3.2\plugins\grid-core-impl\lib\jdbc-console-types.jar;D:\atest\IntelliJ IDEA 2023.3.2\lib\util.jar
Launcher Type: SUN_STANDARD

[Global flags]
     intx CICompilerCount                          = 4                                         {product} {ergonomic}
     uint ConcGCThreads                            = 2                                         {product} {ergonomic}
     uint G1ConcRefinementThreads                  = 8                                         {product} {ergonomic}
   size_t G1HeapRegionSize                         = 1048576                                   {product} {ergonomic}
    uintx GCDrainStackTargetSize                   = 64                                        {product} {ergonomic}
   size_t InitialHeapSize                          = 134217728                                 {product} {command line}
   size_t MarkStackSize                            = 4194304                                   {product} {ergonomic}
   size_t MaxHeapSize                              = 1073741824                                {product} {command line}
   size_t MaxNewSize                               = 643825664                                 {product} {ergonomic}
   size_t MinHeapDeltaBytes                        = 1048576                                   {product} {ergonomic}
   size_t MinHeapSize                              = 134217728                                 {product} {command line}
    uintx NonNMethodCodeHeapSize                   = 5839372                                {pd product} {ergonomic}
    uintx NonProfiledCodeHeapSize                  = 122909434                              {pd product} {ergonomic}
    uintx ProfiledCodeHeapSize                     = 122909434                              {pd product} {ergonomic}
    uintx ReservedCodeCacheSize                    = 251658240                              {pd product} {ergonomic}
     bool SegmentedCodeCache                       = true                                      {product} {ergonomic}
   size_t SoftMaxHeapSize                          = 1073741824                             {manageable} {ergonomic}
     bool UseCompressedClassPointers               = true                           {product lp64_product} {ergonomic}
     bool UseCompressedOops                        = true                           {product lp64_product} {ergonomic}
     bool UseG1GC                                  = true                                      {product} {ergonomic}
     bool UseLargePagesIndividualAllocation        = false                                  {pd product} {ergonomic}

Logging:
Log output configuration:
 #0: stdout all=warning uptime,level,tags
 #1: stderr all=off uptime,level,tags

Environment Variables:
PATH=C:\ProgramData\Oracle\Java\javapath;C:\Program Files (x86)\Common Files\Oracle\Java\javapath;C:\Program Files (x86)\NVIDIA Corporation\PhysX\Common;C:\Program Files\Eclipse Adoptium\jdk-17.0.6.10-hotspot\bin;C:\Windows\system32;C:\Windows;C:\Windows\System32\Wbem;C:\Windows\System32\WindowsPowerShell\v1.0\;C:\Windows\System32\OpenSSH\;C:\ProgramData\chocolatey\bin;C:\Windows\System32;C:\Program Files\Git\cmd;D:\flutter\flutter\bin;C:\Program Files\Git\usr\bin;C:\Program Files\dotnet\;C:\tools\lxrunoffline;;C:\Program Files\PowerShell\7\;C:\Program Files\Docker\Docker\resources\bin;C:\Program Files\Go\bin;C:\Users\mihai\AppData\Local\Microsoft\WindowsApps;D:\Games\programmmist\Microsoft VS Code\bin;C:\tools\flutter\bin;";C:\Program Files\Git\bin\git.exe;C:\Program Files\Git\cmd";D:\flutter\flutter\bin;D:\atest\IntelliJ IDEA 2023.3.2\bin;;C:\Users\mihai\AppData\Local\Programs\Microsoft VS Code\bin;D:\tmp\PyCharm 2023.1.3\bin;;D:\flutter\andros;C:\Users\mihai\go\bin;D:\trash\archit\bin;
USERNAME=mihai
OS=Windows_NT
PROCESSOR_IDENTIFIER=AMD64 Family 23 Model 24 Stepping 1, AuthenticAMD
TMP=C:\Users\mihai\AppData\Local\Temp
TEMP=C:\Users\mihai\AppData\Local\Temp



Periodic native trim disabled

JNI global refs:
JNI global refs: 21, weak refs: 53

JNI global refs memory usage: 843, weak refs: 841

OOME stack traces (most recent first):
Classloader memory used:
Loader com.intellij.database.remote.jdbc.impl.JdbcClassLoader$JdbcClassLoaderImpl      : 2573K
Loader bootstrap                                                                       : 1960K
Loader jdk.internal.loader.ClassLoaders$AppClassLoader                                 : 140K
Loader jdk.internal.loader.ClassLoaders$PlatformClassLoader                            : 51097B
Loader jdk.internal.reflect.DelegatingClassLoader                                      : 8697B


---------------  S Y S T E M  ---------------

OS:
 Windows 11 , 64 bit Build 22621 (10.0.22621.3374)
OS uptime: 0 days 2:08 hours
Hyper-V role detected

CPU: total 8 (initial active 8) (8 cores per cpu, 2 threads per core) family 23 model 24 stepping 1 microcode 0x0, cx8, cmov, fxsr, ht, mmx, 3dnowpref, sse, sse2, sse3, ssse3, sse4a, sse4.1, sse4.2, popcnt, lzcnt, tsc, tscinvbit, avx, avx2, aes, clmul, bmi1, bmi2, adx, sha, fma, vzeroupper, clflush, clflushopt, hv
Processor Information for all 8 processors :
  Max Mhz: 2300, Current Mhz: 2300, Mhz Limit: 2300

Memory: 4k page, system-wide physical 15295M (610M free)
TotalPageFile size 30281M (AvailPageFile size 5M)
current process WorkingSet (physical memory assigned to process): 350M, peak: 350M
current process commit charge ("private bytes"): 403M, peak: 413M

vm_info: OpenJDK 64-Bit Server VM (17.0.9+7-b1087.9) for windows-amd64 JRE (17.0.9+7-b1087.9), built on 2023-12-05 by "builduser" with MS VC++ 16.10 / 16.11 (VS2019)

END.
