#
# There is insufficient memory for the Java Runtime Environment to continue.
# Native memory allocation (mmap) failed to map 65536 bytes for Failed to commit metaspace.
# Possible reasons:
#   The system is out of physical RAM or swap space
#   The process is running with CompressedOops enabled, and the Java Heap may be blocking the growth of the native heap
# Possible solutions:
#   Reduce memory load on the system
#   Increase physical memory or swap space
#   Check if swap backing store is full
#   Decrease Java heap size (-Xmx/-Xms)
#   Decrease number of Java threads
#   Decrease Java thread stack sizes (-Xss)
#   Set larger code cache with -XX:ReservedCodeCacheSize=
#   JVM is running with Zero Based Compressed Oops mode in which the Java heap is
#     placed in the first 32GB address space. The Java Heap base address is the
#     maximum limit for the native heap growth. Please use -XX:HeapBaseMinAddress
#     to set the Java Heap base and to place the Java Heap above 32GB virtual address.
# This output file may be truncated or incomplete.
#
#  Out of Memory Error (virtualSpaceNode.cpp:110), pid=26268, tid=2892
#
# JRE version: OpenJDK Runtime Environment JBR-17.0.8+7-1000.8-nomod (17.0.8+7) (build 17.0.8+7-b1000.8)
# Java VM: OpenJDK 64-Bit Server VM JBR-17.0.8+7-1000.8-nomod (17.0.8+7-b1000.8, mixed mode, emulated-client, tiered, compressed oops, compressed class ptrs, g1 gc, windows-amd64)
# No core dump will be written. Minidumps are not enabled by default on client versions of Windows
#

---------------  S U M M A R Y ------------

Command Line: -agentlib:jdwp=transport=dt_socket,address=127.0.0.1:62157,suspend=y,server=n -XX:TieredStopAtLevel=1 -Dspring.output.ansi.enabled=always -Dcom.sun.management.jmxremote -Dspring.jmx.enabled=true -Dspring.liveBeansView.mbeanDomain -Dspring.application.admin.enabled=true -Dmanagement.endpoints.jmx.exposure.include=* -javaagent:C:\Users\mihai\AppData\Local\JetBrains\IntelliJIdea2023.3\captureAgent\debugger-agent.jar=file:/C:/Users/mihai/AppData/Local/Temp/capture.props -Dfile.encoding=UTF-8 harakiri.UserServiceApplication

Host: AMD Ryzen 7 3700U with Radeon Vega Mobile Gfx  , 8 cores, 14G,  Windows 11 , 64 bit Build 22621 (10.0.22621.3374)
Time: Fri Apr 12 15:32:50 2024 RTZ 2 (s 11 , 64 bit Build 22621 (10.0.22621.3374) elapsed time: 6.157416 seconds (0d 0h 0m 6s)

---------------  T H R E A D  ---------------

Current thread (0x0000026f6ba934c0):  JavaThread "main" [_thread_in_vm, id=2892, stack(0x0000008247e00000,0x0000008247f00000)]

Stack: [0x0000008247e00000,0x0000008247f00000]
Native frames: (J=compiled Java code, j=interpreted, Vv=VM code, C=native code)
V  [jvm.dll+0x6852da]
V  [jvm.dll+0x844c84]
V  [jvm.dll+0x84659e]
V  [jvm.dll+0x846c03]
V  [jvm.dll+0x24b7cf]
V  [jvm.dll+0x84003b]
V  [jvm.dll+0x6296c6]
V  [jvm.dll+0x62972a]
V  [jvm.dll+0x62bf4a]
V  [jvm.dll+0x62a066]
V  [jvm.dll+0x633f37]
V  [jvm.dll+0x1eeefb]
V  [jvm.dll+0x1ef435]
V  [jvm.dll+0x1efd54]
V  [jvm.dll+0x1e529c]
V  [jvm.dll+0x54b27d]
V  [jvm.dll+0x1f5ccb]
V  [jvm.dll+0x7be1db]
V  [jvm.dll+0x7bf622]
V  [jvm.dll+0x7bf958]
V  [jvm.dll+0x24345e]
V  [jvm.dll+0x386efe]
C  0x0000026f6f25582e

Java frames: (J=compiled Java code, j=interpreted, Vv=VM code)
j  sun.rmi.runtime.RuntimeUtil.<init>()V+5 java.rmi@17.0.8
j  sun.rmi.runtime.RuntimeUtil.<clinit>()V+43 java.rmi@17.0.8
v  ~StubRoutines::call_stub
j  sun.rmi.runtime.RuntimeUtil$GetInstanceAction.run()Lsun/rmi/runtime/RuntimeUtil;+0 java.rmi@17.0.8
j  sun.rmi.runtime.RuntimeUtil$GetInstanceAction.run()Ljava/lang/Object;+1 java.rmi@17.0.8
J 1022 c1 java.security.AccessController.doPrivileged(Ljava/security/PrivilegedAction;)Ljava/lang/Object; java.base@17.0.8 (9 bytes) @ 0x0000026f6f3dd17c [0x0000026f6f3dd140+0x000000000000003c]
j  sun.rmi.transport.DGCImpl.<clinit>()V+67 java.rmi@17.0.8
v  ~StubRoutines::call_stub
j  sun.rmi.transport.WeakRef.pin()V+15 java.rmi@17.0.8
j  sun.rmi.transport.Target.pinImpl()V+4 java.rmi@17.0.8
j  sun.rmi.transport.Target.<init>(Ljava/rmi/Remote;Lsun/rmi/server/Dispatcher;Ljava/rmi/Remote;Ljava/rmi/server/ObjID;Z)V+134 java.rmi@17.0.8
j  sun.rmi.server.UnicastServerRef.exportObject(Ljava/rmi/Remote;Ljava/lang/Object;Z)Ljava/rmi/Remote;+67 java.rmi@17.0.8
j  sun.management.jmxremote.ConnectorBootstrap$PermanentExporter.exportObject(Ljava/rmi/Remote;ILjava/rmi/server/RMIClientSocketFactory;Ljava/rmi/server/RMIServerSocketFactory;Ljava/io/ObjectInputFilter;)Ljava/rmi/Remote;+82 jdk.management.agent@17.0.8
j  javax.management.remote.rmi.RMIJRMPServerImpl.export(Ljava/rmi/Remote;Ljava/io/ObjectInputFilter;)V+62 java.management.rmi@17.0.8
j  javax.management.remote.rmi.RMIJRMPServerImpl.export()V+6 java.management.rmi@17.0.8
j  javax.management.remote.rmi.RMIConnectorServer.start()V+257 java.management.rmi@17.0.8
j  sun.management.jmxremote.ConnectorBootstrap.startLocalConnectorServer()Ljavax/management/remote/JMXConnectorServer;+290 jdk.management.agent@17.0.8
j  jdk.internal.agent.Agent.startLocalManagementAgent()V+13 jdk.management.agent@17.0.8
j  jdk.internal.agent.Agent.startAgent(Ljava/util/Properties;)V+58 jdk.management.agent@17.0.8
j  jdk.internal.agent.Agent.startAgent()V+20 jdk.management.agent@17.0.8
v  ~StubRoutines::call_stub

---------------  P R O C E S S  ---------------

Threads class SMR info:
_java_thread_list=0x0000026f7ebe8850, length=15, elements={
0x0000026f6ba934c0, 0x0000026f7ddb6460, 0x0000026f7ddb6cf0, 0x0000026f7dde8de0,
0x0000026f7dde93b0, 0x0000026f7dde9f90, 0x0000026f7ddee570, 0x0000026f7de0d8a0,
0x0000026f7de118d0, 0x0000026f7de64fd0, 0x0000026f7e0883d0, 0x0000026f7e088e90,
0x0000026f7e09efd0, 0x0000026f7eaf9ef0, 0x0000026f7ec37c50
}

Java Threads: ( => current thread )
=>0x0000026f6ba934c0 JavaThread "main" [_thread_in_vm, id=2892, stack(0x0000008247e00000,0x0000008247f00000)]
  0x0000026f7ddb6460 JavaThread "Reference Handler" daemon [_thread_blocked, id=6912, stack(0x0000008248500000,0x0000008248600000)]
  0x0000026f7ddb6cf0 JavaThread "Finalizer" daemon [_thread_blocked, id=26028, stack(0x0000008248600000,0x0000008248700000)]
  0x0000026f7dde8de0 JavaThread "Signal Dispatcher" daemon [_thread_blocked, id=16400, stack(0x0000008248700000,0x0000008248800000)]
  0x0000026f7dde93b0 JavaThread "Attach Listener" daemon [_thread_blocked, id=20116, stack(0x0000008248800000,0x0000008248900000)]
  0x0000026f7dde9f90 JavaThread "Service Thread" daemon [_thread_blocked, id=11036, stack(0x0000008248900000,0x0000008248a00000)]
  0x0000026f7ddee570 JavaThread "Monitor Deflation Thread" daemon [_thread_blocked, id=6916, stack(0x0000008248a00000,0x0000008248b00000)]
  0x0000026f7de0d8a0 JavaThread "C1 CompilerThread0" daemon [_thread_blocked, id=12788, stack(0x0000008248b00000,0x0000008248c00000)]
  0x0000026f7de118d0 JavaThread "Sweeper thread" daemon [_thread_blocked, id=25456, stack(0x0000008248c00000,0x0000008248d00000)]
  0x0000026f7de64fd0 JavaThread "Common-Cleaner" daemon [_thread_blocked, id=19584, stack(0x0000008248d00000,0x0000008248e00000)]
  0x0000026f7e0883d0 JavaThread "JDWP Transport Listener: dt_socket" daemon [_thread_blocked, id=3984, stack(0x0000008248f00000,0x0000008249000000)]
  0x0000026f7e088e90 JavaThread "JDWP Event Helper Thread" daemon [_thread_blocked, id=21864, stack(0x0000008249000000,0x0000008249100000)]
  0x0000026f7e09efd0 JavaThread "JDWP Command Reader" daemon [_thread_in_native, id=2040, stack(0x0000008249100000,0x0000008249200000)]
  0x0000026f7eaf9ef0 JavaThread "Notification Thread" daemon [_thread_blocked, id=21180, stack(0x0000008249200000,0x0000008249300000)]
  0x0000026f7ec37c50 JavaThread "C1 CompilerThread1" daemon [_thread_blocked, id=13344, stack(0x0000008249900000,0x0000008249a00000)]

Other Threads:
  0x0000026f7ddb1820 VMThread "VM Thread" [stack: 0x0000008248400000,0x0000008248500000] [id=1428]
  0x0000026f6baf9ee0 GCTaskThread "GC Thread#0" [stack: 0x0000008247f00000,0x0000008248000000] [id=14164]
  0x0000026f7ebbf120 GCTaskThread "GC Thread#1" [stack: 0x0000008248e00000,0x0000008248f00000] [id=26004]
  0x0000026f7ebbf3e0 GCTaskThread "GC Thread#2" [stack: 0x0000008249300000,0x0000008249400000] [id=10596]
  0x0000026f7ebbf6a0 GCTaskThread "GC Thread#3" [stack: 0x0000008249400000,0x0000008249500000] [id=25756]
  0x0000026f7ebbf960 GCTaskThread "GC Thread#4" [stack: 0x0000008249500000,0x0000008249600000] [id=2928]
  0x0000026f7ebd1a50 GCTaskThread "GC Thread#5" [stack: 0x0000008249600000,0x0000008249700000] [id=11792]
  0x0000026f7ebd1d10 GCTaskThread "GC Thread#6" [stack: 0x0000008249700000,0x0000008249800000] [id=26612]
  0x0000026f7ebd5fe0 GCTaskThread "GC Thread#7" [stack: 0x0000008249800000,0x0000008249900000] [id=8832]
  0x0000026f6bb09d30 ConcurrentGCThread "G1 Main Marker" [stack: 0x0000008248000000,0x0000008248100000] [id=21932]
  0x0000026f6bb0c700 ConcurrentGCThread "G1 Conc#0" [stack: 0x0000008248100000,0x0000008248200000] [id=12260]
  0x0000026f6bb1e490 ConcurrentGCThread "G1 Refine#0" [stack: 0x0000008248200000,0x0000008248300000] [id=25932]
  0x0000026f6bb1e9d0 ConcurrentGCThread "G1 Service" [stack: 0x0000008248300000,0x0000008248400000] [id=8484]

Threads with active compile tasks:

VM state: not at safepoint (normal execution)

VM Mutex/Monitor currently owned by a thread:  ([mutex/lock_event])
[0x0000026f6ba8e6f0] Metaspace_lock - owner thread: 0x0000026f6ba934c0

Heap address: 0x0000000711000000, size: 3824 MB, Compressed Oops mode: Zero based, Oop shift amount: 3

CDS archive(s) not mapped
Compressed class space mapped at: 0x0000000800000000-0x0000000840000000, reserved size: 1073741824
Narrow klass base: 0x0000000800000000, Narrow klass shift: 0, Narrow klass range: 0x40000000

GC Precious Log:
 CPUs: 8 total, 8 available
 Memory: 15295M
 Large Page Support: Disabled
 NUMA Support: Disabled
 Compressed Oops: Enabled (Zero based)
 Heap Region Size: 2M
 Heap Min Capacity: 8M
 Heap Initial Capacity: 240M
 Heap Max Capacity: 3824M
 Pre-touch: Disabled
 Parallel Workers: 8
 Concurrent Workers: 2
 Concurrent Refinement Workers: 8
 Periodic GC: Disabled

Heap:
 garbage-first heap   total 245760K, used 11920K [0x0000000711000000, 0x0000000800000000)
  region size 2048K, 4 young (8192K), 2 survivors (4096K)
 Metaspace       used 14167K, committed 14336K, reserved 1114112K
  class space    used 1464K, committed 1536K, reserved 1048576K

Heap Regions: E=young(eden), S=young(survivor), O=old, HS=humongous(starts), HC=humongous(continues), CS=collection set, F=free, OA=open archive, CA=closed archive, TAMS=top-at-mark-start (previous, next)
|   0|0x0000000711000000, 0x0000000711200000, 0x0000000711200000|100%| O|  |TAMS 0x0000000711000000, 0x0000000711000000| Untracked 
|   1|0x0000000711200000, 0x0000000711400000, 0x0000000711400000|100%| O|  |TAMS 0x0000000711200000, 0x0000000711200000| Untracked 
|   2|0x0000000711400000, 0x00000007115a4000, 0x0000000711600000| 82%| O|  |TAMS 0x0000000711400000, 0x0000000711400000| Untracked 
|   3|0x0000000711600000, 0x0000000711600000, 0x0000000711800000|  0%| F|  |TAMS 0x0000000711600000, 0x0000000711600000| Untracked 
|   4|0x0000000711800000, 0x0000000711800000, 0x0000000711a00000|  0%| F|  |TAMS 0x0000000711800000, 0x0000000711800000| Untracked 
|   5|0x0000000711a00000, 0x0000000711a00000, 0x0000000711c00000|  0%| F|  |TAMS 0x0000000711a00000, 0x0000000711a00000| Untracked 
|   6|0x0000000711c00000, 0x0000000711c00000, 0x0000000711e00000|  0%| F|  |TAMS 0x0000000711c00000, 0x0000000711c00000| Untracked 
|   7|0x0000000711e00000, 0x0000000711e00000, 0x0000000712000000|  0%| F|  |TAMS 0x0000000711e00000, 0x0000000711e00000| Untracked 
|   8|0x0000000712000000, 0x0000000712000000, 0x0000000712200000|  0%| F|  |TAMS 0x0000000712000000, 0x0000000712000000| Untracked 
|   9|0x0000000712200000, 0x0000000712200000, 0x0000000712400000|  0%| F|  |TAMS 0x0000000712200000, 0x0000000712200000| Untracked 
|  10|0x0000000712400000, 0x0000000712400000, 0x0000000712600000|  0%| F|  |TAMS 0x0000000712400000, 0x0000000712400000| Untracked 
|  11|0x0000000712600000, 0x0000000712600000, 0x0000000712800000|  0%| F|  |TAMS 0x0000000712600000, 0x0000000712600000| Untracked 
|  12|0x0000000712800000, 0x0000000712800000, 0x0000000712a00000|  0%| F|  |TAMS 0x0000000712800000, 0x0000000712800000| Untracked 
|  13|0x0000000712a00000, 0x0000000712a00000, 0x0000000712c00000|  0%| F|  |TAMS 0x0000000712a00000, 0x0000000712a00000| Untracked 
|  14|0x0000000712c00000, 0x0000000712c00000, 0x0000000712e00000|  0%| F|  |TAMS 0x0000000712c00000, 0x0000000712c00000| Untracked 
|  15|0x0000000712e00000, 0x0000000712e00000, 0x0000000713000000|  0%| F|  |TAMS 0x0000000712e00000, 0x0000000712e00000| Untracked 
|  16|0x0000000713000000, 0x0000000713000000, 0x0000000713200000|  0%| F|  |TAMS 0x0000000713000000, 0x0000000713000000| Untracked 
|  17|0x0000000713200000, 0x0000000713200000, 0x0000000713400000|  0%| F|  |TAMS 0x0000000713200000, 0x0000000713200000| Untracked 
|  18|0x0000000713400000, 0x0000000713400000, 0x0000000713600000|  0%| F|  |TAMS 0x0000000713400000, 0x0000000713400000| Untracked 
|  19|0x0000000713600000, 0x0000000713600000, 0x0000000713800000|  0%| F|  |TAMS 0x0000000713600000, 0x0000000713600000| Untracked 
|  20|0x0000000713800000, 0x0000000713800000, 0x0000000713a00000|  0%| F|  |TAMS 0x0000000713800000, 0x0000000713800000| Untracked 
|  21|0x0000000713a00000, 0x0000000713a00000, 0x0000000713c00000|  0%| F|  |TAMS 0x0000000713a00000, 0x0000000713a00000| Untracked 
|  22|0x0000000713c00000, 0x0000000713c00000, 0x0000000713e00000|  0%| F|  |TAMS 0x0000000713c00000, 0x0000000713c00000| Untracked 
|  23|0x0000000713e00000, 0x0000000713e00000, 0x0000000714000000|  0%| F|  |TAMS 0x0000000713e00000, 0x0000000713e00000| Untracked 
|  24|0x0000000714000000, 0x0000000714000000, 0x0000000714200000|  0%| F|  |TAMS 0x0000000714000000, 0x0000000714000000| Untracked 
|  25|0x0000000714200000, 0x0000000714200000, 0x0000000714400000|  0%| F|  |TAMS 0x0000000714200000, 0x0000000714200000| Untracked 
|  26|0x0000000714400000, 0x0000000714400000, 0x0000000714600000|  0%| F|  |TAMS 0x0000000714400000, 0x0000000714400000| Untracked 
|  27|0x0000000714600000, 0x0000000714600000, 0x0000000714800000|  0%| F|  |TAMS 0x0000000714600000, 0x0000000714600000| Untracked 
|  28|0x0000000714800000, 0x0000000714800000, 0x0000000714a00000|  0%| F|  |TAMS 0x0000000714800000, 0x0000000714800000| Untracked 
|  29|0x0000000714a00000, 0x0000000714a00000, 0x0000000714c00000|  0%| F|  |TAMS 0x0000000714a00000, 0x0000000714a00000| Untracked 
|  30|0x0000000714c00000, 0x0000000714c00000, 0x0000000714e00000|  0%| F|  |TAMS 0x0000000714c00000, 0x0000000714c00000| Untracked 
|  31|0x0000000714e00000, 0x0000000714e00000, 0x0000000715000000|  0%| F|  |TAMS 0x0000000714e00000, 0x0000000714e00000| Untracked 
|  32|0x0000000715000000, 0x0000000715000000, 0x0000000715200000|  0%| F|  |TAMS 0x0000000715000000, 0x0000000715000000| Untracked 
|  33|0x0000000715200000, 0x0000000715200000, 0x0000000715400000|  0%| F|  |TAMS 0x0000000715200000, 0x0000000715200000| Untracked 
|  34|0x0000000715400000, 0x0000000715400000, 0x0000000715600000|  0%| F|  |TAMS 0x0000000715400000, 0x0000000715400000| Untracked 
|  35|0x0000000715600000, 0x0000000715600000, 0x0000000715800000|  0%| F|  |TAMS 0x0000000715600000, 0x0000000715600000| Untracked 
|  36|0x0000000715800000, 0x0000000715800000, 0x0000000715a00000|  0%| F|  |TAMS 0x0000000715800000, 0x0000000715800000| Untracked 
|  37|0x0000000715a00000, 0x0000000715a00000, 0x0000000715c00000|  0%| F|  |TAMS 0x0000000715a00000, 0x0000000715a00000| Untracked 
|  38|0x0000000715c00000, 0x0000000715c00000, 0x0000000715e00000|  0%| F|  |TAMS 0x0000000715c00000, 0x0000000715c00000| Untracked 
|  39|0x0000000715e00000, 0x0000000715e00000, 0x0000000716000000|  0%| F|  |TAMS 0x0000000715e00000, 0x0000000715e00000| Untracked 
|  40|0x0000000716000000, 0x0000000716000000, 0x0000000716200000|  0%| F|  |TAMS 0x0000000716000000, 0x0000000716000000| Untracked 
|  41|0x0000000716200000, 0x0000000716200000, 0x0000000716400000|  0%| F|  |TAMS 0x0000000716200000, 0x0000000716200000| Untracked 
|  42|0x0000000716400000, 0x0000000716400000, 0x0000000716600000|  0%| F|  |TAMS 0x0000000716400000, 0x0000000716400000| Untracked 
|  43|0x0000000716600000, 0x0000000716600000, 0x0000000716800000|  0%| F|  |TAMS 0x0000000716600000, 0x0000000716600000| Untracked 
|  44|0x0000000716800000, 0x0000000716800000, 0x0000000716a00000|  0%| F|  |TAMS 0x0000000716800000, 0x0000000716800000| Untracked 
|  45|0x0000000716a00000, 0x0000000716a00000, 0x0000000716c00000|  0%| F|  |TAMS 0x0000000716a00000, 0x0000000716a00000| Untracked 
|  46|0x0000000716c00000, 0x0000000716c00000, 0x0000000716e00000|  0%| F|  |TAMS 0x0000000716c00000, 0x0000000716c00000| Untracked 
|  47|0x0000000716e00000, 0x0000000716e00000, 0x0000000717000000|  0%| F|  |TAMS 0x0000000716e00000, 0x0000000716e00000| Untracked 
|  48|0x0000000717000000, 0x0000000717000000, 0x0000000717200000|  0%| F|  |TAMS 0x0000000717000000, 0x0000000717000000| Untracked 
|  49|0x0000000717200000, 0x0000000717200000, 0x0000000717400000|  0%| F|  |TAMS 0x0000000717200000, 0x0000000717200000| Untracked 
|  50|0x0000000717400000, 0x0000000717400000, 0x0000000717600000|  0%| F|  |TAMS 0x0000000717400000, 0x0000000717400000| Untracked 
|  51|0x0000000717600000, 0x0000000717600000, 0x0000000717800000|  0%| F|  |TAMS 0x0000000717600000, 0x0000000717600000| Untracked 
|  52|0x0000000717800000, 0x0000000717800000, 0x0000000717a00000|  0%| F|  |TAMS 0x0000000717800000, 0x0000000717800000| Untracked 
|  53|0x0000000717a00000, 0x0000000717a00000, 0x0000000717c00000|  0%| F|  |TAMS 0x0000000717a00000, 0x0000000717a00000| Untracked 
|  54|0x0000000717c00000, 0x0000000717c00000, 0x0000000717e00000|  0%| F|  |TAMS 0x0000000717c00000, 0x0000000717c00000| Untracked 
|  55|0x0000000717e00000, 0x0000000717e00000, 0x0000000718000000|  0%| F|  |TAMS 0x0000000717e00000, 0x0000000717e00000| Untracked 
|  56|0x0000000718000000, 0x0000000718000000, 0x0000000718200000|  0%| F|  |TAMS 0x0000000718000000, 0x0000000718000000| Untracked 
|  57|0x0000000718200000, 0x0000000718200000, 0x0000000718400000|  0%| F|  |TAMS 0x0000000718200000, 0x0000000718200000| Untracked 
|  58|0x0000000718400000, 0x0000000718400000, 0x0000000718600000|  0%| F|  |TAMS 0x0000000718400000, 0x0000000718400000| Untracked 
|  59|0x0000000718600000, 0x0000000718600000, 0x0000000718800000|  0%| F|  |TAMS 0x0000000718600000, 0x0000000718600000| Untracked 
|  60|0x0000000718800000, 0x0000000718800000, 0x0000000718a00000|  0%| F|  |TAMS 0x0000000718800000, 0x0000000718800000| Untracked 
|  61|0x0000000718a00000, 0x0000000718a00000, 0x0000000718c00000|  0%| F|  |TAMS 0x0000000718a00000, 0x0000000718a00000| Untracked 
|  62|0x0000000718c00000, 0x0000000718c00000, 0x0000000718e00000|  0%| F|  |TAMS 0x0000000718c00000, 0x0000000718c00000| Untracked 
|  63|0x0000000718e00000, 0x0000000718e00000, 0x0000000719000000|  0%| F|  |TAMS 0x0000000718e00000, 0x0000000718e00000| Untracked 
|  64|0x0000000719000000, 0x0000000719000000, 0x0000000719200000|  0%| F|  |TAMS 0x0000000719000000, 0x0000000719000000| Untracked 
|  65|0x0000000719200000, 0x0000000719200000, 0x0000000719400000|  0%| F|  |TAMS 0x0000000719200000, 0x0000000719200000| Untracked 
|  66|0x0000000719400000, 0x0000000719400000, 0x0000000719600000|  0%| F|  |TAMS 0x0000000719400000, 0x0000000719400000| Untracked 
|  67|0x0000000719600000, 0x0000000719600000, 0x0000000719800000|  0%| F|  |TAMS 0x0000000719600000, 0x0000000719600000| Untracked 
|  68|0x0000000719800000, 0x0000000719800000, 0x0000000719a00000|  0%| F|  |TAMS 0x0000000719800000, 0x0000000719800000| Untracked 
|  69|0x0000000719a00000, 0x0000000719a00000, 0x0000000719c00000|  0%| F|  |TAMS 0x0000000719a00000, 0x0000000719a00000| Untracked 
|  70|0x0000000719c00000, 0x0000000719c00000, 0x0000000719e00000|  0%| F|  |TAMS 0x0000000719c00000, 0x0000000719c00000| Untracked 
|  71|0x0000000719e00000, 0x0000000719e00000, 0x000000071a000000|  0%| F|  |TAMS 0x0000000719e00000, 0x0000000719e00000| Untracked 
|  72|0x000000071a000000, 0x000000071a000000, 0x000000071a200000|  0%| F|  |TAMS 0x000000071a000000, 0x000000071a000000| Untracked 
|  73|0x000000071a200000, 0x000000071a200000, 0x000000071a400000|  0%| F|  |TAMS 0x000000071a200000, 0x000000071a200000| Untracked 
|  74|0x000000071a400000, 0x000000071a400000, 0x000000071a600000|  0%| F|  |TAMS 0x000000071a400000, 0x000000071a400000| Untracked 
|  75|0x000000071a600000, 0x000000071a600000, 0x000000071a800000|  0%| F|  |TAMS 0x000000071a600000, 0x000000071a600000| Untracked 
|  76|0x000000071a800000, 0x000000071a800000, 0x000000071aa00000|  0%| F|  |TAMS 0x000000071a800000, 0x000000071a800000| Untracked 
|  77|0x000000071aa00000, 0x000000071aa00000, 0x000000071ac00000|  0%| F|  |TAMS 0x000000071aa00000, 0x000000071aa00000| Untracked 
|  78|0x000000071ac00000, 0x000000071ac00000, 0x000000071ae00000|  0%| F|  |TAMS 0x000000071ac00000, 0x000000071ac00000| Untracked 
|  79|0x000000071ae00000, 0x000000071ae00000, 0x000000071b000000|  0%| F|  |TAMS 0x000000071ae00000, 0x000000071ae00000| Untracked 
|  80|0x000000071b000000, 0x000000071b000000, 0x000000071b200000|  0%| F|  |TAMS 0x000000071b000000, 0x000000071b000000| Untracked 
|  81|0x000000071b200000, 0x000000071b200000, 0x000000071b400000|  0%| F|  |TAMS 0x000000071b200000, 0x000000071b200000| Untracked 
|  82|0x000000071b400000, 0x000000071b400000, 0x000000071b600000|  0%| F|  |TAMS 0x000000071b400000, 0x000000071b400000| Untracked 
|  83|0x000000071b600000, 0x000000071b600000, 0x000000071b800000|  0%| F|  |TAMS 0x000000071b600000, 0x000000071b600000| Untracked 
|  84|0x000000071b800000, 0x000000071b800000, 0x000000071ba00000|  0%| F|  |TAMS 0x000000071b800000, 0x000000071b800000| Untracked 
|  85|0x000000071ba00000, 0x000000071ba00000, 0x000000071bc00000|  0%| F|  |TAMS 0x000000071ba00000, 0x000000071ba00000| Untracked 
|  86|0x000000071bc00000, 0x000000071bc00000, 0x000000071be00000|  0%| F|  |TAMS 0x000000071bc00000, 0x000000071bc00000| Untracked 
|  87|0x000000071be00000, 0x000000071be00000, 0x000000071c000000|  0%| F|  |TAMS 0x000000071be00000, 0x000000071be00000| Untracked 
|  88|0x000000071c000000, 0x000000071c000000, 0x000000071c200000|  0%| F|  |TAMS 0x000000071c000000, 0x000000071c000000| Untracked 
|  89|0x000000071c200000, 0x000000071c200000, 0x000000071c400000|  0%| F|  |TAMS 0x000000071c200000, 0x000000071c200000| Untracked 
|  90|0x000000071c400000, 0x000000071c400000, 0x000000071c600000|  0%| F|  |TAMS 0x000000071c400000, 0x000000071c400000| Untracked 
|  91|0x000000071c600000, 0x000000071c600000, 0x000000071c800000|  0%| F|  |TAMS 0x000000071c600000, 0x000000071c600000| Untracked 
|  92|0x000000071c800000, 0x000000071c800000, 0x000000071ca00000|  0%| F|  |TAMS 0x000000071c800000, 0x000000071c800000| Untracked 
|  93|0x000000071ca00000, 0x000000071ca00000, 0x000000071cc00000|  0%| F|  |TAMS 0x000000071ca00000, 0x000000071ca00000| Untracked 
|  94|0x000000071cc00000, 0x000000071cc00000, 0x000000071ce00000|  0%| F|  |TAMS 0x000000071cc00000, 0x000000071cc00000| Untracked 
|  95|0x000000071ce00000, 0x000000071ce00000, 0x000000071d000000|  0%| F|  |TAMS 0x000000071ce00000, 0x000000071ce00000| Untracked 
|  96|0x000000071d000000, 0x000000071d000000, 0x000000071d200000|  0%| F|  |TAMS 0x000000071d000000, 0x000000071d000000| Untracked 
|  97|0x000000071d200000, 0x000000071d200000, 0x000000071d400000|  0%| F|  |TAMS 0x000000071d200000, 0x000000071d200000| Untracked 
|  98|0x000000071d400000, 0x000000071d400000, 0x000000071d600000|  0%| F|  |TAMS 0x000000071d400000, 0x000000071d400000| Untracked 
|  99|0x000000071d600000, 0x000000071d600000, 0x000000071d800000|  0%| F|  |TAMS 0x000000071d600000, 0x000000071d600000| Untracked 
| 100|0x000000071d800000, 0x000000071d800000, 0x000000071da00000|  0%| F|  |TAMS 0x000000071d800000, 0x000000071d800000| Untracked 
| 101|0x000000071da00000, 0x000000071da00000, 0x000000071dc00000|  0%| F|  |TAMS 0x000000071da00000, 0x000000071da00000| Untracked 
| 102|0x000000071dc00000, 0x000000071dc00000, 0x000000071de00000|  0%| F|  |TAMS 0x000000071dc00000, 0x000000071dc00000| Untracked 
| 103|0x000000071de00000, 0x000000071de00000, 0x000000071e000000|  0%| F|  |TAMS 0x000000071de00000, 0x000000071de00000| Untracked 
| 104|0x000000071e000000, 0x000000071e000000, 0x000000071e200000|  0%| F|  |TAMS 0x000000071e000000, 0x000000071e000000| Untracked 
| 105|0x000000071e200000, 0x000000071e200000, 0x000000071e400000|  0%| F|  |TAMS 0x000000071e200000, 0x000000071e200000| Untracked 
| 106|0x000000071e400000, 0x000000071e400000, 0x000000071e600000|  0%| F|  |TAMS 0x000000071e400000, 0x000000071e400000| Untracked 
| 107|0x000000071e600000, 0x000000071e800000, 0x000000071e800000|100%| S|CS|TAMS 0x000000071e600000, 0x000000071e600000| Complete 
| 108|0x000000071e800000, 0x000000071ea00000, 0x000000071ea00000|100%| S|CS|TAMS 0x000000071e800000, 0x000000071e800000| Complete 
| 109|0x000000071ea00000, 0x000000071ea00000, 0x000000071ec00000|  0%| F|  |TAMS 0x000000071ea00000, 0x000000071ea00000| Untracked 
| 110|0x000000071ec00000, 0x000000071ec00000, 0x000000071ee00000|  0%| F|  |TAMS 0x000000071ec00000, 0x000000071ec00000| Untracked 
| 111|0x000000071ee00000, 0x000000071ee00000, 0x000000071f000000|  0%| F|  |TAMS 0x000000071ee00000, 0x000000071ee00000| Untracked 
| 112|0x000000071f000000, 0x000000071f000000, 0x000000071f200000|  0%| F|  |TAMS 0x000000071f000000, 0x000000071f000000| Untracked 
| 113|0x000000071f200000, 0x000000071f200000, 0x000000071f400000|  0%| F|  |TAMS 0x000000071f200000, 0x000000071f200000| Untracked 
| 114|0x000000071f400000, 0x000000071f400000, 0x000000071f600000|  0%| F|  |TAMS 0x000000071f400000, 0x000000071f400000| Untracked 
| 115|0x000000071f600000, 0x000000071f600000, 0x000000071f800000|  0%| F|  |TAMS 0x000000071f600000, 0x000000071f600000| Untracked 
| 116|0x000000071f800000, 0x000000071f800000, 0x000000071fa00000|  0%| F|  |TAMS 0x000000071f800000, 0x000000071f800000| Untracked 
| 117|0x000000071fa00000, 0x000000071fa00000, 0x000000071fc00000|  0%| F|  |TAMS 0x000000071fa00000, 0x000000071fa00000| Untracked 
| 118|0x000000071fc00000, 0x000000071fd803f8, 0x000000071fe00000| 75%| E|  |TAMS 0x000000071fc00000, 0x000000071fc00000| Complete 
| 119|0x000000071fe00000, 0x0000000720000000, 0x0000000720000000|100%| E|CS|TAMS 0x000000071fe00000, 0x000000071fe00000| Complete 

Card table byte_map: [0x0000026f72ac0000,0x0000026f73240000] _byte_map_base: 0x0000026f6f238000

Marking Bits (Prev, Next): (CMBitMap*) 0x0000026f6bafa500, (CMBitMap*) 0x0000026f6bafa540
 Prev Bits: [0x0000026f739c0000, 0x0000026f77580000)
 Next Bits: [0x0000026f77580000, 0x0000026f7b140000)

Polling page: 0x0000026f69a20000

Metaspace:

Usage:
  Non-class:     12.41 MB used.
      Class:      1.43 MB used.
       Both:     13.84 MB used.

Virtual space:
  Non-class space:       64.00 MB reserved,      12.50 MB ( 20%) committed,  1 nodes.
      Class space:        1.00 GB reserved,       1.50 MB ( <1%) committed,  1 nodes.
             Both:        1.06 GB reserved,      14.00 MB (  1%) committed. 

Chunk freelists:
   Non-Class:  3.00 MB
       Class:  14.51 MB
        Both:  17.50 MB

MaxMetaspaceSize: unlimited
CompressedClassSpaceSize: 1.00 GB
Initial GC threshold: 21.00 MB
Current GC threshold: 21.00 MB
CDS: off
MetaspaceReclaimPolicy: balanced
 - commit_granule_bytes: 65536.
 - commit_granule_words: 8192.
 - virtual_space_node_default_size: 8388608.
 - enlarge_chunks_in_place: 1.
 - new_chunks_are_fully_committed: 0.
 - uncommit_free_chunks: 1.
 - use_allocation_guard: 0.
 - handle_deallocations: 1.


Internal statistics:

num_allocs_failed_limit: 0.
num_arena_births: 102.
num_arena_deaths: 0.
num_vsnodes_births: 2.
num_vsnodes_deaths: 0.
num_space_committed: 224.
num_space_uncommitted: 0.
num_chunks_returned_to_freelist: 0.
num_chunks_taken_from_freelist: 178.
num_chunk_merges: 0.
num_chunk_splits: 105.
num_chunks_enlarged: 62.
num_inconsistent_stats: 0.

CodeCache: size=49152Kb used=3459Kb max_used=3459Kb free=45692Kb
 bounds [0x0000026f6f230000, 0x0000026f6f5d0000, 0x0000026f72230000]
 total_blobs=1557 nmethods=1110 adapters=374
 compilation: enabled
              stopped_count=0, restarted_count=0
 full_count=0

Compilation events (20 events):
Event: 6.108 Thread 0x0000026f7ec37c50 1102       1       java.lang.invoke.Invokers$Holder::linkToTargetMethod (9 bytes)
Event: 6.108 Thread 0x0000026f7de0d8a0 1103       1       sun.invoke.util.VerifyAccess::isMemberAccessible (338 bytes)
Event: 6.108 Thread 0x0000026f7ec37c50 nmethod 1102 0x0000026f6f3b6310 code [0x0000026f6f3b64c0, 0x0000026f6f3b65d8]
Event: 6.109 Thread 0x0000026f7ec37c50 1104       1       java.lang.invoke.BoundMethodHandle::<init> (32 bytes)
Event: 6.109 Thread 0x0000026f7ec37c50 nmethod 1104 0x0000026f6f3b6010 code [0x0000026f6f3b61a0, 0x0000026f6f3b62a8]
Event: 6.112 Thread 0x0000026f7de0d8a0 nmethod 1103 0x0000026f6f3b4f10 code [0x0000026f6f3b51e0, 0x0000026f6f3b5b88]
Event: 6.116 Thread 0x0000026f7de0d8a0 1105       1       java.lang.invoke.MethodHandleNatives::refKindHasReceiver (33 bytes)
Event: 6.116 Thread 0x0000026f7de0d8a0 nmethod 1105 0x0000026f6f3b4310 code [0x0000026f6f3b44a0, 0x0000026f6f3b4558]
Event: 6.127 Thread 0x0000026f7de0d8a0 1106       1       jdk.internal.org.objectweb.asm.MethodWriter::visitCode (1 bytes)
Event: 6.128 Thread 0x0000026f7de0d8a0 nmethod 1106 0x0000026f6f3b4010 code [0x0000026f6f3b41a0, 0x0000026f6f3b4258]
Event: 6.146 Thread 0x0000026f7ec37c50 1108       1       java.lang.invoke.MethodHandleNatives::canBeCalledVirtual (50 bytes)
Event: 6.146 Thread 0x0000026f7de0d8a0 1107       1       java.lang.invoke.MethodHandleNatives::isCallerSensitive (29 bytes)
Event: 6.147 Thread 0x0000026f7ec37c50 nmethod 1108 0x0000026f6f3b3b90 code [0x0000026f6f3b3d40, 0x0000026f6f3b3f08]
Event: 6.147 Thread 0x0000026f7ec37c50 1109       1       java.lang.invoke.MethodHandleNatives::isPullModeBSM (2 bytes)
Event: 6.147 Thread 0x0000026f7de0d8a0 nmethod 1107 0x0000026f6f3b3790 code [0x0000026f6f3b3920, 0x0000026f6f3b3aa8]
Event: 6.147 Thread 0x0000026f7de0d8a0 1111       1       java.lang.invoke.ConstantCallSite::getTarget (20 bytes)
Event: 6.147 Thread 0x0000026f7ec37c50 nmethod 1109 0x0000026f6f3b3490 code [0x0000026f6f3b3620, 0x0000026f6f3b36d8]
Event: 6.147 Thread 0x0000026f7ec37c50 1110       1       java.lang.invoke.MethodHandleImpl::isCompileConstant (2 bytes)
Event: 6.147 Thread 0x0000026f7de0d8a0 nmethod 1111 0x0000026f6f3b3090 code [0x0000026f6f3b3240, 0x0000026f6f3b33c8]
Event: 6.147 Thread 0x0000026f7ec37c50 nmethod 1110 0x0000026f6f3b2d90 code [0x0000026f6f3b2f20, 0x0000026f6f3b2fd8]

GC Heap History (2 events):
Event: 4.188 GC heap before
{Heap before GC invocations=0 (full 0):
 garbage-first heap   total 245760K, used 20480K [0x0000000711000000, 0x0000000800000000)
  region size 2048K, 11 young (22528K), 0 survivors (0K)
 Metaspace       used 12339K, committed 12544K, reserved 1114112K
  class space    used 1233K, committed 1344K, reserved 1048576K
}
Event: 4.268 GC heap after
{Heap after GC invocations=1 (full 0):
 garbage-first heap   total 245760K, used 9872K [0x0000000711000000, 0x0000000800000000)
  region size 2048K, 2 young (4096K), 2 survivors (4096K)
 Metaspace       used 12339K, committed 12544K, reserved 1114112K
  class space    used 1233K, committed 1344K, reserved 1048576K
}

Dll operation events (3 events):
Event: 0.020 Loaded shared library C:\Users\mihai\.jdks\jbr-17.0.8\bin\java.dll
Event: 0.023 Loaded shared library C:\Users\mihai\.jdks\jbr-17.0.8\bin\zip.dll
Event: 0.105 Loaded shared library C:\Users\mihai\.jdks\jbr-17.0.8\bin\jsvml.dll

Deoptimization events (2 events):
Event: 6.124 Thread 0x0000026f6ba934c0 DEOPT PACKING pc=0x0000026f6f3eaa5c sp=0x0000008247efea30
Event: 6.124 Thread 0x0000026f6ba934c0 DEOPT UNPACKING pc=0x0000026f6f287143 sp=0x0000008247efdf20 mode 1

Classes unloaded (0 events):
No events

Classes redefined (0 events):
No events

Internal exceptions (15 events):
Event: 2.000 Thread 0x0000026f7dde93b0 Exception <a 'java/lang/NoSuchMethodError'{0x000000071ee84a50}: 'java.lang.Object java.lang.invoke.Invokers$Holder.invokeExact_MT(java.lang.Object, java.lang.Object, java.lang.Object, java.lang.Object, java.lang.Object, java.lang.Object)'> (0x000000071ee84a50) 
thrown [s\src\hotspot\share\interpreter\linkResolver.cpp, line 771]
Event: 2.096 Thread 0x0000026f6ba934c0 Exception <a 'java/lang/ClassNotFoundException'{0x000000071ef29cb8}: javax/smartcardio/CardPermission> (0x000000071ef29cb8) 
thrown [s\src\hotspot\share\classfile\systemDictionary.cpp, line 256]
Event: 2.103 Thread 0x0000026f6ba934c0 Exception <a 'java/io/FileNotFoundException'{0x000000071ef37f80}> (0x000000071ef37f80) 
thrown [s\src\hotspot\share\prims\jni.cpp, line 517]
Event: 2.220 Thread 0x0000026f6ba934c0 Exception <a 'java/lang/NoSuchMethodError'{0x000000071efce580}: 'java.lang.Object java.lang.invoke.DirectMethodHandle$Holder.invokeSpecial(java.lang.Object, java.lang.Object, java.lang.Object, long, java.lang.Object)'> (0x000000071efce580) 
thrown [s\src\hotspot\share\interpreter\linkResolver.cpp, line 771]
Event: 2.221 Thread 0x0000026f6ba934c0 Exception <a 'java/lang/NoSuchMethodError'{0x000000071efd2220}: 'java.lang.Object java.lang.invoke.Invokers$Holder.linkToTargetMethod(java.lang.Object, long, java.lang.Object, java.lang.Object)'> (0x000000071efd2220) 
thrown [s\src\hotspot\share\interpreter\linkResolver.cpp, line 771]
Event: 2.398 Thread 0x0000026f6ba934c0 Exception <a 'java/lang/NoSuchMethodError'{0x000000071ed8c5f8}: 'java.lang.Object java.lang.invoke.DirectMethodHandle$Holder.invokeStaticInit(java.lang.Object)'> (0x000000071ed8c5f8) 
thrown [s\src\hotspot\share\interpreter\linkResolver.cpp, line 771]
Event: 2.464 Thread 0x0000026f6ba934c0 Exception <a 'java/lang/NoSuchMethodError'{0x000000071ea16838}: 'int java.lang.invoke.DirectMethodHandle$Holder.invokeInterface(java.lang.Object, java.lang.Object)'> (0x000000071ea16838) 
thrown [s\src\hotspot\share\interpreter\linkResolver.cpp, line 771]
Event: 2.465 Thread 0x0000026f6ba934c0 Exception <a 'java/lang/IncompatibleClassChangeError'{0x000000071ea19d20}: Found class java.lang.Object, but interface was expected> (0x000000071ea19d20) 
thrown [s\src\hotspot\share\interpreter\linkResolver.cpp, line 838]
Event: 2.469 Thread 0x0000026f6ba934c0 Exception <a 'java/lang/NoSuchMethodError'{0x000000071ea1ff90}: 'void java.lang.invoke.DirectMethodHandle$Holder.invokeStatic(java.lang.Object, java.lang.Object)'> (0x000000071ea1ff90) 
thrown [s\src\hotspot\share\interpreter\linkResolver.cpp, line 771]
Event: 3.194 Thread 0x0000026f6ba934c0 Exception <a 'java/lang/NoSuchMethodError'{0x000000071eb54418}: 'int java.lang.invoke.DirectMethodHandle$Holder.invokeSpecial(java.lang.Object, java.lang.Object, java.lang.Object)'> (0x000000071eb54418) 
thrown [s\src\hotspot\share\interpreter\linkResolver.cpp, line 771]
Event: 4.611 Thread 0x0000026f6ba934c0 Exception <a 'java/lang/NoSuchMethodError'{0x000000071ff032a0}: 'void java.lang.invoke.DirectMethodHandle$Holder.invokeStatic(java.lang.Object, java.lang.Object, java.lang.Object)'> (0x000000071ff032a0) 
thrown [s\src\hotspot\share\interpreter\linkResolver.cpp, line 771]
Event: 4.739 Thread 0x0000026f6ba934c0 Exception <a 'java/lang/NoSuchMethodError'{0x000000071ff67f38}: 'int java.lang.invoke.DirectMethodHandle$Holder.invokeSpecialIFC(java.lang.Object, java.lang.Object, java.lang.Object)'> (0x000000071ff67f38) 
thrown [s\src\hotspot\share\interpreter\linkResolver.cpp, line 771]
Event: 4.894 Thread 0x0000026f6ba934c0 Exception <a 'java/lang/NoSuchMethodError'{0x000000071fc402a8}: 'java.lang.Object java.lang.invoke.DirectMethodHandle$Holder.invokeStaticInit(java.lang.Object, int, int, int, int)'> (0x000000071fc402a8) 
thrown [s\src\hotspot\share\interpreter\linkResolver.cpp, line 771]
Event: 6.048 Thread 0x0000026f6ba934c0 Exception <a 'java/lang/NoSuchMethodError'{0x000000071fd24aa8}: 'java.lang.Object java.lang.invoke.DirectMethodHandle$Holder.invokeStaticInit(java.lang.Object, java.lang.Object, int, int, int, int)'> (0x000000071fd24aa8) 
thrown [s\src\hotspot\share\interpreter\linkResolver.cpp, line 771]
Event: 6.124 Thread 0x0000026f6ba934c0 Exception <a 'java/lang/ClassNotFoundException'{0x000000071fd5f7c8}: javax/management/remote/rmi/RMIServerImpl_Skel> (0x000000071fd5f7c8) 
thrown [s\src\hotspot\share\classfile\systemDictionary.cpp, line 256]

VM Operations (20 events):
Event: 1.811 Executing VM operation: Cleanup
Event: 1.812 Executing VM operation: Cleanup done
Event: 1.835 Executing VM operation: HandshakeAllThreads
Event: 1.836 Executing VM operation: HandshakeAllThreads done
Event: 1.909 Executing VM operation: HandshakeAllThreads
Event: 1.909 Executing VM operation: HandshakeAllThreads done
Event: 1.960 Executing VM operation: HandshakeAllThreads
Event: 1.960 Executing VM operation: HandshakeAllThreads done
Event: 2.377 Executing VM operation: HandshakeAllThreads
Event: 2.377 Executing VM operation: HandshakeAllThreads done
Event: 2.488 Executing VM operation: HandshakeAllThreads
Event: 2.488 Executing VM operation: HandshakeAllThreads done
Event: 3.497 Executing VM operation: Cleanup
Event: 3.913 Executing VM operation: Cleanup done
Event: 4.188 Executing VM operation: G1CollectForAllocation
Event: 4.268 Executing VM operation: G1CollectForAllocation done
Event: 4.793 Executing VM operation: HandshakeAllThreads
Event: 4.793 Executing VM operation: HandshakeAllThreads done
Event: 5.800 Executing VM operation: Cleanup
Event: 5.800 Executing VM operation: Cleanup done

Events (20 events):
Event: 6.124 loading class javax/management/remote/rmi/RMIServerImpl_Skel done
Event: 6.124 loading class java/rmi/server/SkeletonNotFoundException
Event: 6.124 loading class java/rmi/server/SkeletonNotFoundException done
Event: 6.125 loading class sun/rmi/transport/Target
Event: 6.125 loading class sun/rmi/transport/Target done
Event: 6.126 loading class sun/rmi/transport/WeakRef
Event: 6.126 loading class sun/rmi/transport/WeakRef done
Event: 6.126 loading class sun/rmi/transport/ObjectTable
Event: 6.127 loading class sun/rmi/transport/ObjectTable done
Event: 6.128 loading class sun/rmi/transport/DGCImpl
Event: 6.130 loading class java/rmi/dgc/DGC
Event: 6.130 loading class java/rmi/dgc/DGC done
Event: 6.133 loading class sun/rmi/transport/DGCImpl done
Event: 6.148 loading class sun/rmi/runtime/RuntimeUtil$GetInstanceAction
Event: 6.148 loading class sun/rmi/runtime/RuntimeUtil$GetInstanceAction done
Event: 6.148 loading class sun/rmi/runtime/RuntimeUtil
Event: 6.148 loading class sun/rmi/runtime/RuntimeUtil done
Event: 6.150 loading class java/util/concurrent/ScheduledThreadPoolExecutor
Event: 6.150 loading class java/util/concurrent/ScheduledExecutorService
Event: 6.150 loading class java/util/concurrent/ScheduledExecutorService done


Dynamic libraries:
0x00007ff64a700000 - 0x00007ff64a70a000 	C:\Users\mihai\.jdks\jbr-17.0.8\bin\java.exe
0x00007fff2f7f0000 - 0x00007fff2fa06000 	C:\Windows\SYSTEM32\ntdll.dll
0x00007fff2ecf0000 - 0x00007fff2edb4000 	C:\Windows\System32\KERNEL32.DLL
0x00007fff2cb90000 - 0x00007fff2cf37000 	C:\Windows\System32\KERNELBASE.dll
0x00007fff2cf40000 - 0x00007fff2d051000 	C:\Windows\System32\ucrtbase.dll
0x00007fff085d0000 - 0x00007fff085eb000 	C:\Users\mihai\.jdks\jbr-17.0.8\bin\VCRUNTIME140.dll
0x00007fff09310000 - 0x00007fff09327000 	C:\Users\mihai\.jdks\jbr-17.0.8\bin\jli.dll
0x00007fff2f480000 - 0x00007fff2f62e000 	C:\Windows\System32\USER32.dll
0x00007fff2d390000 - 0x00007fff2d3b6000 	C:\Windows\System32\win32u.dll
0x00007fff19b80000 - 0x00007fff19e13000 	C:\Windows\WinSxS\amd64_microsoft.windows.common-controls_6595b64144ccf1df_6.0.22621.3235_none_270f74e173860f98\COMCTL32.dll
0x00007fff2e860000 - 0x00007fff2e907000 	C:\Windows\System32\msvcrt.dll
0x00007fff2eee0000 - 0x00007fff2ef09000 	C:\Windows\System32\GDI32.dll
0x00007fff2d060000 - 0x00007fff2d179000 	C:\Windows\System32\gdi32full.dll
0x00007fff2d180000 - 0x00007fff2d21a000 	C:\Windows\System32\msvcp_win.dll
0x00007fff2ee30000 - 0x00007fff2ee61000 	C:\Windows\System32\IMM32.DLL
0x00007fff11ad0000 - 0x00007fff11adc000 	C:\Users\mihai\.jdks\jbr-17.0.8\bin\vcruntime140_1.dll
0x00007ffef4010000 - 0x00007ffef409d000 	C:\Users\mihai\.jdks\jbr-17.0.8\bin\msvcp140.dll
0x00007ffe6c080000 - 0x00007ffe6cd03000 	C:\Users\mihai\.jdks\jbr-17.0.8\bin\server\jvm.dll
0x00007fff2e7a0000 - 0x00007fff2e852000 	C:\Windows\System32\ADVAPI32.dll
0x00007fff2f3d0000 - 0x00007fff2f478000 	C:\Windows\System32\sechost.dll
0x00007fff2d480000 - 0x00007fff2d4a8000 	C:\Windows\System32\bcrypt.dll
0x00007fff2ef20000 - 0x00007fff2f035000 	C:\Windows\System32\RPCRT4.dll
0x00007fff2c9e0000 - 0x00007fff2ca2d000 	C:\Windows\SYSTEM32\POWRPROF.dll
0x00007fff279a0000 - 0x00007fff279a9000 	C:\Windows\SYSTEM32\WSOCK32.dll
0x00007fff23c70000 - 0x00007fff23ca4000 	C:\Windows\SYSTEM32\WINMM.dll
0x00007fff2f630000 - 0x00007fff2f6a1000 	C:\Windows\System32\WS2_32.dll
0x00007fff22370000 - 0x00007fff2237a000 	C:\Windows\SYSTEM32\VERSION.dll
0x00007fff2c9c0000 - 0x00007fff2c9d3000 	C:\Windows\SYSTEM32\UMPDC.dll
0x00007fff2bb20000 - 0x00007fff2bb38000 	C:\Windows\SYSTEM32\kernel.appcore.dll
0x00007fff09a00000 - 0x00007fff09a0a000 	C:\Users\mihai\.jdks\jbr-17.0.8\bin\jimage.dll
0x00007fff29d40000 - 0x00007fff29f73000 	C:\Windows\SYSTEM32\DBGHELP.DLL
0x00007fff2f040000 - 0x00007fff2f3c8000 	C:\Windows\System32\combase.dll
0x00007fff2ec10000 - 0x00007fff2ece7000 	C:\Windows\System32\OLEAUT32.dll
0x00007fff0f180000 - 0x00007fff0f1b2000 	C:\Windows\SYSTEM32\dbgcore.DLL
0x00007fff2cb10000 - 0x00007fff2cb89000 	C:\Windows\System32\bcryptPrimitives.dll
0x00007fff149c0000 - 0x00007fff149fb000 	C:\Users\mihai\.jdks\jbr-17.0.8\bin\jdwp.dll
0x00007fff1d5f0000 - 0x00007fff1d5fe000 	C:\Users\mihai\.jdks\jbr-17.0.8\bin\instrument.dll
0x00007fff04e70000 - 0x00007fff04e95000 	C:\Users\mihai\.jdks\jbr-17.0.8\bin\java.dll
0x00007fff04e20000 - 0x00007fff04e38000 	C:\Users\mihai\.jdks\jbr-17.0.8\bin\zip.dll
0x00007ffe87d40000 - 0x00007ffe87e17000 	C:\Users\mihai\.jdks\jbr-17.0.8\bin\jsvml.dll
0x00007fff2dac0000 - 0x00007fff2e31c000 	C:\Windows\System32\SHELL32.dll
0x00007fff2aa20000 - 0x00007fff2b319000 	C:\Windows\SYSTEM32\windows.storage.dll
0x00007fff2a8e0000 - 0x00007fff2aa1e000 	C:\Windows\SYSTEM32\wintypes.dll
0x00007fff2f6b0000 - 0x00007fff2f7a3000 	C:\Windows\System32\SHCORE.dll
0x00007fff2eb90000 - 0x00007fff2ebee000 	C:\Windows\System32\shlwapi.dll
0x00007fff2ca40000 - 0x00007fff2ca61000 	C:\Windows\SYSTEM32\profapi.dll
0x00007fff178d0000 - 0x00007fff178dc000 	C:\Users\mihai\.jdks\jbr-17.0.8\bin\dt_socket.dll
0x00007fff2b5c0000 - 0x00007fff2b5ed000 	C:\Windows\SYSTEM32\IPHLPAPI.DLL
0x00007fff2bfa0000 - 0x00007fff2c009000 	C:\Windows\system32\mswsock.dll
0x00007fff04890000 - 0x00007fff048a9000 	C:\Users\mihai\.jdks\jbr-17.0.8\bin\net.dll
0x00007fff24060000 - 0x00007fff24196000 	C:\Windows\SYSTEM32\WINHTTP.dll
0x00007fff047f0000 - 0x00007fff04806000 	C:\Users\mihai\.jdks\jbr-17.0.8\bin\nio.dll
0x00007fff2b5f0000 - 0x00007fff2b6e9000 	C:\Windows\SYSTEM32\DNSAPI.dll
0x00007fff2ead0000 - 0x00007fff2ead9000 	C:\Windows\System32\NSI.dll
0x00007fff1f9b0000 - 0x00007fff1f9ba000 	C:\Windows\System32\rasadhlp.dll
0x00007fff22600000 - 0x00007fff22683000 	C:\Windows\System32\fwpuclnt.dll
0x00007fff1d370000 - 0x00007fff1d379000 	C:\Users\mihai\.jdks\jbr-17.0.8\bin\management.dll
0x00007fff18420000 - 0x00007fff1842b000 	C:\Users\mihai\.jdks\jbr-17.0.8\bin\management_ext.dll
0x00007fff2edc0000 - 0x00007fff2edc8000 	C:\Windows\System32\PSAPI.DLL
0x00007fff2c220000 - 0x00007fff2c23b000 	C:\Windows\SYSTEM32\CRYPTSP.dll
0x00007fff2ba80000 - 0x00007fff2bab5000 	C:\Windows\system32\rsaenh.dll
0x00007fff2c0c0000 - 0x00007fff2c0e8000 	C:\Windows\SYSTEM32\USERENV.dll
0x00007fff2c240000 - 0x00007fff2c24c000 	C:\Windows\SYSTEM32\CRYPTBASE.dll
0x00007fff24400000 - 0x00007fff24419000 	C:\Windows\SYSTEM32\dhcpcsvc6.DLL
0x00007fff23ea0000 - 0x00007fff23ebf000 	C:\Windows\SYSTEM32\dhcpcsvc.DLL
0x00007ffe97650000 - 0x00007ffe97667000 	C:\Windows\system32\napinsp.dll
0x00007ffe97630000 - 0x00007ffe9764b000 	C:\Windows\system32\pnrpnsp.dll
0x00007ffe97610000 - 0x00007ffe97621000 	C:\Windows\System32\winrnr.dll
0x00007fff236c0000 - 0x00007fff236d5000 	C:\Windows\system32\wshbth.dll
0x00007fff04a50000 - 0x00007fff04a71000 	C:\Windows\system32\nlansp_c.dll

dbghelp: loaded successfully - version: 4.0.5 - missing functions: none
symbol engine: initialized successfully - sym options: 0x614 - pdb path: .;C:\Users\mihai\.jdks\jbr-17.0.8\bin;C:\Windows\SYSTEM32;C:\Windows\WinSxS\amd64_microsoft.windows.common-controls_6595b64144ccf1df_6.0.22621.3235_none_270f74e173860f98;C:\Users\mihai\.jdks\jbr-17.0.8\bin\server

VM Arguments:
jvm_args: -agentlib:jdwp=transport=dt_socket,address=127.0.0.1:62157,suspend=y,server=n -XX:TieredStopAtLevel=1 -Dspring.output.ansi.enabled=always -Dcom.sun.management.jmxremote -Dspring.jmx.enabled=true -Dspring.liveBeansView.mbeanDomain -Dspring.application.admin.enabled=true -Dmanagement.endpoints.jmx.exposure.include=* -javaagent:C:\Users\mihai\AppData\Local\JetBrains\IntelliJIdea2023.3\captureAgent\debugger-agent.jar=file:/C:/Users/mihai/AppData/Local/Temp/capture.props -Dfile.encoding=UTF-8 
java_command: harakiri.UserServiceApplication
java_class_path (initial): C:\Users\mihai\IdeaProjects\kursach2\user-service\build\classes\java\main;C:\Users\mihai\IdeaProjects\kursach2\user-service\build\resources\main;C:\Users\mihai\.gradle\caches\modules-2\files-2.1\org.modelmapper\modelmapper\2.1.1\a983407fe1c7ae31845c7f80a323d01c25c21ca4\modelmapper-2.1.1.jar;C:\Users\mihai\.gradle\caches\modules-2\files-2.1\org.springframework.cloud\spring-cloud-starter-netflix-eureka-client\4.1.0\66077e7c4198db4c351391dd2e96399cff857f47\spring-cloud-starter-netflix-eureka-client-4.1.0.jar;C:\Users\mihai\.gradle\caches\modules-2\files-2.1\org.springframework.security\spring-security-crypto\6.1.3\3cca1725e5a8b7ca15f1a3d043d2384d1b033165\spring-security-crypto-6.1.3.jar;C:\Users\mihai\.gradle\caches\modules-2\files-2.1\org.springframework.boot\spring-boot-starter-web\3.2.0\e609f839e7c2ff9c90bc75d7c05dbcbb19315319\spring-boot-starter-web-3.2.0.jar;C:\Users\mihai\.gradle\caches\modules-2\files-2.1\org.springframework.boot\spring-boot-starter-data-jpa\3.2.0\6a8ad077a37f8a0cef6949dcfd91a9b2115cade\spring-boot-starter-data-jpa-3.2.0.jar;C:\Users\mihai\.gradle\caches\modules-2\files-2.1\org.springframework.boot\spring-boot-starter\3.2.0\4d0cc70617a9febbbc6ad81562e930d93f7b2665\spring-boot-starter-3.2.0.jar;C:\Users\mihai\IdeaProjects\kursach2\commons\build\classes\java\main;C:\Users\mihai\IdeaProjects\kursach2\commons\build\resources\main;C:\Users\mihai\.gradle\caches\modules-2\files-2.1\org.postgresql\postgresql\42.6.0\7614cfce466145b84972781ab0079b8dea49e363\postgresql-42.6.0.jar;C:\Users\mihai\.gradle\caches\modules-2\files-2.1\com.auth0\java-jwt\4.3.0\4265e12233eb32d158f6263b6a036217e3f6c7bd\java-jwt-4.3.0.jar;C:\Users\mihai\.gradle\caches\modules-2\files-2.1\org.projectlombok\lombok\1.18.30\f195ee86e6c896ea47a1d39defbe20eb59cd149d\lombok-1.18.30.jar;C:\Users\mihai\.gradle\caches\modules-2\files-2.1\org.springframework.kafka\spring-kafka\3.1.1\80547388849c2e943813f557ee770ea1ec93516e\spring-kafka-3.1.1.jar;C:\Users\mihai\.gra
Launcher Type: SUN_STANDARD

[Global flags]
     intx CICompilerCount                          = 4                                         {product} {ergonomic}
     uint ConcGCThreads                            = 2                                         {product} {ergonomic}
     uint G1ConcRefinementThreads                  = 8                                         {product} {ergonomic}
   size_t G1HeapRegionSize                         = 2097152                                   {product} {ergonomic}
    uintx GCDrainStackTargetSize                   = 64                                        {product} {ergonomic}
   size_t InitialHeapSize                          = 251658240                                 {product} {ergonomic}
     bool ManagementServer                         = true                                      {product} {command line}
   size_t MarkStackSize                            = 4194304                                   {product} {ergonomic}
   size_t MaxHeapSize                              = 4009754624                                {product} {ergonomic}
   size_t MaxNewSize                               = 2405433344                                {product} {ergonomic}
   size_t MinHeapDeltaBytes                        = 2097152                                   {product} {ergonomic}
   size_t MinHeapSize                              = 8388608                                   {product} {ergonomic}
    uintx NonProfiledCodeHeapSize                  = 0                                      {pd product} {ergonomic}
     bool ProfileInterpreter                       = false                                  {pd product} {command line}
    uintx ProfiledCodeHeapSize                     = 0                                      {pd product} {ergonomic}
   size_t SoftMaxHeapSize                          = 4009754624                             {manageable} {ergonomic}
     intx TieredStopAtLevel                        = 1                                         {product} {command line}
     bool UseCompressedClassPointers               = true                           {product lp64_product} {ergonomic}
     bool UseCompressedOops                        = true                           {product lp64_product} {ergonomic}
     bool UseG1GC                                  = true                                      {product} {ergonomic}
     bool UseLargePagesIndividualAllocation        = false                                  {pd product} {ergonomic}

Logging:
Log output configuration:
 #0: stdout all=warning uptime,level,tags
 #1: stderr all=off uptime,level,tags

Environment Variables:
PATH=C:\ProgramData\Oracle\Java\javapath;C:\Program Files (x86)\Common Files\Oracle\Java\javapath;C:\Program Files (x86)\NVIDIA Corporation\PhysX\Common;C:\Program Files\Eclipse Adoptium\jdk-17.0.6.10-hotspot\bin;C:\Windows\system32;C:\Windows;C:\Windows\System32\Wbem;C:\Windows\System32\WindowsPowerShell\v1.0\;C:\Windows\System32\OpenSSH\;C:\ProgramData\chocolatey\bin;C:\Windows\System32;C:\Program Files\Git\cmd;D:\flutter\flutter\bin;C:\Program Files\Git\usr\bin;C:\Program Files\dotnet\;C:\tools\lxrunoffline;;C:\Program Files\PowerShell\7\;C:\Program Files\Docker\Docker\resources\bin;C:\Program Files\Go\bin;C:\Users\mihai\AppData\Local\Microsoft\WindowsApps;D:\Games\programmmist\Microsoft VS Code\bin;C:\tools\flutter\bin;";C:\Program Files\Git\bin\git.exe;C:\Program Files\Git\cmd";D:\flutter\flutter\bin;D:\atest\IntelliJ IDEA 2023.3.2\bin;;C:\Users\mihai\AppData\Local\Programs\Microsoft VS Code\bin;D:\tmp\PyCharm 2023.1.3\bin;;D:\flutter\andros;C:\Users\mihai\go\bin
USERNAME=mihai
OS=Windows_NT
PROCESSOR_IDENTIFIER=AMD64 Family 23 Model 24 Stepping 1, AuthenticAMD
TMP=C:\Users\mihai\AppData\Local\Temp
TEMP=C:\Users\mihai\AppData\Local\Temp


JNI global refs:
JNI global refs: 43, weak refs: 2062

JNI global refs memory usage: 2931, weak refs: 21513

OOME stack traces (most recent first):
Classloader memory used:
Loader bootstrap                                                                       : 1703K
Loader jdk.internal.loader.ClassLoaders$AppClassLoader                                 : 67505B
Loader jdk.internal.loader.ClassLoaders$PlatformClassLoader                            : 770B
Loader jdk.internal.reflect.DelegatingClassLoader                                      : 432B


---------------  S Y S T E M  ---------------

OS:
 Windows 11 , 64 bit Build 22621 (10.0.22621.3374)
OS uptime: 1 days 3:29 hours
Hyper-V role detected

CPU: total 8 (initial active 8) (8 cores per cpu, 2 threads per core) family 23 model 24 stepping 1 microcode 0x0, cx8, cmov, fxsr, ht, mmx, 3dnowpref, sse, sse2, sse3, ssse3, sse4a, sse4.1, sse4.2, popcnt, lzcnt, tsc, tscinvbit, avx, avx2, aes, clmul, bmi1, bmi2, adx, sha, fma, vzeroupper, clflush, clflushopt, hv
Processor Information for all 8 processors :
  Max Mhz: 2300, Current Mhz: 1700, Mhz Limit: 2300

Memory: 4k page, system-wide physical 15295M (1506M free)
TotalPageFile size 30655M (AvailPageFile size 0M)
current process WorkingSet (physical memory assigned to process): 87M, peak: 87M
current process commit charge ("private bytes"): 338M, peak: 339M

vm_info: OpenJDK 64-Bit Server VM (17.0.8+7-b1000.8) for windows-amd64 JRE (17.0.8+7-b1000.8), built on 2023-08-04 by "builduser" with MS VC++ 16.10 / 16.11 (VS2019)

END.
