#
# There is insufficient memory for the Java Runtime Environment to continue.
# Native memory allocation (mmap) failed to map 65536 bytes for Failed to commit metaspace.
# Possible reasons:
#   The system is out of physical RAM or swap space
#   The process is running with CompressedOops enabled, and the Java Heap may be blocking the growth of the native heap
# Possible solutions:
#   Reduce memory load on the system
#   Increase physical memory or swap space
#   Check if swap backing store is full
#   Decrease Java heap size (-Xmx/-Xms)
#   Decrease number of Java threads
#   Decrease Java thread stack sizes (-Xss)
#   Set larger code cache with -XX:ReservedCodeCacheSize=
#   JVM is running with Unscaled Compressed Oops mode in which the Java heap is
#     placed in the first 4GB address space. The Java Heap base address is the
#     maximum limit for the native heap growth. Please use -XX:HeapBaseMinAddress
#     to set the Java Heap base and to place the Java Heap above 4GB virtual address.
# This output file may be truncated or incomplete.
#
#  Out of Memory Error (virtualSpaceNode.cpp:110), pid=23676, tid=18608
#
# JRE version: OpenJDK Runtime Environment JBR-17.0.8+7-1000.8-nomod (17.0.8+7) (build 17.0.8+7-b1000.8)
# Java VM: OpenJDK 64-Bit Server VM JBR-17.0.8+7-1000.8-nomod (17.0.8+7-b1000.8, mixed mode, tiered, compressed oops, compressed class ptrs, g1 gc, windows-amd64)
# No core dump will be written. Minidumps are not enabled by default on client versions of Windows
#

---------------  S U M M A R Y ------------

Command Line: --add-opens=java.base/java.util=ALL-UNNAMED --add-opens=java.base/java.lang=ALL-UNNAMED --add-opens=java.base/java.lang.invoke=ALL-UNNAMED --add-opens=java.prefs/java.util.prefs=ALL-UNNAMED --add-opens=java.base/java.nio.charset=ALL-UNNAMED --add-opens=java.base/java.net=ALL-UNNAMED --add-opens=java.base/java.util.concurrent.atomic=ALL-UNNAMED -XX:MaxMetaspaceSize=384m -XX:+HeapDumpOnOutOfMemoryError -Xms256m -Xmx512m -Dfile.encoding=windows-1251 -Duser.country=RU -Duser.language=ru -Duser.variant -javaagent:C:\Users\mihai\.gradle\wrapper\dists\gradle-8.2-bin\bbg7u40eoinfdyxsxr3z4i7ta\gradle-8.2\lib\agents\gradle-instrumentation-agent-8.2.jar org.gradle.launcher.daemon.bootstrap.GradleDaemon 8.2

Host: AMD Ryzen 7 3700U with Radeon Vega Mobile Gfx  , 8 cores, 14G,  Windows 11 , 64 bit Build 22621 (10.0.22621.3235)
Time: Thu Apr  4 10:24:17 2024 RTZ 2 (s 11 , 64 bit Build 22621 (10.0.22621.3235) elapsed time: 53.575713 seconds (0d 0h 0m 53s)

---------------  T H R E A D  ---------------

Current thread (0x000001d7a6062540):  JavaThread "C1 CompilerThread0" daemon [_thread_in_vm, id=18608, stack(0x0000006840600000,0x0000006840700000)]


Current CompileTask:
C1:  53575 13122       3       sun.security.provider.ByteArrayAccess::i2bBig4 (10 bytes)

Stack: [0x0000006840600000,0x0000006840700000]
Native frames: (J=compiled Java code, j=interpreted, Vv=VM code, C=native code)
V  [jvm.dll+0x6852da]  os::platform_print_native_stack+0xca  (os_windows_x86.cpp:235)
V  [jvm.dll+0x844c84]  VMError::report+0xc34  (vmError.cpp:745)
V  [jvm.dll+0x84659e]  VMError::report_and_die+0x78e  (vmError.cpp:1586)
V  [jvm.dll+0x846c03]  VMError::report_and_die+0x43  (vmError.cpp:1372)
V  [jvm.dll+0x24b7cf]  report_vm_out_of_memory+0x8f  (debug.cpp:321)
V  [jvm.dll+0x84003b]  metaspace::VirtualSpaceNode::commit_range+0x13b  (virtualSpaceNode.cpp:110)
V  [jvm.dll+0x6296c6]  metaspace::Metachunk::commit_up_to+0xb6  (metachunk.cpp:103)
V  [jvm.dll+0x62972a]  metaspace::Metachunk::ensure_committed+0x3a  (metachunk.cpp:122)
V  [jvm.dll+0x62bf4a]  metaspace::MetaspaceArena::allocate+0x1ca  (metaspaceArena.cpp:270)
V  [jvm.dll+0x62a066]  Metaspace::allocate+0x56  (metaspace.cpp:928)
V  [jvm.dll+0x63b33a]  MethodData::allocate+0x4a  (methodData.cpp:660)
V  [jvm.dll+0x63416a]  Method::build_interpreter_method_data+0x5a  (method.cpp:588)
V  [jvm.dll+0x1ceff0]  ciMethod::ensure_method_data+0x70  (ciMethod.cpp:972)
V  [jvm.dll+0x1cf1e0]  ciMethod::ensure_method_data+0x170  (ciMethod.cpp:989)
V  [jvm.dll+0x1369be]  Compilation::compile_java_method+0x3e  (c1_Compilation.cpp:381)
V  [jvm.dll+0x136ce6]  Compilation::compile_method+0x1a6  (c1_Compilation.cpp:464)
V  [jvm.dll+0x13617a]  Compilation::Compilation+0x19a  (c1_Compilation.cpp:585)
V  [jvm.dll+0x137e41]  Compiler::compile_method+0xe1  (c1_Compiler.cpp:249)
V  [jvm.dll+0x22c9c8]  CompileBroker::invoke_compiler_on_method+0x878  (compileBroker.cpp:2372)
V  [jvm.dll+0x22a990]  CompileBroker::compiler_thread_loop+0x2d0  (compileBroker.cpp:2030)
V  [jvm.dll+0x7f9d3c]  JavaThread::run+0x13c  (thread.cpp:1296)
V  [jvm.dll+0x7f415a]  Thread::call_run+0x8a  (thread.cpp:404)
V  [jvm.dll+0x684115]  thread_native_entry+0x75  (os_windows.cpp:549)
C  [ucrtbase.dll+0x29363]
C  [KERNEL32.DLL+0x1257d]
C  [ntdll.dll+0x5aa58]


---------------  P R O C E S S  ---------------

Threads class SMR info:
_java_thread_list=0x000001d7ab0909e0, length=55, elements={
0x000001d78944d0e0, 0x000001d7a1beddd0, 0x000001d7a1beea60, 0x000001d7a605c4a0,
0x000001d7a605cf70, 0x000001d7a605e2d0, 0x000001d7a6060da0, 0x000001d7a6061a90,
0x000001d7a6062540, 0x000001d7a6062f40, 0x000001d7a1b8d080, 0x000001d7a630d6c0,
0x000001d7a84e9930, 0x000001d7a79b9a70, 0x000001d7a789c110, 0x000001d7a6f27ca0,
0x000001d7a7f55940, 0x000001d7a7f56d80, 0x000001d7a7f56360, 0x000001d7a7f53ff0,
0x000001d7a7f56870, 0x000001d7a7f54500, 0x000001d7a7227e00, 0x000001d7a722d920,
0x000001d7a722b5b0, 0x000001d7a7228d30, 0x000001d7a72278f0, 0x000001d7a722bac0,
0x000001d7a7228820, 0x000001d7a722bfd0, 0x000001d7a722c4e0, 0x000001d7a7229750,
0x000001d7a93aa6f0, 0x000001d7a93a3280, 0x000001d7a7297180, 0x000001d7a7febf50,
0x000001d7a8558410, 0x000001d7a855e440, 0x000001d7a855c0d0, 0x000001d7a85579f0,
0x000001d7a855b6b0, 0x000001d7a855bbc0, 0x000001d7a8559d60, 0x000001d7a855df30,
0x000001d7a855a780, 0x000001d7a855d510, 0x000001d7a8556fd0, 0x000001d7a8558920,
0x000001d7a855a270, 0x000001d7a855b1a0, 0x000001d7a855da20, 0x000001d7a8559340,
0x000001d7a8558e30, 0x000001d7a855e950, 0x000001d7a8559850
}

Java Threads: ( => current thread )
  0x000001d78944d0e0 JavaThread "main" [_thread_blocked, id=6700, stack(0x000000683f800000,0x000000683f900000)]
  0x000001d7a1beddd0 JavaThread "Reference Handler" daemon [_thread_blocked, id=21224, stack(0x000000683ff00000,0x0000006840000000)]
  0x000001d7a1beea60 JavaThread "Finalizer" daemon [_thread_blocked, id=21056, stack(0x0000006840000000,0x0000006840100000)]
  0x000001d7a605c4a0 JavaThread "Signal Dispatcher" daemon [_thread_blocked, id=23640, stack(0x0000006840100000,0x0000006840200000)]
  0x000001d7a605cf70 JavaThread "Attach Listener" daemon [_thread_blocked, id=10236, stack(0x0000006840200000,0x0000006840300000)]
  0x000001d7a605e2d0 JavaThread "Service Thread" daemon [_thread_blocked, id=18572, stack(0x0000006840300000,0x0000006840400000)]
  0x000001d7a6060da0 JavaThread "Monitor Deflation Thread" daemon [_thread_blocked, id=25732, stack(0x0000006840400000,0x0000006840500000)]
  0x000001d7a6061a90 JavaThread "C2 CompilerThread0" daemon [_thread_blocked, id=20684, stack(0x0000006840500000,0x0000006840600000)]
=>0x000001d7a6062540 JavaThread "C1 CompilerThread0" daemon [_thread_in_vm, id=18608, stack(0x0000006840600000,0x0000006840700000)]
  0x000001d7a6062f40 JavaThread "Sweeper thread" daemon [_thread_blocked, id=2644, stack(0x0000006840700000,0x0000006840800000)]
  0x000001d7a1b8d080 JavaThread "Common-Cleaner" daemon [_thread_blocked, id=10832, stack(0x0000006840800000,0x0000006840900000)]
  0x000001d7a630d6c0 JavaThread "Notification Thread" daemon [_thread_blocked, id=23044, stack(0x0000006840900000,0x0000006840a00000)]
  0x000001d7a84e9930 JavaThread "Daemon health stats" [_thread_blocked, id=2948, stack(0x0000006841100000,0x0000006841200000)]
  0x000001d7a79b9a70 JavaThread "Incoming local TCP Connector on port 49881" [_thread_in_native, id=10484, stack(0x0000006840b00000,0x0000006840c00000)]
  0x000001d7a789c110 JavaThread "Daemon periodic checks" [_thread_blocked, id=16220, stack(0x0000006841200000,0x0000006841300000)]
  0x000001d7a6f27ca0 JavaThread "Daemon" [_thread_blocked, id=2452, stack(0x0000006841300000,0x0000006841400000)]
  0x000001d7a7f55940 JavaThread "Daemon worker" [_thread_in_vm, id=12860, stack(0x0000006841600000,0x0000006841700000)]
  0x000001d7a7f56d80 JavaThread "Cache worker for journal cache (C:\Users\mihai\.gradle\caches\journal-1)" [_thread_blocked, id=25800, stack(0x0000006841d00000,0x0000006841e00000)]
  0x000001d7a7f56360 JavaThread "File lock request listener" [_thread_in_native, id=28276, stack(0x0000006841e00000,0x0000006841f00000)]
  0x000001d7a7f53ff0 JavaThread "Cache worker for file hash cache (C:\Users\mihai\.gradle\caches\8.2\fileHashes)" [_thread_blocked, id=1948, stack(0x0000006842000000,0x0000006842100000)]
  0x000001d7a7f56870 JavaThread "File watcher server" daemon [_thread_in_native, id=22548, stack(0x0000006842100000,0x0000006842200000)]
  0x000001d7a7f54500 JavaThread "File watcher consumer" daemon [_thread_blocked, id=23220, stack(0x0000006842200000,0x0000006842300000)]
  0x000001d7a7227e00 JavaThread "Cache worker for file content cache (C:\Users\mihai\.gradle\caches\8.2\fileContent)" [_thread_blocked, id=27252, stack(0x0000006842800000,0x0000006842900000)]
  0x000001d7a722d920 JavaThread "Cache worker for execution history cache (C:\Users\mihai\.gradle\caches\8.2\executionHistory)" [_thread_blocked, id=5856, stack(0x0000006842b00000,0x0000006842c00000)]
  0x000001d7a722b5b0 JavaThread "jar transforms" [_thread_blocked, id=24868, stack(0x0000006842d00000,0x0000006842e00000)]
  0x000001d7a7228d30 JavaThread "jar transforms Thread 2" [_thread_blocked, id=2296, stack(0x0000006842e00000,0x0000006842f00000)]
  0x000001d7a72278f0 JavaThread "jar transforms Thread 3" [_thread_blocked, id=21772, stack(0x0000006843000000,0x0000006843100000)]
  0x000001d7a722bac0 JavaThread "jar transforms Thread 4" [_thread_blocked, id=3216, stack(0x0000006843100000,0x0000006843200000)]
  0x000001d7a7228820 JavaThread "jar transforms Thread 5" [_thread_blocked, id=18888, stack(0x0000006843200000,0x0000006843300000)]
  0x000001d7a722bfd0 JavaThread "jar transforms Thread 6" [_thread_blocked, id=26592, stack(0x0000006843300000,0x0000006843400000)]
  0x000001d7a722c4e0 JavaThread "jar transforms Thread 7" [_thread_blocked, id=22072, stack(0x0000006843400000,0x0000006843500000)]
  0x000001d7a7229750 JavaThread "jar transforms Thread 8" [_thread_blocked, id=2488, stack(0x0000006843500000,0x0000006843600000)]
  0x000001d7a93aa6f0 JavaThread "Memory manager" [_thread_blocked, id=13476, stack(0x0000006843e00000,0x0000006843f00000)]
  0x000001d7a93a3280 JavaThread "included builds" [_thread_blocked, id=27368, stack(0x0000006843f00000,0x0000006844000000)]
  0x000001d7a7297180 JavaThread "included builds" [_thread_blocked, id=10112, stack(0x0000006842900000,0x0000006842a00000)]
  0x000001d7a7febf50 JavaThread "C2 CompilerThread1" daemon [_thread_blocked, id=23896, stack(0x0000006849300000,0x0000006849400000)]
  0x000001d7a8558410 JavaThread "File lock release action executor" [_thread_blocked, id=22320, stack(0x0000006843700000,0x0000006843800000)]
  0x000001d7a855e440 JavaThread "Handler for socket connection from /127.0.0.1:49881 to /127.0.0.1:49911" [_thread_in_native, id=21096, stack(0x0000006841700000,0x0000006841800000)]
  0x000001d7a855c0d0 JavaThread "Cancel handler" [_thread_blocked, id=28396, stack(0x0000006841800000,0x0000006841900000)]
  0x000001d7a85579f0 JavaThread "Asynchronous log dispatcher for DefaultDaemonConnection: socket connection from /127.0.0.1:49881 to /127.0.0.1:49911" [_thread_blocked, id=8816, stack(0x0000006841900000,0x0000006841a00000)]
  0x000001d7a855b6b0 JavaThread "Stdin handler" [_thread_blocked, id=19032, stack(0x0000006842600000,0x0000006842700000)]
  0x000001d7a855bbc0 JavaThread "Daemon client event forwarder" [_thread_blocked, id=6900, stack(0x0000006842700000,0x0000006842800000)]
  0x000001d7a8559d60 JavaThread "Cache worker for checksums cache (C:\Users\mihai\IdeaProjects\kursach2\.gradle\8.2\checksums)" [_thread_blocked, id=22280, stack(0x0000006842a00000,0x0000006842b00000)]
  0x000001d7a855df30 JavaThread "Cache worker for cache directory md-rule (C:\Users\mihai\.gradle\caches\8.2\md-rule)" [_thread_blocked, id=15664, stack(0x0000006842c00000,0x0000006842d00000)]
  0x000001d7a855a780 JavaThread "Cache worker for file hash cache (C:\Users\mihai\IdeaProjects\kursach2\.gradle\8.2\fileHashes)" [_thread_blocked, id=13620, stack(0x0000006842f00000,0x0000006843000000)]
  0x000001d7a855d510 JavaThread "Cache worker for cache directory md-supplier (C:\Users\mihai\.gradle\caches\8.2\md-supplier)" [_thread_blocked, id=21396, stack(0x0000006843600000,0x0000006843700000)]
  0x000001d7a8556fd0 JavaThread "Cache worker for dependencies-accessors (C:\Users\mihai\IdeaProjects\kursach2\.gradle\8.2\dependencies-accessors)" [_thread_blocked, id=6856, stack(0x0000006843800000,0x0000006843900000)]
  0x000001d7a8558920 JavaThread "Cache worker for Build Output Cleanup Cache (C:\Users\mihai\IdeaProjects\kursach2\.gradle\buildOutputCleanup)" [_thread_blocked, id=23304, stack(0x0000006843900000,0x0000006843a00000)]
  0x000001d7a855a270 JavaThread "Unconstrained build operations" [_thread_blocked, id=10816, stack(0x0000006843a00000,0x0000006843b00000)]
  0x000001d7a855b1a0 JavaThread "Unconstrained build operations Thread 2" [_thread_blocked, id=28468, stack(0x0000006843b00000,0x0000006843c00000)]
  0x000001d7a855da20 JavaThread "Unconstrained build operations Thread 3" [_thread_blocked, id=22912, stack(0x0000006843c00000,0x0000006843d00000)]
  0x000001d7a8559340 JavaThread "Unconstrained build operations Thread 4" [_thread_blocked, id=6500, stack(0x0000006843d00000,0x0000006843e00000)]
  0x000001d7a8558e30 JavaThread "Unconstrained build operations Thread 5" [_thread_blocked, id=19560, stack(0x0000006844000000,0x0000006844100000)]
  0x000001d7a855e950 JavaThread "Unconstrained build operations Thread 6" [_thread_blocked, id=21700, stack(0x0000006844100000,0x0000006844200000)]
  0x000001d7a8559850 JavaThread "Unconstrained build operations Thread 7" [_thread_blocked, id=2532, stack(0x0000006844200000,0x0000006844300000)]

Other Threads:
  0x000001d7a6020c30 VMThread "VM Thread" [stack: 0x000000683fe00000,0x000000683ff00000] [id=19012]
  0x000001d7a635fb10 WatcherThread [stack: 0x0000006840a00000,0x0000006840b00000] [id=6616]
  0x000001d78947a870 GCTaskThread "GC Thread#0" [stack: 0x000000683f900000,0x000000683fa00000] [id=28428]
  0x000001d7a689cdb0 GCTaskThread "GC Thread#1" [stack: 0x0000006840c00000,0x0000006840d00000] [id=5692]
  0x000001d7a689d070 GCTaskThread "GC Thread#2" [stack: 0x0000006840d00000,0x0000006840e00000] [id=27964]
  0x000001d7a689d330 GCTaskThread "GC Thread#3" [stack: 0x0000006840e00000,0x0000006840f00000] [id=16708]
  0x000001d7a689d5f0 GCTaskThread "GC Thread#4" [stack: 0x0000006840f00000,0x0000006841000000] [id=8476]
  0x000001d7a689d8b0 GCTaskThread "GC Thread#5" [stack: 0x0000006841000000,0x0000006841100000] [id=15380]
  0x000001d7a6156360 GCTaskThread "GC Thread#6" [stack: 0x0000006841a00000,0x0000006841b00000] [id=2220]
  0x000001d7a6155b20 GCTaskThread "GC Thread#7" [stack: 0x0000006841b00000,0x0000006841c00000] [id=15672]
  0x000001d78947f7c0 ConcurrentGCThread "G1 Main Marker" [stack: 0x000000683fa00000,0x000000683fb00000] [id=21624]
  0x000001d789481980 ConcurrentGCThread "G1 Conc#0" [stack: 0x000000683fb00000,0x000000683fc00000] [id=21424]
  0x000001d7a6155860 ConcurrentGCThread "G1 Conc#1" [stack: 0x0000006841c00000,0x0000006841d00000] [id=29432]
  0x000001d7894fde20 ConcurrentGCThread "G1 Refine#0" [stack: 0x000000683fc00000,0x000000683fd00000] [id=13848]
  0x000001d7a84814e0 ConcurrentGCThread "G1 Refine#1" [stack: 0x0000006841f00000,0x0000006842000000] [id=3796]
  0x000001d7a8481ac0 ConcurrentGCThread "G1 Refine#2" [stack: 0x0000006842300000,0x0000006842400000] [id=16292]
  0x000001d7a90dda10 ConcurrentGCThread "G1 Refine#3" [stack: 0x0000006842400000,0x0000006842500000] [id=20124]
  0x000001d7a90df190 ConcurrentGCThread "G1 Refine#4" [stack: 0x0000006842500000,0x0000006842600000] [id=12728]
  0x000001d7894fe850 ConcurrentGCThread "G1 Service" [stack: 0x000000683fd00000,0x000000683fe00000] [id=14996]

Threads with active compile tasks:
C1 CompilerThread0    53895 13122       3       sun.security.provider.ByteArrayAccess::i2bBig4 (10 bytes)

VM state: not at safepoint (normal execution)

VM Mutex/Monitor currently owned by a thread:  ([mutex/lock_event])
[0x000001d789447f20] Metaspace_lock - owner thread: 0x000001d7a6062540
[0x000001d789447bc0] MethodData_lock - owner thread: 0x000001d7a6062540

Heap address: 0x00000000e0000000, size: 512 MB, Compressed Oops mode: 32-bit

CDS archive(s) not mapped
Compressed class space mapped at: 0x0000000100000000-0x0000000114000000, reserved size: 335544320
Narrow klass base: 0x0000000000000000, Narrow klass shift: 3, Narrow klass range: 0x114000000

GC Precious Log:
 CPUs: 8 total, 8 available
 Memory: 15295M
 Large Page Support: Disabled
 NUMA Support: Disabled
 Compressed Oops: Enabled (32-bit)
 Heap Region Size: 1M
 Heap Min Capacity: 256M
 Heap Initial Capacity: 256M
 Heap Max Capacity: 512M
 Pre-touch: Disabled
 Parallel Workers: 8
 Concurrent Workers: 2
 Concurrent Refinement Workers: 8
 Periodic GC: Disabled

Heap:
 garbage-first heap   total 262144K, used 100345K [0x00000000e0000000, 0x0000000100000000)
  region size 1024K, 25 young (25600K), 7 survivors (7168K)
 Metaspace       used 68576K, committed 69376K, reserved 393216K
  class space    used 9090K, committed 9472K, reserved 327680K

Heap Regions: E=young(eden), S=young(survivor), O=old, HS=humongous(starts), HC=humongous(continues), CS=collection set, F=free, OA=open archive, CA=closed archive, TAMS=top-at-mark-start (previous, next)
|   0|0x00000000e0000000, 0x00000000e0100000, 0x00000000e0100000|100%|HS|  |TAMS 0x00000000e0100000, 0x00000000e0000000| Complete 
|   1|0x00000000e0100000, 0x00000000e0200000, 0x00000000e0200000|100%|HC|  |TAMS 0x00000000e0200000, 0x00000000e0100000| Complete 
|   2|0x00000000e0200000, 0x00000000e0300000, 0x00000000e0300000|100%|HC|  |TAMS 0x00000000e0300000, 0x00000000e0200000| Complete 
|   3|0x00000000e0300000, 0x00000000e0400000, 0x00000000e0400000|100%|HC|  |TAMS 0x00000000e0400000, 0x00000000e0300000| Complete 
|   4|0x00000000e0400000, 0x00000000e0500000, 0x00000000e0500000|100%| O|  |TAMS 0x00000000e0500000, 0x00000000e0400000| Untracked 
|   5|0x00000000e0500000, 0x00000000e0600000, 0x00000000e0600000|100%| O|  |TAMS 0x00000000e0600000, 0x00000000e0500000| Untracked 
|   6|0x00000000e0600000, 0x00000000e0700000, 0x00000000e0700000|100%| O|  |TAMS 0x00000000e0700000, 0x00000000e0600000| Untracked 
|   7|0x00000000e0700000, 0x00000000e0800000, 0x00000000e0800000|100%| O|  |TAMS 0x00000000e0800000, 0x00000000e0700000| Untracked 
|   8|0x00000000e0800000, 0x00000000e0900000, 0x00000000e0900000|100%| O|  |TAMS 0x00000000e0900000, 0x00000000e0800000| Untracked 
|   9|0x00000000e0900000, 0x00000000e0a00000, 0x00000000e0a00000|100%| O|  |TAMS 0x00000000e0a00000, 0x00000000e0900000| Untracked 
|  10|0x00000000e0a00000, 0x00000000e0b00000, 0x00000000e0b00000|100%| O|  |TAMS 0x00000000e0b00000, 0x00000000e0a00000| Untracked 
|  11|0x00000000e0b00000, 0x00000000e0c00000, 0x00000000e0c00000|100%| O|  |TAMS 0x00000000e0c00000, 0x00000000e0b00000| Untracked 
|  12|0x00000000e0c00000, 0x00000000e0d00000, 0x00000000e0d00000|100%| O|  |TAMS 0x00000000e0c00000, 0x00000000e0c00000| Untracked 
|  13|0x00000000e0d00000, 0x00000000e0e00000, 0x00000000e0e00000|100%| O|  |TAMS 0x00000000e0e00000, 0x00000000e0d00000| Untracked 
|  14|0x00000000e0e00000, 0x00000000e0f00000, 0x00000000e0f00000|100%| O|  |TAMS 0x00000000e0f00000, 0x00000000e0e00000| Untracked 
|  15|0x00000000e0f00000, 0x00000000e1000000, 0x00000000e1000000|100%| O|  |TAMS 0x00000000e1000000, 0x00000000e0f00000| Untracked 
|  16|0x00000000e1000000, 0x00000000e1100000, 0x00000000e1100000|100%| O|  |TAMS 0x00000000e1100000, 0x00000000e1000000| Untracked 
|  17|0x00000000e1100000, 0x00000000e1200000, 0x00000000e1200000|100%| O|  |TAMS 0x00000000e1200000, 0x00000000e1100000| Untracked 
|  18|0x00000000e1200000, 0x00000000e1300000, 0x00000000e1300000|100%| O|  |TAMS 0x00000000e1300000, 0x00000000e1200000| Untracked 
|  19|0x00000000e1300000, 0x00000000e1400000, 0x00000000e1400000|100%| O|  |TAMS 0x00000000e1400000, 0x00000000e1300000| Untracked 
|  20|0x00000000e1400000, 0x00000000e1500000, 0x00000000e1500000|100%| O|  |TAMS 0x00000000e1500000, 0x00000000e1400000| Untracked 
|  21|0x00000000e1500000, 0x00000000e1600000, 0x00000000e1600000|100%| O|  |TAMS 0x00000000e1600000, 0x00000000e1500000| Untracked 
|  22|0x00000000e1600000, 0x00000000e1700000, 0x00000000e1700000|100%| O|  |TAMS 0x00000000e1700000, 0x00000000e1600000| Untracked 
|  23|0x00000000e1700000, 0x00000000e1800000, 0x00000000e1800000|100%| O|  |TAMS 0x00000000e1800000, 0x00000000e1700000| Untracked 
|  24|0x00000000e1800000, 0x00000000e1900000, 0x00000000e1900000|100%| O|  |TAMS 0x00000000e1900000, 0x00000000e1800000| Untracked 
|  25|0x00000000e1900000, 0x00000000e1a00000, 0x00000000e1a00000|100%| O|  |TAMS 0x00000000e1a00000, 0x00000000e1900000| Untracked 
|  26|0x00000000e1a00000, 0x00000000e1b00000, 0x00000000e1b00000|100%| O|  |TAMS 0x00000000e1b00000, 0x00000000e1a00000| Untracked 
|  27|0x00000000e1b00000, 0x00000000e1c00000, 0x00000000e1c00000|100%| O|  |TAMS 0x00000000e1c00000, 0x00000000e1b00000| Untracked 
|  28|0x00000000e1c00000, 0x00000000e1d00000, 0x00000000e1d00000|100%| O|  |TAMS 0x00000000e1d00000, 0x00000000e1c00000| Untracked 
|  29|0x00000000e1d00000, 0x00000000e1e00000, 0x00000000e1e00000|100%| O|  |TAMS 0x00000000e1e00000, 0x00000000e1d00000| Untracked 
|  30|0x00000000e1e00000, 0x00000000e1f00000, 0x00000000e1f00000|100%| O|  |TAMS 0x00000000e1f00000, 0x00000000e1e00000| Untracked 
|  31|0x00000000e1f00000, 0x00000000e2000000, 0x00000000e2000000|100%| O|  |TAMS 0x00000000e2000000, 0x00000000e1f00000| Untracked 
|  32|0x00000000e2000000, 0x00000000e2100000, 0x00000000e2100000|100%| O|  |TAMS 0x00000000e2100000, 0x00000000e2000000| Untracked 
|  33|0x00000000e2100000, 0x00000000e2200000, 0x00000000e2200000|100%| O|  |TAMS 0x00000000e2200000, 0x00000000e2100000| Untracked 
|  34|0x00000000e2200000, 0x00000000e2300000, 0x00000000e2300000|100%| O|  |TAMS 0x00000000e2300000, 0x00000000e2200000| Untracked 
|  35|0x00000000e2300000, 0x00000000e2400000, 0x00000000e2400000|100%| O|  |TAMS 0x00000000e23afa00, 0x00000000e2300000| Untracked 
|  36|0x00000000e2400000, 0x00000000e2500000, 0x00000000e2500000|100%| O|  |TAMS 0x00000000e2400000, 0x00000000e2400000| Untracked 
|  37|0x00000000e2500000, 0x00000000e2600000, 0x00000000e2600000|100%| O|  |TAMS 0x00000000e2500000, 0x00000000e2500000| Untracked 
|  38|0x00000000e2600000, 0x00000000e2700000, 0x00000000e2700000|100%| O|  |TAMS 0x00000000e2600000, 0x00000000e2600000| Untracked 
|  39|0x00000000e2700000, 0x00000000e2800000, 0x00000000e2800000|100%| O|  |TAMS 0x00000000e2700000, 0x00000000e2700000| Untracked 
|  40|0x00000000e2800000, 0x00000000e2900000, 0x00000000e2900000|100%| O|  |TAMS 0x00000000e2800000, 0x00000000e2800000| Untracked 
|  41|0x00000000e2900000, 0x00000000e2a00000, 0x00000000e2a00000|100%| O|  |TAMS 0x00000000e2900000, 0x00000000e2900000| Untracked 
|  42|0x00000000e2a00000, 0x00000000e2b00000, 0x00000000e2b00000|100%| O|  |TAMS 0x00000000e2a00000, 0x00000000e2a00000| Untracked 
|  43|0x00000000e2b00000, 0x00000000e2c00000, 0x00000000e2c00000|100%| O|  |TAMS 0x00000000e2b00000, 0x00000000e2b00000| Untracked 
|  44|0x00000000e2c00000, 0x00000000e2d00000, 0x00000000e2d00000|100%| O|  |TAMS 0x00000000e2c00000, 0x00000000e2c00000| Untracked 
|  45|0x00000000e2d00000, 0x00000000e2e00000, 0x00000000e2e00000|100%| O|  |TAMS 0x00000000e2d00000, 0x00000000e2d00000| Untracked 
|  46|0x00000000e2e00000, 0x00000000e2f00000, 0x00000000e2f00000|100%| O|  |TAMS 0x00000000e2e00000, 0x00000000e2e00000| Untracked 
|  47|0x00000000e2f00000, 0x00000000e3000000, 0x00000000e3000000|100%| O|  |TAMS 0x00000000e2f00000, 0x00000000e2f00000| Untracked 
|  48|0x00000000e3000000, 0x00000000e3100000, 0x00000000e3100000|100%| O|  |TAMS 0x00000000e3000000, 0x00000000e3000000| Untracked 
|  49|0x00000000e3100000, 0x00000000e3200000, 0x00000000e3200000|100%| O|  |TAMS 0x00000000e3100000, 0x00000000e3100000| Untracked 
|  50|0x00000000e3200000, 0x00000000e3300000, 0x00000000e3300000|100%| O|  |TAMS 0x00000000e3200000, 0x00000000e3200000| Untracked 
|  51|0x00000000e3300000, 0x00000000e3400000, 0x00000000e3400000|100%| O|  |TAMS 0x00000000e3300000, 0x00000000e3300000| Untracked 
|  52|0x00000000e3400000, 0x00000000e3500000, 0x00000000e3500000|100%| O|  |TAMS 0x00000000e3400000, 0x00000000e3400000| Untracked 
|  53|0x00000000e3500000, 0x00000000e3600000, 0x00000000e3600000|100%| O|  |TAMS 0x00000000e3500000, 0x00000000e3500000| Untracked 
|  54|0x00000000e3600000, 0x00000000e3700000, 0x00000000e3700000|100%| O|  |TAMS 0x00000000e3600000, 0x00000000e3600000| Untracked 
|  55|0x00000000e3700000, 0x00000000e3800000, 0x00000000e3800000|100%| O|  |TAMS 0x00000000e3700000, 0x00000000e3700000| Untracked 
|  56|0x00000000e3800000, 0x00000000e3900000, 0x00000000e3900000|100%| O|  |TAMS 0x00000000e3800000, 0x00000000e3800000| Untracked 
|  57|0x00000000e3900000, 0x00000000e3a00000, 0x00000000e3a00000|100%| O|  |TAMS 0x00000000e3900000, 0x00000000e3900000| Untracked 
|  58|0x00000000e3a00000, 0x00000000e3b00000, 0x00000000e3b00000|100%| O|  |TAMS 0x00000000e3a00000, 0x00000000e3a00000| Untracked 
|  59|0x00000000e3b00000, 0x00000000e3c00000, 0x00000000e3c00000|100%| O|  |TAMS 0x00000000e3b00000, 0x00000000e3b00000| Untracked 
|  60|0x00000000e3c00000, 0x00000000e3d00000, 0x00000000e3d00000|100%| O|  |TAMS 0x00000000e3c00000, 0x00000000e3c00000| Untracked 
|  61|0x00000000e3d00000, 0x00000000e3e00000, 0x00000000e3e00000|100%| O|  |TAMS 0x00000000e3d00000, 0x00000000e3d00000| Untracked 
|  62|0x00000000e3e00000, 0x00000000e3f00000, 0x00000000e3f00000|100%| O|  |TAMS 0x00000000e3e00000, 0x00000000e3e00000| Untracked 
|  63|0x00000000e3f00000, 0x00000000e4000000, 0x00000000e4000000|100%| O|  |TAMS 0x00000000e3f00000, 0x00000000e3f00000| Untracked 
|  64|0x00000000e4000000, 0x00000000e4100000, 0x00000000e4100000|100%| O|  |TAMS 0x00000000e4000000, 0x00000000e4000000| Untracked 
|  65|0x00000000e4100000, 0x00000000e4200000, 0x00000000e4200000|100%| O|  |TAMS 0x00000000e4100000, 0x00000000e4100000| Untracked 
|  66|0x00000000e4200000, 0x00000000e4300000, 0x00000000e4300000|100%| O|  |TAMS 0x00000000e4200000, 0x00000000e4200000| Untracked 
|  67|0x00000000e4300000, 0x00000000e4400000, 0x00000000e4400000|100%| O|  |TAMS 0x00000000e4300000, 0x00000000e4300000| Untracked 
|  68|0x00000000e4400000, 0x00000000e4500000, 0x00000000e4500000|100%| O|  |TAMS 0x00000000e4400000, 0x00000000e4400000| Untracked 
|  69|0x00000000e4500000, 0x00000000e4600000, 0x00000000e4600000|100%| O|  |TAMS 0x00000000e4500000, 0x00000000e4500000| Untracked 
|  70|0x00000000e4600000, 0x00000000e4700000, 0x00000000e4700000|100%| O|  |TAMS 0x00000000e4600000, 0x00000000e4600000| Untracked 
|  71|0x00000000e4700000, 0x00000000e4800000, 0x00000000e4800000|100%| O|  |TAMS 0x00000000e4700000, 0x00000000e4700000| Untracked 
|  72|0x00000000e4800000, 0x00000000e4900000, 0x00000000e4900000|100%| O|  |TAMS 0x00000000e4800000, 0x00000000e4800000| Untracked 
|  73|0x00000000e4900000, 0x00000000e4a00000, 0x00000000e4a00000|100%| O|  |TAMS 0x00000000e4900000, 0x00000000e4900000| Untracked 
|  74|0x00000000e4a00000, 0x00000000e4a68e00, 0x00000000e4b00000| 40%| O|  |TAMS 0x00000000e4a00000, 0x00000000e4a00000| Untracked 
|  75|0x00000000e4b00000, 0x00000000e4b00000, 0x00000000e4c00000|  0%| F|  |TAMS 0x00000000e4b00000, 0x00000000e4b00000| Untracked 
|  76|0x00000000e4c00000, 0x00000000e4c00000, 0x00000000e4d00000|  0%| F|  |TAMS 0x00000000e4c00000, 0x00000000e4c00000| Untracked 
|  77|0x00000000e4d00000, 0x00000000e4d00000, 0x00000000e4e00000|  0%| F|  |TAMS 0x00000000e4d00000, 0x00000000e4d00000| Untracked 
|  78|0x00000000e4e00000, 0x00000000e4e00000, 0x00000000e4f00000|  0%| F|  |TAMS 0x00000000e4e00000, 0x00000000e4e00000| Untracked 
|  79|0x00000000e4f00000, 0x00000000e4f00000, 0x00000000e5000000|  0%| F|  |TAMS 0x00000000e4f00000, 0x00000000e4f00000| Untracked 
|  80|0x00000000e5000000, 0x00000000e5000000, 0x00000000e5100000|  0%| F|  |TAMS 0x00000000e5000000, 0x00000000e5000000| Untracked 
|  81|0x00000000e5100000, 0x00000000e5100000, 0x00000000e5200000|  0%| F|  |TAMS 0x00000000e5100000, 0x00000000e5100000| Untracked 
|  82|0x00000000e5200000, 0x00000000e5200000, 0x00000000e5300000|  0%| F|  |TAMS 0x00000000e5200000, 0x00000000e5200000| Untracked 
|  83|0x00000000e5300000, 0x00000000e5300000, 0x00000000e5400000|  0%| F|  |TAMS 0x00000000e5300000, 0x00000000e5300000| Untracked 
|  84|0x00000000e5400000, 0x00000000e5400000, 0x00000000e5500000|  0%| F|  |TAMS 0x00000000e5400000, 0x00000000e5400000| Untracked 
|  85|0x00000000e5500000, 0x00000000e5500000, 0x00000000e5600000|  0%| F|  |TAMS 0x00000000e5500000, 0x00000000e5500000| Untracked 
|  86|0x00000000e5600000, 0x00000000e5600000, 0x00000000e5700000|  0%| F|  |TAMS 0x00000000e5600000, 0x00000000e5600000| Untracked 
|  87|0x00000000e5700000, 0x00000000e5700000, 0x00000000e5800000|  0%| F|  |TAMS 0x00000000e5700000, 0x00000000e5700000| Untracked 
|  88|0x00000000e5800000, 0x00000000e5800000, 0x00000000e5900000|  0%| F|  |TAMS 0x00000000e5800000, 0x00000000e5800000| Untracked 
|  89|0x00000000e5900000, 0x00000000e5900000, 0x00000000e5a00000|  0%| F|  |TAMS 0x00000000e5900000, 0x00000000e5900000| Untracked 
|  90|0x00000000e5a00000, 0x00000000e5a00000, 0x00000000e5b00000|  0%| F|  |TAMS 0x00000000e5a00000, 0x00000000e5a00000| Untracked 
|  91|0x00000000e5b00000, 0x00000000e5b00000, 0x00000000e5c00000|  0%| F|  |TAMS 0x00000000e5b00000, 0x00000000e5b00000| Untracked 
|  92|0x00000000e5c00000, 0x00000000e5c00000, 0x00000000e5d00000|  0%| F|  |TAMS 0x00000000e5c00000, 0x00000000e5c00000| Untracked 
|  93|0x00000000e5d00000, 0x00000000e5d00000, 0x00000000e5e00000|  0%| F|  |TAMS 0x00000000e5d00000, 0x00000000e5d00000| Untracked 
|  94|0x00000000e5e00000, 0x00000000e5e00000, 0x00000000e5f00000|  0%| F|  |TAMS 0x00000000e5e00000, 0x00000000e5e00000| Untracked 
|  95|0x00000000e5f00000, 0x00000000e5f00000, 0x00000000e6000000|  0%| F|  |TAMS 0x00000000e5f00000, 0x00000000e5f00000| Untracked 
|  96|0x00000000e6000000, 0x00000000e6000000, 0x00000000e6100000|  0%| F|  |TAMS 0x00000000e6000000, 0x00000000e6000000| Untracked 
|  97|0x00000000e6100000, 0x00000000e6100000, 0x00000000e6200000|  0%| F|  |TAMS 0x00000000e6100000, 0x00000000e6100000| Untracked 
|  98|0x00000000e6200000, 0x00000000e6200000, 0x00000000e6300000|  0%| F|  |TAMS 0x00000000e6200000, 0x00000000e6200000| Untracked 
|  99|0x00000000e6300000, 0x00000000e6300000, 0x00000000e6400000|  0%| F|  |TAMS 0x00000000e6300000, 0x00000000e6300000| Untracked 
| 100|0x00000000e6400000, 0x00000000e6400000, 0x00000000e6500000|  0%| F|  |TAMS 0x00000000e6400000, 0x00000000e6400000| Untracked 
| 101|0x00000000e6500000, 0x00000000e6500000, 0x00000000e6600000|  0%| F|  |TAMS 0x00000000e6500000, 0x00000000e6500000| Untracked 
| 102|0x00000000e6600000, 0x00000000e6600000, 0x00000000e6700000|  0%| F|  |TAMS 0x00000000e6600000, 0x00000000e6600000| Untracked 
| 103|0x00000000e6700000, 0x00000000e6700000, 0x00000000e6800000|  0%| F|  |TAMS 0x00000000e6700000, 0x00000000e6700000| Untracked 
| 104|0x00000000e6800000, 0x00000000e6800000, 0x00000000e6900000|  0%| F|  |TAMS 0x00000000e6800000, 0x00000000e6800000| Untracked 
| 105|0x00000000e6900000, 0x00000000e6900000, 0x00000000e6a00000|  0%| F|  |TAMS 0x00000000e6900000, 0x00000000e6900000| Untracked 
| 106|0x00000000e6a00000, 0x00000000e6a00000, 0x00000000e6b00000|  0%| F|  |TAMS 0x00000000e6a00000, 0x00000000e6a00000| Untracked 
| 107|0x00000000e6b00000, 0x00000000e6b00000, 0x00000000e6c00000|  0%| F|  |TAMS 0x00000000e6b00000, 0x00000000e6b00000| Untracked 
| 108|0x00000000e6c00000, 0x00000000e6c00000, 0x00000000e6d00000|  0%| F|  |TAMS 0x00000000e6c00000, 0x00000000e6c00000| Untracked 
| 109|0x00000000e6d00000, 0x00000000e6d00000, 0x00000000e6e00000|  0%| F|  |TAMS 0x00000000e6d00000, 0x00000000e6d00000| Untracked 
| 110|0x00000000e6e00000, 0x00000000e6e00000, 0x00000000e6f00000|  0%| F|  |TAMS 0x00000000e6e00000, 0x00000000e6e00000| Untracked 
| 111|0x00000000e6f00000, 0x00000000e6f00000, 0x00000000e7000000|  0%| F|  |TAMS 0x00000000e6f00000, 0x00000000e6f00000| Untracked 
| 112|0x00000000e7000000, 0x00000000e7000000, 0x00000000e7100000|  0%| F|  |TAMS 0x00000000e7000000, 0x00000000e7000000| Untracked 
| 113|0x00000000e7100000, 0x00000000e7100000, 0x00000000e7200000|  0%| F|  |TAMS 0x00000000e7100000, 0x00000000e7100000| Untracked 
| 114|0x00000000e7200000, 0x00000000e7200000, 0x00000000e7300000|  0%| F|  |TAMS 0x00000000e7200000, 0x00000000e7200000| Untracked 
| 115|0x00000000e7300000, 0x00000000e7300000, 0x00000000e7400000|  0%| F|  |TAMS 0x00000000e7300000, 0x00000000e7300000| Untracked 
| 116|0x00000000e7400000, 0x00000000e7400000, 0x00000000e7500000|  0%| F|  |TAMS 0x00000000e7400000, 0x00000000e7400000| Untracked 
| 117|0x00000000e7500000, 0x00000000e7500000, 0x00000000e7600000|  0%| F|  |TAMS 0x00000000e7500000, 0x00000000e7500000| Untracked 
| 118|0x00000000e7600000, 0x00000000e7600000, 0x00000000e7700000|  0%| F|  |TAMS 0x00000000e7600000, 0x00000000e7600000| Untracked 
| 119|0x00000000e7700000, 0x00000000e77957e0, 0x00000000e7800000| 58%| S|CS|TAMS 0x00000000e7700000, 0x00000000e7700000| Complete 
| 120|0x00000000e7800000, 0x00000000e7900000, 0x00000000e7900000|100%| S|CS|TAMS 0x00000000e7800000, 0x00000000e7800000| Complete 
| 121|0x00000000e7900000, 0x00000000e7a00000, 0x00000000e7a00000|100%| S|CS|TAMS 0x00000000e7900000, 0x00000000e7900000| Complete 
| 122|0x00000000e7a00000, 0x00000000e7b00000, 0x00000000e7b00000|100%| S|CS|TAMS 0x00000000e7a00000, 0x00000000e7a00000| Complete 
| 123|0x00000000e7b00000, 0x00000000e7c00000, 0x00000000e7c00000|100%| S|CS|TAMS 0x00000000e7b00000, 0x00000000e7b00000| Complete 
| 124|0x00000000e7c00000, 0x00000000e7d00000, 0x00000000e7d00000|100%| S|CS|TAMS 0x00000000e7c00000, 0x00000000e7c00000| Complete 
| 125|0x00000000e7d00000, 0x00000000e7d00000, 0x00000000e7e00000|  0%| F|  |TAMS 0x00000000e7d00000, 0x00000000e7d00000| Untracked 
| 126|0x00000000e7e00000, 0x00000000e7e00000, 0x00000000e7f00000|  0%| F|  |TAMS 0x00000000e7e00000, 0x00000000e7e00000| Untracked 
| 127|0x00000000e7f00000, 0x00000000e7f00000, 0x00000000e8000000|  0%| F|  |TAMS 0x00000000e7f00000, 0x00000000e7f00000| Untracked 
| 128|0x00000000e8000000, 0x00000000e8000000, 0x00000000e8100000|  0%| F|  |TAMS 0x00000000e8000000, 0x00000000e8000000| Untracked 
| 129|0x00000000e8100000, 0x00000000e8100000, 0x00000000e8200000|  0%| F|  |TAMS 0x00000000e8100000, 0x00000000e8100000| Untracked 
| 130|0x00000000e8200000, 0x00000000e8300000, 0x00000000e8300000|100%| S|CS|TAMS 0x00000000e8200000, 0x00000000e8200000| Complete 
| 131|0x00000000e8300000, 0x00000000e8300000, 0x00000000e8400000|  0%| F|  |TAMS 0x00000000e8300000, 0x00000000e8300000| Untracked 
| 132|0x00000000e8400000, 0x00000000e8400000, 0x00000000e8500000|  0%| F|  |TAMS 0x00000000e8400000, 0x00000000e8400000| Untracked 
| 133|0x00000000e8500000, 0x00000000e8500000, 0x00000000e8600000|  0%| F|  |TAMS 0x00000000e8500000, 0x00000000e8500000| Untracked 
| 134|0x00000000e8600000, 0x00000000e8600000, 0x00000000e8700000|  0%| F|  |TAMS 0x00000000e8600000, 0x00000000e8600000| Untracked 
| 135|0x00000000e8700000, 0x00000000e8700000, 0x00000000e8800000|  0%| F|  |TAMS 0x00000000e8700000, 0x00000000e8700000| Untracked 
| 136|0x00000000e8800000, 0x00000000e8800000, 0x00000000e8900000|  0%| F|  |TAMS 0x00000000e8800000, 0x00000000e8800000| Untracked 
| 137|0x00000000e8900000, 0x00000000e8900000, 0x00000000e8a00000|  0%| F|  |TAMS 0x00000000e8900000, 0x00000000e8900000| Untracked 
| 138|0x00000000e8a00000, 0x00000000e8a00000, 0x00000000e8b00000|  0%| F|  |TAMS 0x00000000e8a00000, 0x00000000e8a00000| Untracked 
| 139|0x00000000e8b00000, 0x00000000e8b00000, 0x00000000e8c00000|  0%| F|  |TAMS 0x00000000e8b00000, 0x00000000e8b00000| Untracked 
| 140|0x00000000e8c00000, 0x00000000e8c00000, 0x00000000e8d00000|  0%| F|  |TAMS 0x00000000e8c00000, 0x00000000e8c00000| Untracked 
| 141|0x00000000e8d00000, 0x00000000e8d00000, 0x00000000e8e00000|  0%| F|  |TAMS 0x00000000e8d00000, 0x00000000e8d00000| Untracked 
| 142|0x00000000e8e00000, 0x00000000e8e00000, 0x00000000e8f00000|  0%| F|  |TAMS 0x00000000e8e00000, 0x00000000e8e00000| Untracked 
| 143|0x00000000e8f00000, 0x00000000e8f00000, 0x00000000e9000000|  0%| F|  |TAMS 0x00000000e8f00000, 0x00000000e8f00000| Untracked 
| 144|0x00000000e9000000, 0x00000000e9000000, 0x00000000e9100000|  0%| F|  |TAMS 0x00000000e9000000, 0x00000000e9000000| Untracked 
| 145|0x00000000e9100000, 0x00000000e9100000, 0x00000000e9200000|  0%| F|  |TAMS 0x00000000e9100000, 0x00000000e9100000| Untracked 
| 146|0x00000000e9200000, 0x00000000e9200000, 0x00000000e9300000|  0%| F|  |TAMS 0x00000000e9200000, 0x00000000e9200000| Untracked 
| 147|0x00000000e9300000, 0x00000000e9300000, 0x00000000e9400000|  0%| F|  |TAMS 0x00000000e9300000, 0x00000000e9300000| Untracked 
| 148|0x00000000e9400000, 0x00000000e9400000, 0x00000000e9500000|  0%| F|  |TAMS 0x00000000e9400000, 0x00000000e9400000| Untracked 
| 149|0x00000000e9500000, 0x00000000e9500000, 0x00000000e9600000|  0%| F|  |TAMS 0x00000000e9500000, 0x00000000e9500000| Untracked 
| 150|0x00000000e9600000, 0x00000000e9600000, 0x00000000e9700000|  0%| F|  |TAMS 0x00000000e9600000, 0x00000000e9600000| Untracked 
| 151|0x00000000e9700000, 0x00000000e9700000, 0x00000000e9800000|  0%| F|  |TAMS 0x00000000e9700000, 0x00000000e9700000| Untracked 
| 152|0x00000000e9800000, 0x00000000e9800000, 0x00000000e9900000|  0%| F|  |TAMS 0x00000000e9800000, 0x00000000e9800000| Untracked 
| 153|0x00000000e9900000, 0x00000000e9900000, 0x00000000e9a00000|  0%| F|  |TAMS 0x00000000e9900000, 0x00000000e9900000| Untracked 
| 154|0x00000000e9a00000, 0x00000000e9a00000, 0x00000000e9b00000|  0%| F|  |TAMS 0x00000000e9a00000, 0x00000000e9a00000| Untracked 
| 155|0x00000000e9b00000, 0x00000000e9b00000, 0x00000000e9c00000|  0%| F|  |TAMS 0x00000000e9b00000, 0x00000000e9b00000| Untracked 
| 156|0x00000000e9c00000, 0x00000000e9c00000, 0x00000000e9d00000|  0%| F|  |TAMS 0x00000000e9c00000, 0x00000000e9c00000| Untracked 
| 157|0x00000000e9d00000, 0x00000000e9d00000, 0x00000000e9e00000|  0%| F|  |TAMS 0x00000000e9d00000, 0x00000000e9d00000| Untracked 
| 158|0x00000000e9e00000, 0x00000000e9e00000, 0x00000000e9f00000|  0%| F|  |TAMS 0x00000000e9e00000, 0x00000000e9e00000| Untracked 
| 159|0x00000000e9f00000, 0x00000000e9f00000, 0x00000000ea000000|  0%| F|  |TAMS 0x00000000e9f00000, 0x00000000e9f00000| Untracked 
| 160|0x00000000ea000000, 0x00000000ea000000, 0x00000000ea100000|  0%| F|  |TAMS 0x00000000ea000000, 0x00000000ea000000| Untracked 
| 161|0x00000000ea100000, 0x00000000ea100000, 0x00000000ea200000|  0%| F|  |TAMS 0x00000000ea100000, 0x00000000ea100000| Untracked 
| 162|0x00000000ea200000, 0x00000000ea200000, 0x00000000ea300000|  0%| F|  |TAMS 0x00000000ea200000, 0x00000000ea200000| Untracked 
| 163|0x00000000ea300000, 0x00000000ea300000, 0x00000000ea400000|  0%| F|  |TAMS 0x00000000ea300000, 0x00000000ea300000| Untracked 
| 164|0x00000000ea400000, 0x00000000ea400000, 0x00000000ea500000|  0%| F|  |TAMS 0x00000000ea400000, 0x00000000ea400000| Untracked 
| 165|0x00000000ea500000, 0x00000000ea500000, 0x00000000ea600000|  0%| F|  |TAMS 0x00000000ea500000, 0x00000000ea500000| Untracked 
| 166|0x00000000ea600000, 0x00000000ea600000, 0x00000000ea700000|  0%| F|  |TAMS 0x00000000ea600000, 0x00000000ea600000| Untracked 
| 167|0x00000000ea700000, 0x00000000ea700000, 0x00000000ea800000|  0%| F|  |TAMS 0x00000000ea700000, 0x00000000ea700000| Untracked 
| 168|0x00000000ea800000, 0x00000000ea800000, 0x00000000ea900000|  0%| F|  |TAMS 0x00000000ea800000, 0x00000000ea800000| Untracked 
| 169|0x00000000ea900000, 0x00000000ea900000, 0x00000000eaa00000|  0%| F|  |TAMS 0x00000000ea900000, 0x00000000ea900000| Untracked 
| 170|0x00000000eaa00000, 0x00000000eaa00000, 0x00000000eab00000|  0%| F|  |TAMS 0x00000000eaa00000, 0x00000000eaa00000| Untracked 
| 171|0x00000000eab00000, 0x00000000eab00000, 0x00000000eac00000|  0%| F|  |TAMS 0x00000000eab00000, 0x00000000eab00000| Untracked 
| 172|0x00000000eac00000, 0x00000000eac00000, 0x00000000ead00000|  0%| F|  |TAMS 0x00000000eac00000, 0x00000000eac00000| Untracked 
| 173|0x00000000ead00000, 0x00000000ead00000, 0x00000000eae00000|  0%| F|  |TAMS 0x00000000ead00000, 0x00000000ead00000| Untracked 
| 174|0x00000000eae00000, 0x00000000eae00000, 0x00000000eaf00000|  0%| F|  |TAMS 0x00000000eae00000, 0x00000000eae00000| Untracked 
| 175|0x00000000eaf00000, 0x00000000eaf00000, 0x00000000eb000000|  0%| F|  |TAMS 0x00000000eaf00000, 0x00000000eaf00000| Untracked 
| 176|0x00000000eb000000, 0x00000000eb000000, 0x00000000eb100000|  0%| F|  |TAMS 0x00000000eb000000, 0x00000000eb000000| Untracked 
| 177|0x00000000eb100000, 0x00000000eb100000, 0x00000000eb200000|  0%| F|  |TAMS 0x00000000eb100000, 0x00000000eb100000| Untracked 
| 178|0x00000000eb200000, 0x00000000eb200000, 0x00000000eb300000|  0%| F|  |TAMS 0x00000000eb200000, 0x00000000eb200000| Untracked 
| 179|0x00000000eb300000, 0x00000000eb300000, 0x00000000eb400000|  0%| F|  |TAMS 0x00000000eb300000, 0x00000000eb300000| Untracked 
| 180|0x00000000eb400000, 0x00000000eb400000, 0x00000000eb500000|  0%| F|  |TAMS 0x00000000eb400000, 0x00000000eb400000| Untracked 
| 181|0x00000000eb500000, 0x00000000eb500000, 0x00000000eb600000|  0%| F|  |TAMS 0x00000000eb500000, 0x00000000eb500000| Untracked 
| 182|0x00000000eb600000, 0x00000000eb600000, 0x00000000eb700000|  0%| F|  |TAMS 0x00000000eb600000, 0x00000000eb600000| Untracked 
| 183|0x00000000eb700000, 0x00000000eb700000, 0x00000000eb800000|  0%| F|  |TAMS 0x00000000eb700000, 0x00000000eb700000| Untracked 
| 184|0x00000000eb800000, 0x00000000eb800000, 0x00000000eb900000|  0%| F|  |TAMS 0x00000000eb800000, 0x00000000eb800000| Untracked 
| 185|0x00000000eb900000, 0x00000000eb900000, 0x00000000eba00000|  0%| F|  |TAMS 0x00000000eb900000, 0x00000000eb900000| Untracked 
| 186|0x00000000eba00000, 0x00000000eba00000, 0x00000000ebb00000|  0%| F|  |TAMS 0x00000000eba00000, 0x00000000eba00000| Untracked 
| 187|0x00000000ebb00000, 0x00000000ebb00000, 0x00000000ebc00000|  0%| F|  |TAMS 0x00000000ebb00000, 0x00000000ebb00000| Untracked 
| 188|0x00000000ebc00000, 0x00000000ebc00000, 0x00000000ebd00000|  0%| F|  |TAMS 0x00000000ebc00000, 0x00000000ebc00000| Untracked 
| 189|0x00000000ebd00000, 0x00000000ebd00000, 0x00000000ebe00000|  0%| F|  |TAMS 0x00000000ebd00000, 0x00000000ebd00000| Untracked 
| 190|0x00000000ebe00000, 0x00000000ebe00000, 0x00000000ebf00000|  0%| F|  |TAMS 0x00000000ebe00000, 0x00000000ebe00000| Untracked 
| 191|0x00000000ebf00000, 0x00000000ebf00000, 0x00000000ec000000|  0%| F|  |TAMS 0x00000000ebf00000, 0x00000000ebf00000| Untracked 
| 192|0x00000000ec000000, 0x00000000ec000000, 0x00000000ec100000|  0%| F|  |TAMS 0x00000000ec000000, 0x00000000ec000000| Untracked 
| 193|0x00000000ec100000, 0x00000000ec100000, 0x00000000ec200000|  0%| F|  |TAMS 0x00000000ec100000, 0x00000000ec100000| Untracked 
| 194|0x00000000ec200000, 0x00000000ec200000, 0x00000000ec300000|  0%| F|  |TAMS 0x00000000ec200000, 0x00000000ec200000| Untracked 
| 195|0x00000000ec300000, 0x00000000ec300000, 0x00000000ec400000|  0%| F|  |TAMS 0x00000000ec300000, 0x00000000ec300000| Untracked 
| 196|0x00000000ec400000, 0x00000000ec400000, 0x00000000ec500000|  0%| F|  |TAMS 0x00000000ec400000, 0x00000000ec400000| Untracked 
| 197|0x00000000ec500000, 0x00000000ec500000, 0x00000000ec600000|  0%| F|  |TAMS 0x00000000ec500000, 0x00000000ec500000| Untracked 
| 198|0x00000000ec600000, 0x00000000ec600000, 0x00000000ec700000|  0%| F|  |TAMS 0x00000000ec600000, 0x00000000ec600000| Untracked 
| 199|0x00000000ec700000, 0x00000000ec700000, 0x00000000ec800000|  0%| F|  |TAMS 0x00000000ec700000, 0x00000000ec700000| Untracked 
| 200|0x00000000ec800000, 0x00000000ec800000, 0x00000000ec900000|  0%| F|  |TAMS 0x00000000ec800000, 0x00000000ec800000| Untracked 
| 201|0x00000000ec900000, 0x00000000ec900000, 0x00000000eca00000|  0%| F|  |TAMS 0x00000000ec900000, 0x00000000ec900000| Untracked 
| 202|0x00000000eca00000, 0x00000000eca00000, 0x00000000ecb00000|  0%| F|  |TAMS 0x00000000eca00000, 0x00000000eca00000| Untracked 
| 203|0x00000000ecb00000, 0x00000000ecb00000, 0x00000000ecc00000|  0%| F|  |TAMS 0x00000000ecb00000, 0x00000000ecb00000| Untracked 
| 204|0x00000000ecc00000, 0x00000000ecc00000, 0x00000000ecd00000|  0%| F|  |TAMS 0x00000000ecc00000, 0x00000000ecc00000| Untracked 
| 205|0x00000000ecd00000, 0x00000000ecd00000, 0x00000000ece00000|  0%| F|  |TAMS 0x00000000ecd00000, 0x00000000ecd00000| Untracked 
| 206|0x00000000ece00000, 0x00000000ece00000, 0x00000000ecf00000|  0%| F|  |TAMS 0x00000000ece00000, 0x00000000ece00000| Untracked 
| 207|0x00000000ecf00000, 0x00000000ecf00000, 0x00000000ed000000|  0%| F|  |TAMS 0x00000000ecf00000, 0x00000000ecf00000| Untracked 
| 208|0x00000000ed000000, 0x00000000ed000000, 0x00000000ed100000|  0%| F|  |TAMS 0x00000000ed000000, 0x00000000ed000000| Untracked 
| 209|0x00000000ed100000, 0x00000000ed100000, 0x00000000ed200000|  0%| F|  |TAMS 0x00000000ed100000, 0x00000000ed100000| Untracked 
| 210|0x00000000ed200000, 0x00000000ed200000, 0x00000000ed300000|  0%| F|  |TAMS 0x00000000ed200000, 0x00000000ed200000| Untracked 
| 211|0x00000000ed300000, 0x00000000ed300000, 0x00000000ed400000|  0%| F|  |TAMS 0x00000000ed300000, 0x00000000ed300000| Untracked 
| 212|0x00000000ed400000, 0x00000000ed400000, 0x00000000ed500000|  0%| F|  |TAMS 0x00000000ed400000, 0x00000000ed400000| Untracked 
| 213|0x00000000ed500000, 0x00000000ed500000, 0x00000000ed600000|  0%| F|  |TAMS 0x00000000ed500000, 0x00000000ed500000| Untracked 
| 214|0x00000000ed600000, 0x00000000ed600000, 0x00000000ed700000|  0%| F|  |TAMS 0x00000000ed600000, 0x00000000ed600000| Untracked 
| 215|0x00000000ed700000, 0x00000000ed700000, 0x00000000ed800000|  0%| F|  |TAMS 0x00000000ed700000, 0x00000000ed700000| Untracked 
| 216|0x00000000ed800000, 0x00000000ed800000, 0x00000000ed900000|  0%| F|  |TAMS 0x00000000ed800000, 0x00000000ed800000| Untracked 
| 217|0x00000000ed900000, 0x00000000ed900000, 0x00000000eda00000|  0%| F|  |TAMS 0x00000000ed900000, 0x00000000ed900000| Untracked 
| 218|0x00000000eda00000, 0x00000000eda00000, 0x00000000edb00000|  0%| F|  |TAMS 0x00000000eda00000, 0x00000000eda00000| Untracked 
| 219|0x00000000edb00000, 0x00000000edb00000, 0x00000000edc00000|  0%| F|  |TAMS 0x00000000edb00000, 0x00000000edb00000| Untracked 
| 220|0x00000000edc00000, 0x00000000edc00000, 0x00000000edd00000|  0%| F|  |TAMS 0x00000000edc00000, 0x00000000edc00000| Untracked 
| 221|0x00000000edd00000, 0x00000000edd00000, 0x00000000ede00000|  0%| F|  |TAMS 0x00000000edd00000, 0x00000000edd00000| Untracked 
| 222|0x00000000ede00000, 0x00000000ede00000, 0x00000000edf00000|  0%| F|  |TAMS 0x00000000ede00000, 0x00000000ede00000| Untracked 
| 223|0x00000000edf00000, 0x00000000edf00000, 0x00000000ee000000|  0%| F|  |TAMS 0x00000000edf00000, 0x00000000edf00000| Untracked 
| 224|0x00000000ee000000, 0x00000000ee000000, 0x00000000ee100000|  0%| F|  |TAMS 0x00000000ee000000, 0x00000000ee000000| Untracked 
| 225|0x00000000ee100000, 0x00000000ee100000, 0x00000000ee200000|  0%| F|  |TAMS 0x00000000ee100000, 0x00000000ee100000| Untracked 
| 226|0x00000000ee200000, 0x00000000ee200000, 0x00000000ee300000|  0%| F|  |TAMS 0x00000000ee200000, 0x00000000ee200000| Untracked 
| 227|0x00000000ee300000, 0x00000000ee300000, 0x00000000ee400000|  0%| F|  |TAMS 0x00000000ee300000, 0x00000000ee300000| Untracked 
| 228|0x00000000ee400000, 0x00000000ee400000, 0x00000000ee500000|  0%| F|  |TAMS 0x00000000ee400000, 0x00000000ee400000| Untracked 
| 229|0x00000000ee500000, 0x00000000ee500000, 0x00000000ee600000|  0%| F|  |TAMS 0x00000000ee500000, 0x00000000ee500000| Untracked 
| 230|0x00000000ee600000, 0x00000000ee600000, 0x00000000ee700000|  0%| F|  |TAMS 0x00000000ee600000, 0x00000000ee600000| Untracked 
| 231|0x00000000ee700000, 0x00000000ee700000, 0x00000000ee800000|  0%| F|  |TAMS 0x00000000ee700000, 0x00000000ee700000| Untracked 
| 232|0x00000000ee800000, 0x00000000ee800000, 0x00000000ee900000|  0%| F|  |TAMS 0x00000000ee800000, 0x00000000ee800000| Untracked 
| 233|0x00000000ee900000, 0x00000000ee900000, 0x00000000eea00000|  0%| F|  |TAMS 0x00000000ee900000, 0x00000000ee900000| Untracked 
| 234|0x00000000eea00000, 0x00000000eea00000, 0x00000000eeb00000|  0%| F|  |TAMS 0x00000000eea00000, 0x00000000eea00000| Untracked 
| 235|0x00000000eeb00000, 0x00000000eeb00000, 0x00000000eec00000|  0%| F|  |TAMS 0x00000000eeb00000, 0x00000000eeb00000| Untracked 
| 236|0x00000000eec00000, 0x00000000eec00000, 0x00000000eed00000|  0%| F|  |TAMS 0x00000000eec00000, 0x00000000eec00000| Untracked 
| 237|0x00000000eed00000, 0x00000000eed00000, 0x00000000eee00000|  0%| F|  |TAMS 0x00000000eed00000, 0x00000000eed00000| Untracked 
| 238|0x00000000eee00000, 0x00000000eef00000, 0x00000000eef00000|100%| E|  |TAMS 0x00000000eee00000, 0x00000000eee00000| Complete 
| 239|0x00000000eef00000, 0x00000000ef000000, 0x00000000ef000000|100%| E|CS|TAMS 0x00000000eef00000, 0x00000000eef00000| Complete 
| 240|0x00000000ef000000, 0x00000000ef100000, 0x00000000ef100000|100%| E|CS|TAMS 0x00000000ef000000, 0x00000000ef000000| Complete 
| 241|0x00000000ef100000, 0x00000000ef200000, 0x00000000ef200000|100%| E|CS|TAMS 0x00000000ef100000, 0x00000000ef100000| Complete 
| 242|0x00000000ef200000, 0x00000000ef300000, 0x00000000ef300000|100%| E|CS|TAMS 0x00000000ef200000, 0x00000000ef200000| Complete 
| 243|0x00000000ef300000, 0x00000000ef400000, 0x00000000ef400000|100%| E|CS|TAMS 0x00000000ef300000, 0x00000000ef300000| Complete 
| 244|0x00000000ef400000, 0x00000000ef500000, 0x00000000ef500000|100%| E|CS|TAMS 0x00000000ef400000, 0x00000000ef400000| Complete 
| 245|0x00000000ef500000, 0x00000000ef600000, 0x00000000ef600000|100%| E|CS|TAMS 0x00000000ef500000, 0x00000000ef500000| Complete 
| 246|0x00000000ef600000, 0x00000000ef700000, 0x00000000ef700000|100%| E|CS|TAMS 0x00000000ef600000, 0x00000000ef600000| Complete 
| 247|0x00000000ef700000, 0x00000000ef800000, 0x00000000ef800000|100%| E|CS|TAMS 0x00000000ef700000, 0x00000000ef700000| Complete 
| 248|0x00000000ef800000, 0x00000000ef900000, 0x00000000ef900000|100%| E|CS|TAMS 0x00000000ef800000, 0x00000000ef800000| Complete 
| 249|0x00000000ef900000, 0x00000000efa00000, 0x00000000efa00000|100%| E|CS|TAMS 0x00000000ef900000, 0x00000000ef900000| Complete 
| 250|0x00000000efa00000, 0x00000000efb00000, 0x00000000efb00000|100%| E|CS|TAMS 0x00000000efa00000, 0x00000000efa00000| Complete 
| 251|0x00000000efb00000, 0x00000000efc00000, 0x00000000efc00000|100%| E|CS|TAMS 0x00000000efb00000, 0x00000000efb00000| Complete 
| 252|0x00000000efc00000, 0x00000000efd00000, 0x00000000efd00000|100%| E|CS|TAMS 0x00000000efc00000, 0x00000000efc00000| Complete 
| 253|0x00000000efd00000, 0x00000000efe00000, 0x00000000efe00000|100%| E|CS|TAMS 0x00000000efd00000, 0x00000000efd00000| Complete 
| 254|0x00000000efe00000, 0x00000000eff00000, 0x00000000eff00000|100%| E|CS|TAMS 0x00000000efe00000, 0x00000000efe00000| Complete 
| 255|0x00000000eff00000, 0x00000000f0000000, 0x00000000f0000000|100%| E|CS|TAMS 0x00000000eff00000, 0x00000000eff00000| Complete 

Card table byte_map: [0x000001d79df50000,0x000001d79e050000] _byte_map_base: 0x000001d79d850000

Marking Bits (Prev, Next): (CMBitMap*) 0x000001d78947aed0, (CMBitMap*) 0x000001d78947ae90
 Prev Bits: [0x000001d79e950000, 0x000001d79f150000)
 Next Bits: [0x000001d79e150000, 0x000001d79e950000)

Polling page: 0x000001d789220000

Metaspace:

Usage:
  Non-class:     58.09 MB used.
      Class:      8.88 MB used.
       Both:     66.97 MB used.

Virtual space:
  Non-class space:       64.00 MB reserved,      58.50 MB ( 91%) committed,  1 nodes.
      Class space:      320.00 MB reserved,       9.25 MB (  3%) committed,  1 nodes.
             Both:      384.00 MB reserved,      67.75 MB ( 18%) committed. 

Chunk freelists:
   Non-Class:  4.69 MB
       Class:  6.78 MB
        Both:  11.47 MB

MaxMetaspaceSize: 384.00 MB
CompressedClassSpaceSize: 320.00 MB
Initial GC threshold: 21.00 MB
Current GC threshold: 98.06 MB
CDS: off
MetaspaceReclaimPolicy: balanced
 - commit_granule_bytes: 65536.
 - commit_granule_words: 8192.
 - virtual_space_node_default_size: 8388608.
 - enlarge_chunks_in_place: 1.
 - new_chunks_are_fully_committed: 0.
 - uncommit_free_chunks: 1.
 - use_allocation_guard: 0.
 - handle_deallocations: 1.


Internal statistics:

num_allocs_failed_limit: 9.
num_arena_births: 1072.
num_arena_deaths: 0.
num_vsnodes_births: 2.
num_vsnodes_deaths: 0.
num_space_committed: 1084.
num_space_uncommitted: 0.
num_chunks_returned_to_freelist: 9.
num_chunks_taken_from_freelist: 3733.
num_chunk_merges: 6.
num_chunk_splits: 2301.
num_chunks_enlarged: 1282.
num_inconsistent_stats: 0.

CodeHeap 'non-profiled nmethods': size=120000Kb used=7368Kb max_used=7368Kb free=112631Kb
 bounds [0x000001d795ea0000, 0x000001d7965e0000, 0x000001d79d3d0000]
CodeHeap 'profiled nmethods': size=120000Kb used=23859Kb max_used=23859Kb free=96140Kb
 bounds [0x000001d78e3d0000, 0x000001d78fb20000, 0x000001d795900000]
CodeHeap 'non-nmethods': size=5760Kb used=2331Kb max_used=2413Kb free=3428Kb
 bounds [0x000001d795900000, 0x000001d795b70000, 0x000001d795ea0000]
 total_blobs=12352 nmethods=11502 adapters=762
 compilation: enabled
              stopped_count=0, restarted_count=0
 full_count=0

Compilation events (20 events):
Event: 53.493 Thread 0x000001d7a6062540 nmethod 13111 0x000001d78fb1b910 code [0x000001d78fb1bb00, 0x000001d78fb1c078]
Event: 53.496 Thread 0x000001d7a6061a90 nmethod 13109% 0x000001d7965b8110 code [0x000001d7965b82a0, 0x000001d7965b87f8]
Event: 53.500 Thread 0x000001d7a6061a90 13113       4       org.objectweb.asm.Frame::merge (395 bytes)
Event: 53.511 Thread 0x000001d7a6062540 13115       1       org.gradle.internal.service.DefaultServiceRegistry::asProvider (5 bytes)
Event: 53.511 Thread 0x000001d7a6062540 nmethod 13115 0x000001d7965b8a10 code [0x000001d7965b8ba0, 0x000001d7965b8c78]
Event: 53.519 Thread 0x000001d7a6062540 13116       1       org.gradle.groovy.scripts.CachingScriptSource::getResource (5 bytes)
Event: 53.519 Thread 0x000001d7a6062540 nmethod 13116 0x000001d7965b8d10 code [0x000001d7965b8ea0, 0x000001d7965b8f78]
Event: 53.521 Thread 0x000001d7a6062540 13117       3       org.gradle.initialization.DefaultProjectDescriptor::hashCode (22 bytes)
Event: 53.521 Thread 0x000001d7a6062540 nmethod 13117 0x000001d78fb1c290 code [0x000001d78fb1c460, 0x000001d78fb1c9c8]
Event: 53.528 Thread 0x000001d7a7febf50 nmethod 13112% 0x000001d7965b9010 code [0x000001d7965b9240, 0x000001d7965ba088]
Event: 53.528 Thread 0x000001d7a7febf50 13114       4       org.objectweb.asm.Frame::pop (42 bytes)
Event: 53.529 Thread 0x000001d7a7febf50 nmethod 13114 0x000001d7965baa10 code [0x000001d7965bab80, 0x000001d7965bac58]
Event: 53.541 Thread 0x000001d7a7febf50 13118       4       java.net.URI::quote (214 bytes)
Event: 53.542 Thread 0x000001d7a6062540 13119       3       org.gradle.internal.extensibility.ExtensibleDynamicObject::updateDelegates (149 bytes)
Event: 53.543 Thread 0x000001d7a6062540 nmethod 13119 0x000001d78fb1cb10 code [0x000001d78fb1cd60, 0x000001d78fb1deb8]
Event: 53.547 Thread 0x000001d7a7febf50 nmethod 13118 0x000001d7965bad10 code [0x000001d7965baea0, 0x000001d7965bb108]
Event: 53.568 Thread 0x000001d7a7febf50 13120       4       org.gradle.internal.instantiation.generator.DefaultInstantiatorFactory::decorateLenient (8 bytes)
Event: 53.568 Thread 0x000001d7a7febf50 nmethod 13120 0x000001d7965bb410 code [0x000001d7965bb580, 0x000001d7965bb618]
Event: 53.568 Thread 0x000001d7a7febf50 13121       4       org.gradle.cache.internal.DefaultCrossBuildInMemoryCacheFactory$AbstractCrossBuildInMemoryCache::getIfPresentWithoutLock (43 bytes)
Event: 53.573 Thread 0x000001d7a6062540 13122       3       sun.security.provider.ByteArrayAccess::i2bBig4 (10 bytes)

GC Heap History (20 events):
Event: 10.139 GC heap before
{Heap before GC invocations=6 (full 0):
 garbage-first heap   total 262144K, used 53618K [0x00000000e0000000, 0x0000000100000000)
  region size 1024K, 32 young (32768K), 1 survivors (1024K)
 Metaspace       used 35637K, committed 35968K, reserved 393216K
  class space    used 4889K, committed 5056K, reserved 327680K
}
Event: 10.144 GC heap after
{Heap after GC invocations=7 (full 0):
 garbage-first heap   total 262144K, used 24003K [0x00000000e0000000, 0x0000000100000000)
  region size 1024K, 2 young (2048K), 2 survivors (2048K)
 Metaspace       used 35637K, committed 35968K, reserved 393216K
  class space    used 4889K, committed 5056K, reserved 327680K
}
Event: 14.861 GC heap before
{Heap before GC invocations=8 (full 0):
 garbage-first heap   total 262144K, used 184771K [0x00000000e0000000, 0x0000000100000000)
  region size 1024K, 153 young (156672K), 2 survivors (2048K)
 Metaspace       used 54728K, committed 55232K, reserved 393216K
  class space    used 7358K, committed 7552K, reserved 327680K
}
Event: 14.878 GC heap after
{Heap after GC invocations=9 (full 0):
 garbage-first heap   total 262144K, used 36383K [0x00000000e0000000, 0x0000000100000000)
  region size 1024K, 14 young (14336K), 14 survivors (14336K)
 Metaspace       used 54728K, committed 55232K, reserved 393216K
  class space    used 7358K, committed 7552K, reserved 327680K
}
Event: 14.905 GC heap before
{Heap before GC invocations=9 (full 0):
 garbage-first heap   total 262144K, used 37407K [0x00000000e0000000, 0x0000000100000000)
  region size 1024K, 15 young (15360K), 14 survivors (14336K)
 Metaspace       used 54814K, committed 55296K, reserved 393216K
  class space    used 7372K, committed 7552K, reserved 327680K
}
Event: 14.916 GC heap after
{Heap after GC invocations=10 (full 0):
 garbage-first heap   total 262144K, used 37566K [0x00000000e0000000, 0x0000000100000000)
  region size 1024K, 2 young (2048K), 2 survivors (2048K)
 Metaspace       used 54814K, committed 55296K, reserved 393216K
  class space    used 7372K, committed 7552K, reserved 327680K
}
Event: 17.170 GC heap before
{Heap before GC invocations=10 (full 0):
 garbage-first heap   total 262144K, used 128702K [0x00000000e0000000, 0x0000000100000000)
  region size 1024K, 92 young (94208K), 2 survivors (2048K)
 Metaspace       used 59486K, committed 60096K, reserved 393216K
  class space    used 8103K, committed 8384K, reserved 327680K
}
Event: 17.182 GC heap after
{Heap after GC invocations=11 (full 0):
 garbage-first heap   total 262144K, used 47460K [0x00000000e0000000, 0x0000000100000000)
  region size 1024K, 12 young (12288K), 12 survivors (12288K)
 Metaspace       used 59486K, committed 60096K, reserved 393216K
  class space    used 8103K, committed 8384K, reserved 327680K
}
Event: 21.164 GC heap before
{Heap before GC invocations=12 (full 0):
 garbage-first heap   total 262144K, used 187748K [0x00000000e0000000, 0x0000000100000000)
  region size 1024K, 150 young (153600K), 12 survivors (12288K)
 Metaspace       used 64798K, committed 65472K, reserved 393216K
  class space    used 8794K, committed 9088K, reserved 327680K
}
Event: 21.182 GC heap after
{Heap after GC invocations=13 (full 0):
 garbage-first heap   total 262144K, used 59598K [0x00000000e0000000, 0x0000000100000000)
  region size 1024K, 12 young (12288K), 12 survivors (12288K)
 Metaspace       used 64798K, committed 65472K, reserved 393216K
  class space    used 8794K, committed 9088K, reserved 327680K
}
Event: 23.581 GC heap before
{Heap before GC invocations=13 (full 0):
 garbage-first heap   total 262144K, used 194766K [0x00000000e0000000, 0x0000000100000000)
  region size 1024K, 145 young (148480K), 12 survivors (12288K)
 Metaspace       used 66268K, committed 67008K, reserved 393216K
  class space    used 8916K, committed 9216K, reserved 327680K
}
Event: 23.595 GC heap after
{Heap after GC invocations=14 (full 0):
 garbage-first heap   total 262144K, used 65148K [0x00000000e0000000, 0x0000000100000000)
  region size 1024K, 7 young (7168K), 7 survivors (7168K)
 Metaspace       used 66268K, committed 67008K, reserved 393216K
  class space    used 8916K, committed 9216K, reserved 327680K
}
Event: 41.526 GC heap before
{Heap before GC invocations=14 (full 0):
 garbage-first heap   total 262144K, used 200316K [0x00000000e0000000, 0x0000000100000000)
  region size 1024K, 140 young (143360K), 7 survivors (7168K)
 Metaspace       used 67726K, committed 68544K, reserved 393216K
  class space    used 9061K, committed 9408K, reserved 327680K
}
Event: 41.546 GC heap after
{Heap after GC invocations=15 (full 0):
 garbage-first heap   total 262144K, used 69957K [0x00000000e0000000, 0x0000000100000000)
  region size 1024K, 12 young (12288K), 12 survivors (12288K)
 Metaspace       used 67726K, committed 68544K, reserved 393216K
  class space    used 9061K, committed 9408K, reserved 327680K
}
Event: 46.751 GC heap before
{Heap before GC invocations=15 (full 0):
 garbage-first heap   total 262144K, used 203077K [0x00000000e0000000, 0x0000000100000000)
  region size 1024K, 143 young (146432K), 12 survivors (12288K)
 Metaspace       used 68141K, committed 68992K, reserved 393216K
  class space    used 9068K, committed 9472K, reserved 327680K
}
Event: 46.766 GC heap after
{Heap after GC invocations=16 (full 0):
 garbage-first heap   total 262144K, used 77165K [0x00000000e0000000, 0x0000000100000000)
  region size 1024K, 15 young (15360K), 15 survivors (15360K)
 Metaspace       used 68141K, committed 68992K, reserved 393216K
  class space    used 9068K, committed 9472K, reserved 327680K
}
Event: 49.465 GC heap before
{Heap before GC invocations=16 (full 0):
 garbage-first heap   total 262144K, used 206189K [0x00000000e0000000, 0x0000000100000000)
  region size 1024K, 141 young (144384K), 15 survivors (15360K)
 Metaspace       used 68277K, committed 69120K, reserved 393216K
  class space    used 9070K, committed 9472K, reserved 327680K
}
Event: 49.480 GC heap after
{Heap after GC invocations=17 (full 0):
 garbage-first heap   total 262144K, used 81169K [0x00000000e0000000, 0x0000000100000000)
  region size 1024K, 12 young (12288K), 12 survivors (12288K)
 Metaspace       used 68277K, committed 69120K, reserved 393216K
  class space    used 9070K, committed 9472K, reserved 327680K
}
Event: 52.175 GC heap before
{Heap before GC invocations=17 (full 0):
 garbage-first heap   total 262144K, used 209169K [0x00000000e0000000, 0x0000000100000000)
  region size 1024K, 137 young (140288K), 12 survivors (12288K)
 Metaspace       used 68385K, committed 69248K, reserved 393216K
  class space    used 9072K, committed 9472K, reserved 327680K
}
Event: 52.186 GC heap after
{Heap after GC invocations=18 (full 0):
 garbage-first heap   total 262144K, used 82937K [0x00000000e0000000, 0x0000000100000000)
  region size 1024K, 7 young (7168K), 7 survivors (7168K)
 Metaspace       used 68385K, committed 69248K, reserved 393216K
  class space    used 9072K, committed 9472K, reserved 327680K
}

Dll operation events (4 events):
Event: 0.017 Loaded shared library C:\Users\mihai\.jdks\jbr-17.0.8\bin\java.dll
Event: 0.154 Loaded shared library C:\Users\mihai\.jdks\jbr-17.0.8\bin\jsvml.dll
Event: 0.441 Loaded shared library C:\Users\mihai\.jdks\jbr-17.0.8\bin\zip.dll
Event: 1.285 Loaded shared library C:\Users\mihai\.jdks\jbr-17.0.8\bin\verify.dll

Deoptimization events (20 events):
Event: 53.387 Thread 0x000001d7a7f55940 DEOPT PACKING pc=0x000001d796102e5c sp=0x00000068416fbc60
Event: 53.387 Thread 0x000001d7a7f55940 DEOPT UNPACKING pc=0x000001d7959569a3 sp=0x00000068416fbb98 mode 2
Event: 53.395 Thread 0x000001d7a7f55940 Uncommon trap: trap_request=0xffffffc6 fr.pc=0x000001d7963ea590 relative=0x0000000000000c50
Event: 53.395 Thread 0x000001d7a7f55940 Uncommon trap: reason=bimorphic_or_optimized_type_check action=maybe_recompile pc=0x000001d7963ea590 method=java.util.concurrent.ConcurrentHashMap.putAll(Ljava/util/Map;)V @ 23 c2
Event: 53.395 Thread 0x000001d7a7f55940 DEOPT PACKING pc=0x000001d7963ea590 sp=0x00000068416fb990
Event: 53.395 Thread 0x000001d7a7f55940 DEOPT UNPACKING pc=0x000001d7959569a3 sp=0x00000068416fb960 mode 2
Event: 53.446 Thread 0x000001d7a7f55940 Uncommon trap: trap_request=0xfffffff4 fr.pc=0x000001d7961fd81c relative=0x0000000000000f1c
Event: 53.446 Thread 0x000001d7a7f55940 Uncommon trap: reason=null_check action=make_not_entrant pc=0x000001d7961fd81c method=org.gradle.cache.internal.DefaultCrossBuildInMemoryCacheFactory$DefaultCrossBuildInMemoryCache.maybeGetRetainedValue(Ljava/lang/Object;)Ljava/lang/Object; @ 10 c2
Event: 53.446 Thread 0x000001d7a7f55940 DEOPT PACKING pc=0x000001d7961fd81c sp=0x00000068416fae20
Event: 53.446 Thread 0x000001d7a7f55940 DEOPT UNPACKING pc=0x000001d7959569a3 sp=0x00000068416fada8 mode 2
Event: 53.447 Thread 0x000001d7a7f55940 Uncommon trap: trap_request=0xffffffc6 fr.pc=0x000001d7963ea590 relative=0x0000000000000c50
Event: 53.447 Thread 0x000001d7a7f55940 Uncommon trap: reason=bimorphic_or_optimized_type_check action=maybe_recompile pc=0x000001d7963ea590 method=java.util.concurrent.ConcurrentHashMap.putAll(Ljava/util/Map;)V @ 23 c2
Event: 53.447 Thread 0x000001d7a7f55940 DEOPT PACKING pc=0x000001d7963ea590 sp=0x00000068416faad0
Event: 53.447 Thread 0x000001d7a7f55940 DEOPT UNPACKING pc=0x000001d7959569a3 sp=0x00000068416faaa0 mode 2
Event: 53.453 Thread 0x000001d7a722bfd0 Uncommon trap: trap_request=0xfffffff4 fr.pc=0x000001d7964be004 relative=0x0000000000000084
Event: 53.453 Thread 0x000001d7a722bfd0 Uncommon trap: reason=null_check action=make_not_entrant pc=0x000001d7964be004 method=java.lang.Integer.equals(Ljava/lang/Object;)Z @ 1 c2
Event: 53.453 Thread 0x000001d7a722bfd0 DEOPT PACKING pc=0x000001d7964be004 sp=0x00000068433fe740
Event: 53.453 Thread 0x000001d7a722bfd0 DEOPT UNPACKING pc=0x000001d7959569a3 sp=0x00000068433fe6e0 mode 2
Event: 53.541 Thread 0x000001d7a7f55940 DEOPT PACKING pc=0x000001d78e4755db sp=0x00000068416faa60
Event: 53.541 Thread 0x000001d7a7f55940 DEOPT UNPACKING pc=0x000001d795957143 sp=0x00000068416f9f98 mode 0

Classes unloaded (0 events):
No events

Classes redefined (0 events):
No events

Internal exceptions (20 events):
Event: 40.007 Thread 0x000001d7a7f55940 Exception <a 'java/lang/NoClassDefFoundError'{0x00000000e961c678}: org/graalvm/buildtools/gradle/NativeImagePlugin> (0x00000000e961c678) 
thrown [s\src\hotspot\share\oops\constantPool.cpp, line 835]
Event: 40.097 Thread 0x000001d7a7f55940 Exception <a 'java/lang/NoClassDefFoundError'{0x00000000e96f34c8}: org/jetbrains/kotlin/gradle/plugin/KotlinPluginWrapper> (0x00000000e96f34c8) 
thrown [s\src\hotspot\share\oops\constantPool.cpp, line 835]
Event: 40.097 Thread 0x000001d7a7f55940 Exception <a 'java/lang/NoClassDefFoundError'{0x00000000e96f5b10}: org/graalvm/buildtools/gradle/NativeImagePlugin> (0x00000000e96f5b10) 
thrown [s\src\hotspot\share\oops\constantPool.cpp, line 835]
Event: 40.191 Thread 0x000001d7a7f55940 Exception <a 'java/lang/NoClassDefFoundError'{0x00000000e94cf588}: org/jetbrains/kotlin/gradle/plugin/KotlinPluginWrapper> (0x00000000e94cf588) 
thrown [s\src\hotspot\share\oops\constantPool.cpp, line 835]
Event: 40.191 Thread 0x000001d7a7f55940 Exception <a 'java/lang/NoClassDefFoundError'{0x00000000e94d1bd0}: org/graalvm/buildtools/gradle/NativeImagePlugin> (0x00000000e94d1bd0) 
thrown [s\src\hotspot\share\oops\constantPool.cpp, line 835]
Event: 40.265 Thread 0x000001d7a7f55940 Exception <a 'java/lang/NoClassDefFoundError'{0x00000000e93c7488}: org/jetbrains/kotlin/gradle/plugin/KotlinPluginWrapper> (0x00000000e93c7488) 
thrown [s\src\hotspot\share\oops\constantPool.cpp, line 835]
Event: 40.265 Thread 0x000001d7a7f55940 Exception <a 'java/lang/NoClassDefFoundError'{0x00000000e93c9ad0}: org/graalvm/buildtools/gradle/NativeImagePlugin> (0x00000000e93c9ad0) 
thrown [s\src\hotspot\share\oops\constantPool.cpp, line 835]
Event: 40.353 Thread 0x000001d7a7f55940 Exception <a 'java/lang/NoClassDefFoundError'{0x00000000e911f6d0}: org/jetbrains/kotlin/gradle/plugin/KotlinPluginWrapper> (0x00000000e911f6d0) 
thrown [s\src\hotspot\share\oops\constantPool.cpp, line 835]
Event: 40.353 Thread 0x000001d7a7f55940 Exception <a 'java/lang/NoClassDefFoundError'{0x00000000e9121d18}: org/graalvm/buildtools/gradle/NativeImagePlugin> (0x00000000e9121d18) 
thrown [s\src\hotspot\share\oops\constantPool.cpp, line 835]
Event: 40.814 Thread 0x000001d7a7297690 Exception <a 'java/lang/NoSuchMethodError'{0x00000000e8e8aba8}: 'int java.lang.invoke.DirectMethodHandle$Holder.invokeSpecial(java.lang.Object, java.lang.Object, java.lang.Object, java.lang.Object, java.lang.Object)'> (0x00000000e8e8aba8) 
thrown [s\src\hotspot\share\interpreter\linkResolver.cpp, line 771]
Event: 53.446 Thread 0x000001d7a7f55940 Implicit null exception at 0x000001d7961fca33 to 0x000001d7961fd810
Event: 53.453 Thread 0x000001d7a722bfd0 Implicit null exception at 0x000001d7964bdfac to 0x000001d7964bdff4
Event: 53.494 Thread 0x000001d7a7f55940 Exception <a 'java/lang/ClassNotFoundException'{0x00000000ef69ffc8}: ijpathcollect2_1wdyo92jmw3thy83bvijdvpo0BeanInfo> (0x00000000ef69ffc8) 
thrown [s\src\hotspot\share\classfile\systemDictionary.cpp, line 256]
Event: 53.494 Thread 0x000001d7a7f55940 Exception <a 'java/lang/ClassNotFoundException'{0x00000000ef6a5cf0}: ijpathcollect2_1wdyo92jmw3thy83bvijdvpo0Customizer> (0x00000000ef6a5cf0) 
thrown [s\src\hotspot\share\classfile\systemDictionary.cpp, line 256]
Event: 53.504 Thread 0x000001d7a7f55940 Exception <a 'java/lang/ClassNotFoundException'{0x00000000ef58c650}: OutputPathCollectorService$Params_DecoratedBeanInfo> (0x00000000ef58c650) 
thrown [s\src\hotspot\share\classfile\systemDictionary.cpp, line 256]
Event: 53.505 Thread 0x000001d7a7f55940 Exception <a 'java/lang/ClassNotFoundException'{0x00000000ef591378}: OutputPathCollectorService$Params_DecoratedCustomizer> (0x00000000ef591378) 
thrown [s\src\hotspot\share\classfile\systemDictionary.cpp, line 256]
Event: 53.515 Thread 0x000001d7a7f55940 Exception <a 'sun/nio/fs/WindowsException'{0x00000000ef5c3158}> (0x00000000ef5c3158) 
thrown [s\src\hotspot\share\prims\jni.cpp, line 517]
Event: 53.516 Thread 0x000001d7a7f55940 Exception <a 'sun/nio/fs/WindowsException'{0x00000000ef5c46e0}> (0x00000000ef5c46e0) 
thrown [s\src\hotspot\share\prims\jni.cpp, line 517]
Event: 53.517 Thread 0x000001d7a7f55940 Exception <a 'sun/nio/fs/WindowsException'{0x00000000ef5c5c68}> (0x00000000ef5c5c68) 
thrown [s\src\hotspot\share\prims\jni.cpp, line 517]
Event: 53.517 Thread 0x000001d7a7f55940 Exception <a 'sun/nio/fs/WindowsException'{0x00000000ef5c71d0}> (0x00000000ef5c71d0) 
thrown [s\src\hotspot\share\prims\jni.cpp, line 517]

VM Operations (20 events):
Event: 46.610 Executing VM operation: Cleanup
Event: 46.610 Executing VM operation: Cleanup done
Event: 46.751 Executing VM operation: G1CollectForAllocation
Event: 46.767 Executing VM operation: G1CollectForAllocation done
Event: 47.778 Executing VM operation: Cleanup
Event: 47.779 Executing VM operation: Cleanup done
Event: 48.792 Executing VM operation: Cleanup
Event: 48.793 Executing VM operation: Cleanup done
Event: 49.465 Executing VM operation: G1CollectForAllocation
Event: 49.480 Executing VM operation: G1CollectForAllocation done
Event: 50.490 Executing VM operation: Cleanup
Event: 50.490 Executing VM operation: Cleanup done
Event: 50.506 Executing VM operation: HandshakeAllThreads
Event: 50.522 Executing VM operation: HandshakeAllThreads done
Event: 51.532 Executing VM operation: Cleanup
Event: 51.532 Executing VM operation: Cleanup done
Event: 52.175 Executing VM operation: G1CollectForAllocation
Event: 52.186 Executing VM operation: G1CollectForAllocation done
Event: 53.188 Executing VM operation: Cleanup
Event: 53.188 Executing VM operation: Cleanup done

Events (20 events):
Event: 52.391 Thread 0x000001d7a93a8380 Thread exited: 0x000001d7a93a8380
Event: 52.391 Thread 0x000001d7a7228310 Thread exited: 0x000001d7a7228310
Event: 52.391 Thread 0x000001d7a855ac90 Thread exited: 0x000001d7a855ac90
Event: 52.391 Thread 0x000001d7a855c0d0 Thread exited: 0x000001d7a855c0d0
Event: 52.399 Thread 0x000001d7a7296760 Thread exited: 0x000001d7a7296760
Event: 52.400 Thread 0x000001d7a7291150 Thread exited: 0x000001d7a7291150
Event: 52.414 Thread 0x000001d7a7292fb0 Thread exited: 0x000001d7a7292fb0
Event: 52.426 Thread 0x000001d7a7292aa0 Thread exited: 0x000001d7a7292aa0
Event: 52.431 Thread 0x000001d7a7295830 Thread exited: 0x000001d7a7295830
Event: 52.586 Thread 0x000001d7a7fec4a0 Thread exited: 0x000001d7a7fec4a0
Event: 53.217 Thread 0x000001d7a855e440 Thread added: 0x000001d7a855e440
Event: 53.347 Thread 0x000001d7a855c0d0 Thread added: 0x000001d7a855c0d0
Event: 53.374 Thread 0x000001d7a85579f0 Thread added: 0x000001d7a85579f0
Event: 53.376 Thread 0x000001d7a855b6b0 Thread added: 0x000001d7a855b6b0
Event: 53.377 Thread 0x000001d7a855bbc0 Thread added: 0x000001d7a855bbc0
Event: 53.400 Thread 0x000001d7a8559d60 Thread added: 0x000001d7a8559d60
Event: 53.407 Thread 0x000001d7a855df30 Thread added: 0x000001d7a855df30
Event: 53.417 Thread 0x000001d7a855a780 Thread added: 0x000001d7a855a780
Event: 53.435 Thread 0x000001d7a855d510 Thread added: 0x000001d7a855d510
Event: 53.523 Thread 0x000001d7a8556fd0 Thread added: 0x000001d7a8556fd0


Dynamic libraries:
0x00007ff7cff40000 - 0x00007ff7cff4a000 	C:\Users\mihai\.jdks\jbr-17.0.8\bin\java.exe
0x00007fff7ec90000 - 0x00007fff7eea6000 	C:\Windows\SYSTEM32\ntdll.dll
0x00007fff7d960000 - 0x00007fff7da24000 	C:\Windows\System32\KERNEL32.DLL
0x00007fff7c350000 - 0x00007fff7c6f6000 	C:\Windows\System32\KERNELBASE.dll
0x00007fff7c820000 - 0x00007fff7c931000 	C:\Windows\System32\ucrtbase.dll
0x00007fff45220000 - 0x00007fff45237000 	C:\Users\mihai\.jdks\jbr-17.0.8\bin\jli.dll
0x00007fff44040000 - 0x00007fff4405b000 	C:\Users\mihai\.jdks\jbr-17.0.8\bin\VCRUNTIME140.dll
0x00007fff7cc30000 - 0x00007fff7cddd000 	C:\Windows\System32\USER32.dll
0x00007fff7c320000 - 0x00007fff7c346000 	C:\Windows\System32\win32u.dll
0x00007fff66840000 - 0x00007fff66ad3000 	C:\Windows\WinSxS\amd64_microsoft.windows.common-controls_6595b64144ccf1df_6.0.22621.3235_none_270f74e173860f98\COMCTL32.dll
0x00007fff7de70000 - 0x00007fff7df17000 	C:\Windows\System32\msvcrt.dll
0x00007fff7ebc0000 - 0x00007fff7ebe9000 	C:\Windows\System32\GDI32.dll
0x00007fff7c700000 - 0x00007fff7c818000 	C:\Windows\System32\gdi32full.dll
0x00007fff7c280000 - 0x00007fff7c31a000 	C:\Windows\System32\msvcp_win.dll
0x00007fff7e080000 - 0x00007fff7e0b1000 	C:\Windows\System32\IMM32.DLL
0x00007fff5d4b0000 - 0x00007fff5d4bc000 	C:\Users\mihai\.jdks\jbr-17.0.8\bin\vcruntime140_1.dll
0x00007fff42af0000 - 0x00007fff42b7d000 	C:\Users\mihai\.jdks\jbr-17.0.8\bin\msvcp140.dll
0x00007fff3d5a0000 - 0x00007fff3e223000 	C:\Users\mihai\.jdks\jbr-17.0.8\bin\server\jvm.dll
0x00007fff7d7f0000 - 0x00007fff7d8a2000 	C:\Windows\System32\ADVAPI32.dll
0x00007fff7d740000 - 0x00007fff7d7e8000 	C:\Windows\System32\sechost.dll
0x00007fff7c940000 - 0x00007fff7c968000 	C:\Windows\System32\bcrypt.dll
0x00007fff7d0b0000 - 0x00007fff7d1c5000 	C:\Windows\System32\RPCRT4.dll
0x00007fff7bea0000 - 0x00007fff7beed000 	C:\Windows\SYSTEM32\POWRPROF.dll
0x00007fff76890000 - 0x00007fff76899000 	C:\Windows\SYSTEM32\WSOCK32.dll
0x00007fff7d030000 - 0x00007fff7d0a1000 	C:\Windows\System32\WS2_32.dll
0x00007fff73710000 - 0x00007fff73744000 	C:\Windows\SYSTEM32\WINMM.dll
0x00007fff72fc0000 - 0x00007fff72fca000 	C:\Windows\SYSTEM32\VERSION.dll
0x00007fff7be80000 - 0x00007fff7be93000 	C:\Windows\SYSTEM32\UMPDC.dll
0x00007fff7afe0000 - 0x00007fff7aff8000 	C:\Windows\SYSTEM32\kernel.appcore.dll
0x00007fff4cc20000 - 0x00007fff4cc2a000 	C:\Users\mihai\.jdks\jbr-17.0.8\bin\jimage.dll
0x00007fff791b0000 - 0x00007fff793e3000 	C:\Windows\SYSTEM32\DBGHELP.DLL
0x00007fff7da30000 - 0x00007fff7ddb8000 	C:\Windows\System32\combase.dll
0x00007fff7d650000 - 0x00007fff7d727000 	C:\Windows\System32\OLEAUT32.dll
0x00007fff5d7c0000 - 0x00007fff5d7f2000 	C:\Windows\SYSTEM32\dbgcore.DLL
0x00007fff7c200000 - 0x00007fff7c27a000 	C:\Windows\System32\bcryptPrimitives.dll
0x00007fff6a530000 - 0x00007fff6a53e000 	C:\Users\mihai\.jdks\jbr-17.0.8\bin\instrument.dll
0x00007fff43760000 - 0x00007fff43785000 	C:\Users\mihai\.jdks\jbr-17.0.8\bin\java.dll
0x00007fff43740000 - 0x00007fff43758000 	C:\Users\mihai\.jdks\jbr-17.0.8\bin\zip.dll
0x00007fff40d50000 - 0x00007fff40e27000 	C:\Users\mihai\.jdks\jbr-17.0.8\bin\jsvml.dll
0x00007fff7e250000 - 0x00007fff7eaad000 	C:\Windows\System32\SHELL32.dll
0x00007fff79ee0000 - 0x00007fff7a7d8000 	C:\Windows\SYSTEM32\windows.storage.dll
0x00007fff79da0000 - 0x00007fff79ede000 	C:\Windows\SYSTEM32\wintypes.dll
0x00007fff7eab0000 - 0x00007fff7eba3000 	C:\Windows\System32\SHCORE.dll
0x00007fff7ebf0000 - 0x00007fff7ec4e000 	C:\Windows\System32\shlwapi.dll
0x00007fff7bf00000 - 0x00007fff7bf26000 	C:\Windows\SYSTEM32\profapi.dll
0x00007fff43720000 - 0x00007fff43739000 	C:\Users\mihai\.jdks\jbr-17.0.8\bin\net.dll
0x00007fff735c0000 - 0x00007fff736f7000 	C:\Windows\SYSTEM32\WINHTTP.dll
0x00007fff7b490000 - 0x00007fff7b4f9000 	C:\Windows\system32\mswsock.dll
0x00007fff42ad0000 - 0x00007fff42ae6000 	C:\Users\mihai\.jdks\jbr-17.0.8\bin\nio.dll
0x00007fff437e0000 - 0x00007fff437f0000 	C:\Users\mihai\.jdks\jbr-17.0.8\bin\verify.dll
0x00007fff6a430000 - 0x00007fff6a457000 	C:\Users\mihai\.gradle\native\68d5fa5c4cc2d200863cafc0d521ce42e7d3e7ee720ec0a83991735586a16f82\windows-amd64\native-platform.dll
0x00007fff43ac0000 - 0x00007fff43c04000 	C:\Users\mihai\.gradle\native\e376f236ea51e6404a007f0833ffe2c6e607c4080706a723a18a27aeea778392\windows-amd64\native-platform-file-events.dll
0x00007fff6a420000 - 0x00007fff6a429000 	C:\Users\mihai\.jdks\jbr-17.0.8\bin\management.dll
0x00007fff6a410000 - 0x00007fff6a41b000 	C:\Users\mihai\.jdks\jbr-17.0.8\bin\management_ext.dll
0x00007fff7e0c0000 - 0x00007fff7e0c8000 	C:\Windows\System32\PSAPI.DLL
0x00007fff7b6e0000 - 0x00007fff7b6fb000 	C:\Windows\SYSTEM32\CRYPTSP.dll
0x00007fff7af40000 - 0x00007fff7af75000 	C:\Windows\system32\rsaenh.dll
0x00007fff7b580000 - 0x00007fff7b5ac000 	C:\Windows\SYSTEM32\USERENV.dll
0x00007fff7b700000 - 0x00007fff7b70c000 	C:\Windows\SYSTEM32\CRYPTBASE.dll
0x00007fff7aa70000 - 0x00007fff7aa9d000 	C:\Windows\SYSTEM32\IPHLPAPI.DLL
0x00007fff7d730000 - 0x00007fff7d739000 	C:\Windows\System32\NSI.dll
0x00007fff73770000 - 0x00007fff73789000 	C:\Windows\SYSTEM32\dhcpcsvc6.DLL
0x00007fff731f0000 - 0x00007fff7320f000 	C:\Windows\SYSTEM32\dhcpcsvc.DLL
0x00007fff7aaa0000 - 0x00007fff7ab99000 	C:\Windows\SYSTEM32\DNSAPI.dll
0x00007fff6a400000 - 0x00007fff6a40e000 	C:\Users\mihai\.jdks\jbr-17.0.8\bin\sunmscapi.dll
0x00007fff7c090000 - 0x00007fff7c1f6000 	C:\Windows\System32\CRYPT32.dll
0x00007fff7b8a0000 - 0x00007fff7b8ce000 	C:\Windows\SYSTEM32\ncrypt.dll
0x00007fff7b860000 - 0x00007fff7b897000 	C:\Windows\SYSTEM32\NTASN1.dll
0x00007ffef1f30000 - 0x00007ffef1f38000 	C:\Windows\system32\wshunix.dll

dbghelp: loaded successfully - version: 4.0.5 - missing functions: none
symbol engine: initialized successfully - sym options: 0x614 - pdb path: .;C:\Users\mihai\.jdks\jbr-17.0.8\bin;C:\Windows\SYSTEM32;C:\Windows\WinSxS\amd64_microsoft.windows.common-controls_6595b64144ccf1df_6.0.22621.3235_none_270f74e173860f98;C:\Users\mihai\.jdks\jbr-17.0.8\bin\server;C:\Users\mihai\.gradle\native\68d5fa5c4cc2d200863cafc0d521ce42e7d3e7ee720ec0a83991735586a16f82\windows-amd64;C:\Users\mihai\.gradle\native\e376f236ea51e6404a007f0833ffe2c6e607c4080706a723a18a27aeea778392\windows-amd64

VM Arguments:
jvm_args: --add-opens=java.base/java.util=ALL-UNNAMED --add-opens=java.base/java.lang=ALL-UNNAMED --add-opens=java.base/java.lang.invoke=ALL-UNNAMED --add-opens=java.prefs/java.util.prefs=ALL-UNNAMED --add-opens=java.base/java.nio.charset=ALL-UNNAMED --add-opens=java.base/java.net=ALL-UNNAMED --add-opens=java.base/java.util.concurrent.atomic=ALL-UNNAMED -XX:MaxMetaspaceSize=384m -XX:+HeapDumpOnOutOfMemoryError -Xms256m -Xmx512m -Dfile.encoding=windows-1251 -Duser.country=RU -Duser.language=ru -Duser.variant -javaagent:C:\Users\mihai\.gradle\wrapper\dists\gradle-8.2-bin\bbg7u40eoinfdyxsxr3z4i7ta\gradle-8.2\lib\agents\gradle-instrumentation-agent-8.2.jar 
java_command: org.gradle.launcher.daemon.bootstrap.GradleDaemon 8.2
java_class_path (initial): C:\Users\mihai\.gradle\wrapper\dists\gradle-8.2-bin\bbg7u40eoinfdyxsxr3z4i7ta\gradle-8.2\lib\gradle-launcher-8.2.jar
Launcher Type: SUN_STANDARD

[Global flags]
     intx CICompilerCount                          = 4                                         {product} {ergonomic}
   size_t CompressedClassSpaceSize                 = 335544320                                 {product} {ergonomic}
     uint ConcGCThreads                            = 2                                         {product} {ergonomic}
     uint G1ConcRefinementThreads                  = 8                                         {product} {ergonomic}
   size_t G1HeapRegionSize                         = 1048576                                   {product} {ergonomic}
    uintx GCDrainStackTargetSize                   = 64                                        {product} {ergonomic}
     bool HeapDumpOnOutOfMemoryError               = true                                   {manageable} {command line}
   size_t InitialHeapSize                          = 268435456                                 {product} {command line}
   size_t MarkStackSize                            = 4194304                                   {product} {ergonomic}
   size_t MaxHeapSize                              = 536870912                                 {product} {command line}
   size_t MaxMetaspaceSize                         = 402653184                                 {product} {command line}
   size_t MaxNewSize                               = 321912832                                 {product} {ergonomic}
   size_t MinHeapDeltaBytes                        = 1048576                                   {product} {ergonomic}
   size_t MinHeapSize                              = 268435456                                 {product} {command line}
    uintx NonNMethodCodeHeapSize                   = 5839372                                {pd product} {ergonomic}
    uintx NonProfiledCodeHeapSize                  = 122909434                              {pd product} {ergonomic}
    uintx ProfiledCodeHeapSize                     = 122909434                              {pd product} {ergonomic}
    uintx ReservedCodeCacheSize                    = 251658240                              {pd product} {ergonomic}
     bool SegmentedCodeCache                       = true                                      {product} {ergonomic}
   size_t SoftMaxHeapSize                          = 536870912                              {manageable} {ergonomic}
     bool UseCompressedClassPointers               = true                           {product lp64_product} {ergonomic}
     bool UseCompressedOops                        = true                           {product lp64_product} {ergonomic}
     bool UseG1GC                                  = true                                      {product} {ergonomic}
     bool UseLargePagesIndividualAllocation        = false                                  {pd product} {ergonomic}

Logging:
Log output configuration:
 #0: stdout all=warning uptime,level,tags
 #1: stderr all=off uptime,level,tags

Environment Variables:
PATH=C:\ProgramData\Oracle\Java\javapath;C:\Program Files (x86)\Common Files\Oracle\Java\javapath;C:\Program Files (x86)\NVIDIA Corporation\PhysX\Common;C:\Program Files\Eclipse Adoptium\jdk-17.0.6.10-hotspot\bin;C:\Windows\system32;C:\Windows;C:\Windows\System32\Wbem;C:\Windows\System32\WindowsPowerShell\v1.0\;C:\Windows\System32\OpenSSH\;C:\ProgramData\chocolatey\bin;C:\Windows\System32;C:\Program Files\Git\cmd;D:\flutter\flutter\bin;C:\Program Files\Git\usr\bin;C:\Program Files\dotnet\;C:\tools\lxrunoffline;;C:\Program Files\PowerShell\7\;C:\Program Files\Docker\Docker\resources\bin;C:\Program Files\Go\bin;C:\Users\mihai\AppData\Local\Microsoft\WindowsApps;D:\Games\programmmist\Microsoft VS Code\bin;C:\tools\flutter\bin;";C:\Program Files\Git\bin\git.exe;C:\Program Files\Git\cmd";D:\flutter\flutter\bin;D:\atest\IntelliJ IDEA 2023.3.2\bin;;C:\Users\mihai\AppData\Local\Programs\Microsoft VS Code\bin;D:\tmp\PyCharm 2023.1.3\bin;;D:\flutter\andros;C:\Users\mihai\go\bin
USERNAME=mihai
OS=Windows_NT
PROCESSOR_IDENTIFIER=AMD64 Family 23 Model 24 Stepping 1, AuthenticAMD
TMP=C:\Users\mihai\AppData\Local\Temp
TEMP=C:\Users\mihai\AppData\Local\Temp


JNI global refs:
JNI global refs: 27, weak refs: 16

JNI global refs memory usage: 843, weak refs: 841

OOME stack traces (most recent first):
Classloader memory used:
